06-22 17:05:59.603 16600 16600 E LauncherApplication: PathClassLoader: dalvik.system.PathClassLoader[DexPathList[[zip file "/system/framework/android.test.mock.jar", zip file "/system/framework/android.test.runner.jar", zip file "/system/framework/org.simalliance.openmobileapi.jar", zip file "/data/app/com.eg.android.AlipayGphone-mZ5v7HuWyG8rbAIWiEtcoA==/base.apk"],nativeLibraryDirectories=[/data/app/com.eg.android.AlipayGphone-mZ5v7HuWyG8rbAIWiEtcoA==/lib/arm, /data/app/com.eg.android.AlipayGphone-mZ5v7HuWyG8rbAIWiEtcoA==/base.apk!/lib/armeabi, /system/lib, /vendor/lib]]]
06-22 17:05:59.613   527 16567 I FDVT_Drv: Final: HW_NUM:0, Filter_NUM:0, SKIP_NUM:0
06-22 17:05:59.614   527 16567 D SWFD_MAIN: SWFDMain face num is 0
06-22 17:05:59.634 16600 16600 W screencap: type=1400 audit(0.0:2155238): avc: denied { read } for comm=69646C6520636865636B6572 name="stat" dev="proc" ino=4026532064 scontext=u:r:untrusted_app:s0:c512,c768 tcontext=u:object_r:proc_stat:s0 tclass=file permissive=0
06-22 17:05:59.653   528   625 E connsyslogger: Bootup Log: 8 log files!
06-22 17:05:59.672 16600 16600 E LauncherApplication: PathClassLoader, after addExtraNativeLib: dalvik.system.PathClassLoader[DexPathList[[zip file "/system/framework/android.test.mock.jar", zip file "/system/framework/android.test.runner.jar", zip file "/system/framework/org.simalliance.openmobileapi.jar", zip file "/data/app/com.eg.android.AlipayGphone-mZ5v7HuWyG8rbAIWiEtcoA==/base.apk"],nativeLibraryDirectories=[/data/user/0/com.eg.android.AlipayGphone/app_plugins_lib, /data/app/com.eg.android.AlipayGphone-mZ5v7HuWyG8rbAIWiEtcoA==/lib/arm, /data/app/com.eg.android.AlipayGphone-mZ5v7HuWyG8rbAIWiEtcoA==/base.apk!/lib/armeabi, /system/lib, /vendor/lib]]]
06-22 17:05:59.673   527 16567 I FDVT_Drv: Final: HW_NUM:0, Filter_NUM:0, SKIP_NUM:0
06-22 17:05:59.674   527 16567 D SWFD_MAIN: SWFDMain face num is 0
06-22 17:05:59.677   368   368 W /system/bin/hw/android.hidl.allocator@1.0-service: ashmem_create_region(4096) returning hidl_memory(0xb4ca2470, 4096)
06-22 17:05:59.683   528   616 D connsyslogger: SD_LOG_ROOT is /mnt/sdcard/mtklog/connsyslog/fw.
06-22 17:05:59.684   527   527 W Camera@Display: type=1400 audit(0.0:2155239): avc: denied { read } for name="u:object_r:camera_prop:s0" dev="tmpfs" ino=1389 scontext=u:r:mtk_hal_camera:s0 tcontext=u:object_r:camera_prop:s0 tclass=file permissive=0
06-22 17:05:59.690   527 16476 E libc    : Access denied finding property "persist.camera.mi.iso"
06-22 17:05:59.704 16600 16600 I LauncherApplication: LauncherApplication.NEED_SYNC=false
06-22 17:05:59.751 16600 16637 D AccessibilityManager: AccessibilityManager status: mPackageName = com.eg.android.AlipayGphone, mOptimizeEnabled = false, mIsEnabled = false, mIsUiAutomationEnabled = false, mIsInterestedPackage =false
06-22 17:05:59.759   368   368 W /system/bin/hw/android.hidl.allocator@1.0-service: ashmem_create_region(4096) returning hidl_memory(0xb4ca2470, 4096)
06-22 17:05:59.763   527 16567 I FDVT_Drv: Final: HW_NUM:0, Filter_NUM:0, SKIP_NUM:0
06-22 17:05:59.763   527 16567 D SWFD_MAIN: SWFDMain face num is 0
06-22 17:05:59.774   527 16476 I MtkCam/DisplayClient: [DisplayClient::enquePrvOps] fps: 11.264938 = 23 / 2041733385 ns
06-22 17:05:59.774   527 16483 W MtkCam/Selector: [updateQueueBufferLocked] container is full, del_num(1) = (que size(4) + using(0) + wait(0) - max(4)
06-22 17:05:59.817   972  9595 I ActivityManager: Start proc 16677:com.eg.android.AlipayGphone:tools/u0a131 for service com.eg.android.AlipayGphone/com.alipay.mobile.common.logging.process.LogServiceInToolsProcess caller=com.eg.android.AlipayGphone
06-22 17:05:59.837   368   368 W /system/bin/hw/android.hidl.allocator@1.0-service: ashmem_create_region(4096) returning hidl_memory(0xb4ca2470, 4096)
06-22 17:05:59.849   527 16567 I FDVT_Drv: Final: HW_NUM:0, Filter_NUM:0, SKIP_NUM:0
06-22 17:05:59.849   527 16567 D SWFD_MAIN: SWFDMain face num is 0
06-22 17:05:59.853   527 16483 W MtkCam/Selector: [updateQueueBufferLocked] container is full, del_num(1) = (que size(4) + using(0) + wait(0) - max(4)
06-22 17:05:59.891 16677 16677 I zygote  : The ClassLoaderContext is a special shared library.
06-22 17:05:59.893 16677 16677 I zygote  : The ClassLoaderContext is a special shared library.
06-22 17:05:59.903 16600 16600 V Instrumentation: callApplicationOnCreate(app=com.alipay.mobile.quinox.LauncherApplication@2dc280f)
06-22 17:05:59.906 16677 16677 W ResourceType: No package identifier when getting name for resource number 0x00000000
06-22 17:05:59.906   527 16567 I FDVT_Drv: Final: HW_NUM:0, Filter_NUM:0, SKIP_NUM:0
06-22 17:05:59.906   527 16567 D SWFD_MAIN: SWFDMain face num is 0
06-22 17:05:59.918   368   368 W /system/bin/hw/android.hidl.allocator@1.0-service: ashmem_create_region(4096) returning hidl_memory(0xb4ca2470, 4096)
06-22 17:05:59.933   527 16483 W MtkCam/Selector: [updateQueueBufferLocked] container is full, del_num(1) = (que size(4) + using(0) + wait(0) - max(4)
06-22 17:05:59.998   368   368 W /system/bin/hw/android.hidl.allocator@1.0-service: ashmem_create_region(4096) returning hidl_memory(0xb4ca2470, 4096)
06-22 17:06:00.000   972  1067 D MtkDataShapingUtils: openLteGateByDataShaping datashaping instance is null
06-22 17:06:00.005  1153  1153 D KeyguardUpdateMonitor: handleTimeUpdate
06-22 17:06:00.009   527 16567 I FDVT_Drv: Final: HW_NUM:0, Filter_NUM:0, SKIP_NUM:0
06-22 17:06:00.010   527 16567 D SWFD_MAIN: SWFDMain face num is 0
06-22 17:06:00.024   527 16476 E libc    : Access denied finding property "persist.camera.mi.iso"
06-22 17:06:00.014   527   527 W Camera@Display: type=1400 audit(0.0:2155240): avc: denied { read } for name="u:object_r:camera_prop:s0" dev="tmpfs" ino=1389 scontext=u:r:mtk_hal_camera:s0 tcontext=u:object_r:camera_prop:s0 tclass=file permissive=0
06-22 17:06:00.025   527 16483 W MtkCam/Selector: [updateQueueBufferLocked] container is full, del_num(1) = (que size(4) + using(0) + wait(0) - max(4)
06-22 17:06:00.035   395   428 I BufferQueueProducer: [StatusBar#0](this:0xab860000,id:6,api:1,p:1153,c:395) queueBuffer: fps=5.93 dur=1685.68 max=1376.55 min=11.80
06-22 17:06:00.052   527 16476 I MtkCam/Utils: {CamProfile}[DisplayClient::enquePrvOps] GraphicBufferMapper::unlock: (1-th) ===> ( overtime > 1 ms) [start-->now: 2 ms] [last-->now: 2 ms]
06-22 17:06:00.092   368   368 W /system/bin/hw/android.hidl.allocator@1.0-service: ashmem_create_region(4096) returning hidl_memory(0xb4ca2470, 4096)
06-22 17:06:00.098 15986 15986 D CAM_FocusView: msg=5 true
06-22 17:06:00.101 15986 16481 I BufferQueueProducer: [SurfaceTexture-0-15986-0](this:0xa0c78000,id:0,api:4,p:504,c:15986) queueBuffer: fps=12.97 dur=1002.55 max=118.72 min=41.77
06-22 17:06:00.105   527 16483 W MtkCam/Selector: [updateQueueBufferLocked] container is full, del_num(1) = (que size(4) + using(0) + wait(0) - max(4)
06-22 17:06:00.109   527 16567 I FDVT_Drv: Final: HW_NUM:0, Filter_NUM:0, SKIP_NUM:0
06-22 17:06:00.109   527 16567 D SWFD_MAIN: SWFDMain face num is 0
06-22 17:06:00.114 16677 16677 W payGphone:tools: type=1400 audit(0.0:2155241): avc: denied { read } for name="version" dev="proc" ino=4026532066 scontext=u:r:untrusted_app:s0:c512,c768 tcontext=u:object_r:proc:s0 tclass=file permissive=0
06-22 17:06:00.131   395   428 I BufferQueueProducer: [SurfaceView - com.android.camera/com.android.camera.Camera#0](this:0xa94ac000,id:10644,api:1,p:15986,c:395) queueBuffer: fps=12.80 dur=1015.55 max=124.51 min=41.86
06-22 17:06:00.158   368   368 W /system/bin/hw/android.hidl.allocator@1.0-service: ashmem_create_region(4096) returning hidl_memory(0xb4ca2470, 4096)
06-22 17:06:00.177   527 16483 W MtkCam/Selector: [updateQueueBufferLocked] container is full, del_num(1) = (que size(4) + using(0) + wait(0) - max(4)
06-22 17:06:00.178 16677 16677 E LauncherApplication: PathClassLoader: dalvik.system.PathClassLoader[DexPathList[[zip file "/system/framework/android.test.mock.jar", zip file "/system/framework/android.test.runner.jar", zip file "/system/framework/org.simalliance.openmobileapi.jar", zip file "/data/app/com.eg.android.AlipayGphone-mZ5v7HuWyG8rbAIWiEtcoA==/base.apk"],nativeLibraryDirectories=[/data/app/com.eg.android.AlipayGphone-mZ5v7HuWyG8rbAIWiEtcoA==/lib/arm, /data/app/com.eg.android.AlipayGphone-mZ5v7HuWyG8rbAIWiEtcoA==/base.apk!/lib/armeabi, /system/lib, /vendor/lib]]]
06-22 17:06:00.183   527 16567 I FDVT_Drv: Final: HW_NUM:0, Filter_NUM:0, SKIP_NUM:0
06-22 17:06:00.184   527 16567 D SWFD_MAIN: SWFDMain face num is 0
06-22 17:06:00.238   368   368 W /system/bin/hw/android.hidl.allocator@1.0-service: ashmem_create_region(4096) returning hidl_memory(0xb4ca2470, 4096)
06-22 17:06:00.243 16677 16677 E LauncherApplication: PathClassLoader, after addExtraNativeLib: dalvik.system.PathClassLoader[DexPathList[[zip file "/system/framework/android.test.mock.jar", zip file "/system/framework/android.test.runner.jar", zip file "/system/framework/org.simalliance.openmobileapi.jar", zip file "/data/app/com.eg.android.AlipayGphone-mZ5v7HuWyG8rbAIWiEtcoA==/base.apk"],nativeLibraryDirectories=[/data/user/0/com.eg.android.AlipayGphone/app_plugins_lib, /data/app/com.eg.android.AlipayGphone-mZ5v7HuWyG8rbAIWiEtcoA==/lib/arm, /data/app/com.eg.android.AlipayGphone-mZ5v7HuWyG8rbAIWiEtcoA==/base.apk!/lib/armeabi, /system/lib, /vendor/lib]]]
06-22 17:06:00.255 16677 16677 I LauncherApplication: LauncherApplication.NEED_SYNC=false
06-22 17:06:00.256   527 16483 W MtkCam/Selector: [updateQueueBufferLocked] container is full, del_num(1) = (que size(4) + using(0) + wait(0) - max(4)
06-22 17:06:00.258   527 16567 I FDVT_Drv: Final: HW_NUM:0, Filter_NUM:0, SKIP_NUM:0
06-22 17:06:00.258   527 16567 D SWFD_MAIN: SWFDMain face num is 0
06-22 17:06:00.304   395   395 I DisplayDevice: [Built-in Screen (type:0)] fps:30.901243,dur:1067.92,max:109.02,min:15.53
06-22 17:06:00.313   527 16567 I FDVT_Drv: Final: HW_NUM:0, Filter_NUM:0, SKIP_NUM:0
06-22 17:06:00.314   527 16567 D SWFD_MAIN: SWFDMain face num is 0
06-22 17:06:00.317   368   368 W /system/bin/hw/android.hidl.allocator@1.0-service: ashmem_create_region(4096) returning hidl_memory(0xb4ca2470, 4096)
06-22 17:06:00.334   527   527 W Camera@Display: type=1400 audit(0.0:2155242): avc: denied { read } for name="u:object_r:camera_prop:s0" dev="tmpfs" ino=1389 scontext=u:r:mtk_hal_camera:s0 tcontext=u:object_r:camera_prop:s0 tclass=file permissive=0
06-22 17:06:00.335   527 16476 E libc    : Access denied finding property "persist.camera.mi.iso"
06-22 17:06:00.337   527 16483 W MtkCam/Selector: [updateQueueBufferLocked] container is full, del_num(1) = (que size(4) + using(0) + wait(0) - max(4)
06-22 17:06:00.350   492 16550 D MPE     : mtk_gps_mnl_trigger_mpe: mpemsg len=0
06-22 17:06:00.359 16677 16717 D AccessibilityManager: AccessibilityManager status: mPackageName = com.eg.android.AlipayGphone, mOptimizeEnabled = false, mIsEnabled = false, mIsUiAutomationEnabled = false, mIsInterestedPackage =false
06-22 17:06:00.371   492 16550 D MPE     : mtk_gps_mnl_trigger_mpe: mpemsg len=0
06-22 17:06:00.372   492 16550 D pseudo  : mtk_gps_sys_nmea_output_to_mnld: received 1049 bytes:
06-22 17:06:00.373   492 16550 D pseudo  : mtk_gps_sys_nmea_output_to_app: len:1049, [NMEA]$GNGGA,090600.01...
06-22 17:06:00.373   492 16550 D gps_controlller: mtk_gps_sys_gps_mnl_callback: msg:0
06-22 17:06:00.374   492 16550 D gps_controlller: send_active_notify: send clean nmea timer cmd!
06-22 17:06:00.374   492 16550 D gps_controlller: mtk_gps_sys_gps_mnl_callback: MTK_GPS_MSG_FIX_READY,GET_RTC_FAIL
06-22 17:06:00.375   492 16550 D pseudo  : mtk_gps_sys_nmea_output_to_app: len:46, [vAGPS_Auto_Req]:g_FirstDbtt:0,u2BitMap:0x10f
06-22 17:06:00.375   492   626 D gps_controlller: gps_control_thread: gps_control_thread wait
06-22 17:06:00.378   537   554 D agps    : [agps][n][AGPS] [MNL] write  pmtk  [$PMTK680,1,FFFFF510*7F
06-22 17:06:00.378   537   554 D agps    :  ]
06-22 17:06:00.393   527 16567 I FDVT_Drv: Final: HW_NUM:0, Filter_NUM:0, SKIP_NUM:0
06-22 17:06:00.393   527 16567 D SWFD_MAIN: SWFDMain face num is 0
06-22 17:06:00.398   368   368 W /system/bin/hw/android.hidl.allocator@1.0-service: ashmem_create_region(4096) returning hidl_memory(0xb4ca2470, 4096)
06-22 17:06:00.405 16677 16677 V Instrumentation: callApplicationOnCreate(app=com.alipay.mobile.quinox.LauncherApplication@68bd09c)
06-22 17:06:00.415 15986 15986 D CAM_CameraManager: setOneShotPreviewCallback: com.android.zxing.QRCodeManager$1@5c766c9
06-22 17:06:00.416   527 16483 W MtkCam/Selector: [updateQueueBufferLocked] container is full, del_num(1) = (que size(4) + using(0) + wait(0) - max(4)
06-22 17:06:00.434 16677 16717 E System  :  ********** PLEASE READ ************
06-22 17:06:00.434 16677 16717 E System  :  *
06-22 17:06:00.434 16677 16717 E System  :  * New versions of the Android SDK no longer support the Crypto provider.
06-22 17:06:00.434 16677 16717 E System  :  * If your app was relying on setSeed() to derive keys from strings, you
06-22 17:06:00.434 16677 16717 E System  :  * should switch to using SecretKeySpec to load raw key bytes directly OR
06-22 17:06:00.434 16677 16717 E System  :  * use a real key derivation function (KDF). See advice here :
06-22 17:06:00.434 16677 16717 E System  :  * http://android-developers.blogspot.com/2016/06/security-crypto-provider-deprecated-in.html
06-22 17:06:00.435 16677 16717 E System  :  ***********************************
06-22 17:06:00.478   368   368 W /system/bin/hw/android.hidl.allocator@1.0-service: ashmem_create_region(4096) returning hidl_memory(0xb4ca2470, 4096)
06-22 17:06:00.493   527 16567 I FDVT_Drv: Final: HW_NUM:0, Filter_NUM:0, SKIP_NUM:0
06-22 17:06:00.493   527 16567 D SWFD_MAIN: SWFDMain face num is 0
06-22 17:06:00.494   527 16483 W MtkCam/Selector: [updateQueueBufferLocked] container is full, del_num(1) = (que size(4) + using(0) + wait(0) - max(4)
06-22 17:06:00.495   527 16464 I MtkCam/FrameController: [bufferControl][prvcb] FirstFrameDelay(1559727887)ms
06-22 17:06:00.510   527 16464 I MtkCam/FrameController: [bufferControl][prvcb] FirstFrameDelay(1559727887)ms
06-22 17:06:00.512   527 16464 I MtkCam/PrvCB: (16464)[onClientThreadLoop] mOneShotSleepCount 0
06-22 17:06:00.517   527 16464 I MtkCam/PrvCB: (16464)[onClientThreadLoop] mOneShotSleepCount 1
06-22 17:06:00.522   527 16464 I MtkCam/PrvCB: (16464)[onClientThreadLoop] mOneShotSleepCount 2
06-22 17:06:00.527   527 16464 I MtkCam/PrvCB: (16464)[onClientThreadLoop] mOneShotSleepCount 3
06-22 17:06:00.530   492   628 D qepo    : curl_easy_download_quarter_epo_bd: qbdepo file curl_easy_download res = 0
06-22 17:06:00.530   492   628 D qepo    : curl_easy_download_quarter_epo_bd: chmod res_val = 0, Success
06-22 17:06:00.530   492   628 D qepo    : is_quarter_epo_bd_valid: gps_time.wn, tow 2058, 551176
06-22 17:06:00.530   492   628 D qepo    : is_quarter_epo_bd_valid: Request GPS time: Sat Jun 22 09:06:16 2019
06-22 17:06:00.530   492   628 D qepo    : mtk_gps_sys_qepo_bd_has_epo: BD QEPO has epo(0xff000005)!!!
06-22 17:06:00.530   492   628 D qepo    : mtk_gps_sys_qepo_bd_get_sv_cnt: sv cnt(0xbffcbfff):28
06-22 17:06:00.530   492   628 D qepo    : is_quarter_epo_bd_valid: qepo bd file size:2088
06-22 17:06:00.530   492   628 D qepo    : is_quarter_epo_bd_valid: The Start time of QEPO file is 1561028400
06-22 17:06:00.530   492   628 D qepo    : is_quarter_epo_bd_valid: The start time of QEPO file is Thu Jun 20 19:00:00 2019
06-22 17:06:00.530   492   628 D qepo    :
06-22 17:06:00.530   492   628 D qepo    : is_quarter_epo_bd_valid: Time after download: Sat Jun 22 09:06:18 2019
06-22 17:06:00.530   492   628 D qepo    :
06-22 17:06:00.530   492   628 E qepo    : is_quarter_epo_bd_valid: qepo bd file time check error
06-22 17:06:00.531   492   628 D qepo    : qepo_bd_file_update_impl: qepo_bd_valid is -1, has epo:1, file time correct:0, file size correct:1
06-22 17:06:00.531   492   628 W qepo    : qepo_event_hdlr: mnld_qepo_bd_download() after
06-22 17:06:00.531   492   628 D qepo    : qepo_downloader_thread: qepo_downloader_thread wait
06-22 17:06:00.531   492   637 D MNLD    : mnld_main_thread: main_event_hdlr msg
06-22 17:06:00.531   492   637 D MNLD    : main_event_hdlr: QEPO2MAIN_EVENT_QEPO_BD_DONE  result=-1 started=1
06-22 17:06:00.533   527 16464 I MtkCam/PrvCB: (16464)[onClientThreadLoop] mOneShotSleepCount 4
06-22 17:06:00.537  1788 16429 I ADB_SERVICES: host-23: remote read failed for transport
06-22 17:06:00.537  1788 16429 I ADB_SERVICES: host-23: read_transport thread is exiting
06-22 17:06:00.538  1788  1788 I ADB_SERVICES: recv: SYNC 00000000 00000000 0000
06-22 17:06:00.538   527 16464 I MtkCam/PrvCB: (16464)[onClientThreadLoop] mOneShotSleepCount 5
06-22 17:06:00.538  1788 16428 I ADB_SERVICES: host-23: write_transport thread is exiting, fd 25
06-22 17:06:00.543   527 16464 I MtkCam/PrvCB: (16464)[onClientThreadLoop] mOneShotSleepCount 6
06-22 17:06:00.548   527 16464 I MtkCam/PrvCB: (16464)[onClientThreadLoop] mOneShotSleepCount 7
06-22 17:06:00.551   527 16567 I FDVT_Drv: Final: HW_NUM:0, Filter_NUM:0, SKIP_NUM:0
06-22 17:06:00.552   527 16567 D SWFD_MAIN: SWFDMain face num is 0
06-22 17:06:00.553   527 16464 I MtkCam/PrvCB: (16464)[onClientThreadLoop] mOneShotSleepCount 8
06-22 17:06:00.558   527 16464 I MtkCam/PrvCB: (16464)[onClientThreadLoop] mOneShotSleepCount 9
06-22 17:06:00.559   368   368 W /system/bin/hw/android.hidl.allocator@1.0-service: ashmem_create_region(4096) returning hidl_memory(0xb4ca2470, 4096)
06-22 17:06:00.563   527 16464 I MtkCam/PrvCB: (16464)[onClientThreadLoop] mOneShotSleepCount 10
06-22 17:06:00.569   527 16464 I MtkCam/PrvCB: (16464)[onClientThreadLoop] Preview client disabled, Msg(0) Prv(1) BufQueueRunning(0)
06-22 17:06:00.574   527 16483 W MtkCam/Selector: [updateQueueBufferLocked] container is full, del_num(1) = (que size(4) + using(0) + wait(0) - max(4)
06-22 17:06:00.638   368   368 W /system/bin/hw/android.hidl.allocator@1.0-service: ashmem_create_region(4096) returning hidl_memory(0xb4ca2470, 4096)
06-22 17:06:00.634 16600 16600 W screencap: type=1400 audit(0.0:2155243): avc: denied { read } for comm=69646C6520636865636B6572 name="stat" dev="proc" ino=4026532064 scontext=u:r:untrusted_app:s0:c512,c768 tcontext=u:object_r:proc_stat:s0 tclass=file permissive=0
06-22 17:06:00.648   527 16567 I FDVT_Drv: Final: HW_NUM:0, Filter_NUM:0, SKIP_NUM:0
06-22 17:06:00.648   527 16567 D SWFD_MAIN: SWFDMain face num is 0
06-22 17:06:00.644   527   527 W Camera@Display: type=1400 audit(0.0:2155244): avc: denied { read } for name="u:object_r:camera_prop:s0" dev="tmpfs" ino=1389 scontext=u:r:mtk_hal_camera:s0 tcontext=u:object_r:camera_prop:s0 tclass=file permissive=0
06-22 17:06:00.653   527 16483 W MtkCam/Selector: [updateQueueBufferLocked] container is full, del_num(1) = (que size(4) + using(0) + wait(0) - max(4)
06-22 17:06:00.653   527 16476 E libc    : Access denied finding property "persist.camera.mi.iso"
06-22 17:06:00.705   527 16567 I FDVT_Drv: Final: HW_NUM:0, Filter_NUM:0, SKIP_NUM:0
06-22 17:06:00.706   527 16567 D SWFD_MAIN: SWFDMain face num is 0
06-22 17:06:00.721   368   368 W /system/bin/hw/android.hidl.allocator@1.0-service: ashmem_create_region(4096) returning hidl_memory(0xb4ca2470, 4096)
06-22 17:06:00.739   527 16483 W MtkCam/Selector: [updateQueueBufferLocked] container is full, del_num(1) = (que size(4) + using(0) + wait(0) - max(4)
06-22 17:06:00.804   368   368 W /system/bin/hw/android.hidl.allocator@1.0-service: ashmem_create_region(4096) returning hidl_memory(0xb4ca2470, 4096)
06-22 17:06:00.813   527 16567 I FDVT_Drv: Final: HW_NUM:0, Filter_NUM:0, SKIP_NUM:0
06-22 17:06:00.813   527 16567 D SWFD_MAIN: SWFDMain face num is 0
06-22 17:06:00.826   527 16483 W MtkCam/Selector: [updateQueueBufferLocked] container is full, del_num(1) = (que size(4) + using(0) + wait(0) - max(4)
06-22 17:06:00.874   527 16567 I FDVT_Drv: Final: HW_NUM:0, Filter_NUM:0, SKIP_NUM:0
06-22 17:06:00.875   527 16567 D SWFD_MAIN: SWFDMain face num is 0
06-22 17:06:00.885   368   368 W /system/bin/hw/android.hidl.allocator@1.0-service: ashmem_create_region(4096) returning hidl_memory(0xb4ca2470, 4096)
06-22 17:06:00.892  1788 16760 I ADB_SERVICES: host-20: starting write_transport thread, reading from fd 25
06-22 17:06:00.892  1788 16761 I ADB_SERVICES: host-20: starting read_transport thread on fd 25, SYNC online (2)
06-22 17:06:00.892  1788  1788 I ADB_SERVICES: recv: SYNC 00000001 00000002 0000
06-22 17:06:00.896  1788 16761 I ADB_SERVICES: host-20: read_transport thread read CNXN (count=2)
06-22 17:06:00.896  1788  1788 I ADB_SERVICES: recv: CNXN 01000000 00001000 0007 host::
06-22 17:06:00.897  1788  1788 I adbd    : Calling send_auth_request...
06-22 17:06:00.907   527 16483 W MtkCam/Selector: [updateQueueBufferLocked] container is full, del_num(1) = (que size(4) + using(0) + wait(0) - max(4)
06-22 17:06:00.922  1788  1788 I adbd    : Loading keys from /data/misc/adb/adb_keys
06-22 17:06:00.929  1788  1788 I adbd    : adb client authorized
06-22 17:06:00.930  1788 16760 I ADB_SERVICES: host-20: write_transport thread send CNXN, (count=2), active(1)
06-22 17:06:00.930  1788 16760 I ADB_SERVICES: host-20: write_transport sent CNXN
06-22 17:06:00.962   368   368 W /system/bin/hw/android.hidl.allocator@1.0-service: ashmem_create_region(4096) returning hidl_memory(0xb4ca2470, 4096)
06-22 17:06:00.981   527 16567 I FDVT_Drv: Final: HW_NUM:0, Filter_NUM:0, SKIP_NUM:0
06-22 17:06:00.981   527 16567 D SWFD_MAIN: SWFDMain face num is 0
06-22 17:06:00.983   527 16483 W MtkCam/Selector: [updateQueueBufferLocked] container is full, del_num(1) = (que size(4) + using(0) + wait(0) - max(4)
06-22 17:06:00.974   527   527 W Camera@Display: type=1400 audit(0.0:2155245): avc: denied { read } for name="u:object_r:camera_prop:s0" dev="tmpfs" ino=1389 scontext=u:r:mtk_hal_camera:s0 tcontext=u:object_r:camera_prop:s0 tclass=file permissive=0
06-22 17:06:00.983   527 16476 E libc    : Access denied finding property "persist.camera.mi.iso"
06-22 17:06:00.995  1788  1788 I ADB_SERVICES: service_to_fd root:
06-22 17:06:00.995  1788  1788 I ADB_SERVICES: service thread started, 26:27
06-22 17:06:01.033   527 16567 I FDVT_Drv: Final: HW_NUM:0, Filter_NUM:0, SKIP_NUM:0
06-22 17:06:01.033   527 16567 D SWFD_MAIN: SWFDMain face num is 0
06-22 17:06:01.045   368   368 W /system/bin/hw/android.hidl.allocator@1.0-service: ashmem_create_region(4096) returning hidl_memory(0xb4ca2470, 4096)
06-22 17:06:01.066   527 16483 W MtkCam/Selector: [updateQueueBufferLocked] container is full, del_num(1) = (que size(4) + using(0) + wait(0) - max(4)
06-22 17:06:01.109  1788  1788 I ADB_SERVICES: service_to_fd remount:
06-22 17:06:01.110  1788  1788 I ADB_SERVICES: service thread started, 26:27
06-22 17:06:01.123   368   368 W /system/bin/hw/android.hidl.allocator@1.0-service: ashmem_create_region(4096) returning hidl_memory(0xb4ca2470, 4096)
06-22 17:06:01.141   527 16567 I FDVT_Drv: Final: HW_NUM:0, Filter_NUM:0, SKIP_NUM:0
06-22 17:06:01.141   527 16567 D SWFD_MAIN: SWFDMain face num is 0
06-22 17:06:01.146   527 16483 W MtkCam/Selector: [updateQueueBufferLocked] container is full, del_num(1) = (que size(4) + using(0) + wait(0) - max(4)
06-22 17:06:01.148 15986 16481 I BufferQueueProducer: [SurfaceTexture-0-15986-0](this:0xa0c78000,id:0,api:4,p:504,c:15986) queueBuffer: fps=12.42 dur=1046.64 max=127.45 min=30.25
06-22 17:06:01.159   395   428 I BufferQueueProducer: [SurfaceView - com.android.camera/com.android.camera.Camera#0](this:0xa94ac000,id:10644,api:1,p:15986,c:395) queueBuffer: fps=12.66 dur=1027.16 max=127.81 min=32.55
06-22 17:06:01.203   527 16567 I FDVT_Drv: Final: HW_NUM:0, Filter_NUM:0, SKIP_NUM:0
06-22 17:06:01.203   527 16567 D SWFD_MAIN: SWFDMain face num is 0
06-22 17:06:01.203   368   368 W /system/bin/hw/android.hidl.allocator@1.0-service: ashmem_create_region(4096) returning hidl_memory(0xb4ca2470, 4096)
06-22 17:06:01.215  1788  1788 I ADB_SERVICES: service_to_fd remount:
06-22 17:06:01.216  1788  1788 I ADB_SERVICES: service thread started, 26:27
06-22 17:06:01.225   527 16483 W MtkCam/Selector: [updateQueueBufferLocked] container is full, del_num(1) = (que size(4) + using(0) + wait(0) - max(4)
06-22 17:06:01.262   972  1085 D WifiStateMachine:  MtkL2ConnectedState 131155 13 0, mShouldDeferDisableWifi = false, mState = MONITORING
06-22 17:06:01.278   527 16567 I FDVT_Drv: Final: HW_NUM:0, Filter_NUM:0, SKIP_NUM:0
06-22 17:06:01.278   527 16567 D SWFD_MAIN: SWFDMain face num is 0
06-22 17:06:01.282   368   368 W /system/bin/hw/android.hidl.allocator@1.0-service: ashmem_create_region(4096) returning hidl_memory(0xb4ca2470, 4096)
06-22 17:06:01.305   527 16483 W MtkCam/Selector: [updateQueueBufferLocked] container is full, del_num(1) = (que size(4) + using(0) + wait(0) - max(4)
06-22 17:06:01.305   527 16476 E libc    : Access denied finding property "persist.camera.mi.iso"
06-22 17:06:01.304   527   527 W Camera@Display: type=1400 audit(0.0:2155246): avc: denied { read } for name="u:object_r:camera_prop:s0" dev="tmpfs" ino=1389 scontext=u:r:mtk_hal_camera:s0 tcontext=u:object_r:camera_prop:s0 tclass=file permissive=0
06-22 17:06:01.308  1788  1788 I ADB_SERVICES: service_to_fd remount:
06-22 17:06:01.309  1788  1788 I ADB_SERVICES: service thread started, 26:27
06-22 17:06:01.350   492 16550 D MPE     : mtk_gps_mnl_trigger_mpe: mpemsg len=0
06-22 17:06:01.363   492 16550 D MPE     : mtk_gps_mnl_trigger_mpe: mpemsg len=0
06-22 17:06:01.363   527 16567 I FDVT_Drv: Final: HW_NUM:0, Filter_NUM:0, SKIP_NUM:0
06-22 17:06:01.364   527 16567 D SWFD_MAIN: SWFDMain face num is 0
06-22 17:06:01.365   368   368 W /system/bin/hw/android.hidl.allocator@1.0-service: ashmem_create_region(4096) returning hidl_memory(0xb4ca2470, 4096)
06-22 17:06:01.365   492 16550 D pseudo  : mtk_gps_sys_nmea_output_to_mnld: received 1046 bytes:
06-22 17:06:01.367   492 16550 D pseudo  : mtk_gps_sys_nmea_output_to_app: len:1046, [NMEA]$GNGGA,090601.01...
06-22 17:06:01.367   492 16550 D gps_controlller: mtk_gps_sys_gps_mnl_callback: msg:0
06-22 17:06:01.367   492 16550 D gps_controlller: send_active_notify: send clean nmea timer cmd!
06-22 17:06:01.368   492 16550 D gps_controlller: mtk_gps_sys_gps_mnl_callback: MTK_GPS_MSG_FIX_READY,GET_RTC_FAIL
06-22 17:06:01.368   492 16550 D pseudo  : mtk_gps_sys_nmea_output_to_app: len:46, [vAGPS_Auto_Req]:g_FirstDbtt:0,u2BitMap:0x10f
06-22 17:06:01.368   492   626 D gps_controlller: gps_control_thread: gps_control_thread wait
06-22 17:06:01.372   537   554 D agps    : [agps][n][AGPS] [MNL] write  pmtk  [$PMTK680,1,FFFFF4F6*0F
06-22 17:06:01.372   537   554 D agps    :  ]
06-22 17:06:01.373   395   395 I DisplayDevice: [Built-in Screen (type:0)] fps:12.159766,dur:1069.10,max:132.79,min:30.81
06-22 17:06:01.387   527 16483 W MtkCam/Selector: [updateQueueBufferLocked] container is full, del_num(1) = (que size(4) + using(0) + wait(0) - max(4)
06-22 17:06:01.418 15986 15986 D CAM_CameraManager: setOneShotPreviewCallback: com.android.zxing.QRCodeManager$1@5c766c9
06-22 17:06:01.425  1788  1788 I ADB_SERVICES: service_to_fd remount:
06-22 17:06:01.426  1788  1788 I ADB_SERVICES: service thread started, 26:27
06-22 17:06:01.441   368   368 W /system/bin/hw/android.hidl.allocator@1.0-service: ashmem_create_region(4096) returning hidl_memory(0xb4ca2470, 4096)
06-22 17:06:01.458   527 16483 W MtkCam/Selector: [updateQueueBufferLocked] container is full, del_num(1) = (que size(4) + using(0) + wait(0) - max(4)
06-22 17:06:01.461   527 16567 I FDVT_Drv: Final: HW_NUM:0, Filter_NUM:0, SKIP_NUM:0
06-22 17:06:01.462   527 16567 D SWFD_MAIN: SWFDMain face num is 0
06-22 17:06:01.508   527 16464 I MtkCam/PrvCB: [performPreviewCallback] fps: 3.475922 = 7 / 2013854461 ns
06-22 17:06:01.511   527 16464 I MtkCam/PrvCB: (16464)[onClientThreadLoop] mOneShotSleepCount 0
06-22 17:06:01.516   527 16464 I MtkCam/PrvCB: (16464)[onClientThreadLoop] mOneShotSleepCount 1
06-22 17:06:01.521   527 16464 I MtkCam/PrvCB: (16464)[onClientThreadLoop] mOneShotSleepCount 2
06-22 17:06:01.525   368   368 W /system/bin/hw/android.hidl.allocator@1.0-service: ashmem_create_region(4096) returning hidl_memory(0xb4ca2470, 4096)
06-22 17:06:01.527   527 16464 I MtkCam/PrvCB: (16464)[onClientThreadLoop] mOneShotSleepCount 3
06-22 17:06:01.527  1788  1788 I ADB_SERVICES: service_to_fd remount:
06-22 17:06:01.527  1788  1788 I ADB_SERVICES: service thread started, 26:27
06-22 17:06:01.532   527 16464 I MtkCam/PrvCB: (16464)[onClientThreadLoop] mOneShotSleepCount 4
06-22 17:06:01.534   527 16567 I FDVT_Drv: Final: HW_NUM:0, Filter_NUM:0, SKIP_NUM:0
06-22 17:06:01.535   527 16567 D SWFD_MAIN: SWFDMain face num is 0
06-22 17:06:01.537   527 16464 I MtkCam/PrvCB: (16464)[onClientThreadLoop] mOneShotSleepCount 5
06-22 17:06:01.542   527 16464 I MtkCam/PrvCB: (16464)[onClientThreadLoop] mOneShotSleepCount 6
06-22 17:06:01.547   527 16483 W MtkCam/Selector: [updateQueueBufferLocked] container is full, del_num(1) = (que size(4) + using(0) + wait(0) - max(4)
06-22 17:06:01.547   527 16464 I MtkCam/PrvCB: (16464)[onClientThreadLoop] mOneShotSleepCount 7
06-22 17:06:01.553   527 16464 I MtkCam/PrvCB: (16464)[onClientThreadLoop] mOneShotSleepCount 8
06-22 17:06:01.558   527 16464 I MtkCam/PrvCB: (16464)[onClientThreadLoop] mOneShotSleepCount 9
06-22 17:06:01.563   527 16464 I MtkCam/PrvCB: (16464)[onClientThreadLoop] mOneShotSleepCount 10
06-22 17:06:01.568   527 16464 I MtkCam/PrvCB: (16464)[onClientThreadLoop] Preview client disabled, Msg(0) Prv(1) BufQueueRunning(0)
06-22 17:06:01.600   527 16567 I FDVT_Drv: Final: HW_NUM:0, Filter_NUM:0, SKIP_NUM:0
06-22 17:06:01.600   527 16567 D SWFD_MAIN: SWFDMain face num is 0
06-22 17:06:01.601   368   368 W /system/bin/hw/android.hidl.allocator@1.0-service: ashmem_create_region(4096) returning hidl_memory(0xb4ca2470, 4096)
06-22 17:06:01.624   527   527 W Camera@Display: type=1400 audit(0.0:2155247): avc: denied { read } for name="u:object_r:camera_prop:s0" dev="tmpfs" ino=1389 scontext=u:r:mtk_hal_camera:s0 tcontext=u:object_r:camera_prop:s0 tclass=file permissive=0
06-22 17:06:01.624   527 16483 W MtkCam/Selector: [updateQueueBufferLocked] container is full, del_num(1) = (que size(4) + using(0) + wait(0) - max(4)
06-22 17:06:01.624   527 16476 E libc    : Access denied finding property "persist.camera.mi.iso"
06-22 17:06:01.635  1788  1788 I ADB_SERVICES: service_to_fd shell:mount -o remount rw /system
06-22 17:06:01.634 16600 16600 W screencap: type=1400 audit(0.0:2155248): avc: denied { read } for comm=69646C6520636865636B6572 name="stat" dev="proc" ino=4026532064 scontext=u:r:untrusted_app:s0:c512,c768 tcontext=u:object_r:proc_stat:s0 tclass=file permissive=0
06-22 17:06:01.675   527 16476 I MtkCam/Utils: {CamProfile}[DisplayClient::enquePrvOps] GraphicBufferMapper::unlock: (1-th) ===> ( overtime > 1 ms) [start-->now: 2 ms] [last-->now: 2 ms]
06-22 17:06:01.684   528   616 D connsyslogger: SD_LOG_ROOT is /mnt/sdcard/mtklog/connsyslog/fw.
06-22 17:06:01.684   368   368 W /system/bin/hw/android.hidl.allocator@1.0-service: ashmem_create_region(4096) returning hidl_memory(0xb4ca2470, 4096)
06-22 17:06:01.700   527 16483 W MtkCam/Selector: [updateQueueBufferLocked] container is full, del_num(1) = (que size(4) + using(0) + wait(0) - max(4)
06-22 17:06:01.708 15986 16453 D GraphicBuffer: register, handle(0x9076c840) (w:720 h:1440 s:736 f:0x4 u:b00)
06-22 17:06:01.724 16789 16789 W mount   : type=1400 audit(0.0:2155249): avc: denied { getattr } for path="/vendor/protect_f" dev="mmcblk0p9" ino=2 scontext=u:r:shell:s0 tcontext=u:object_r:protect_f_data_file:s0 tclass=dir permissive=0
06-22 17:06:01.729  1788 16790 I ADB_SERVICES: post waitpid (pid=16789) status=0100
06-22 17:06:01.724 16789 16789 W mount   : type=1400 audit(0.0:2155250): avc: denied { getattr } for path="/vendor/protect_s" dev="mmcblk0p10" ino=2 scontext=u:r:shell:s0 tcontext=u:object_r:protect_s_data_file:s0 tclass=dir permissive=0
06-22 17:06:01.724 16789 16789 W mount   : type=1400 audit(0.0:2155251): avc: denied { getattr } for path="/vendor/nvdata" dev="mmcblk0p7" ino=2 scontext=u:r:shell:s0 tcontext=u:object_r:nvdata_file:s0 tclass=dir permissive=0
06-22 17:06:01.724 16789 16789 W mount   : type=1400 audit(0.0:2155252): avc: denied { getattr } for path="/vendor/nvcfg" dev="mmcblk0p6" ino=2 scontext=u:r:shell:s0 tcontext=u:object_r:nvcfg_file:s0 tclass=dir permissive=0
06-22 17:06:01.724 16789 16789 W mount   : type=1400 audit(0.0:2155253): avc: denied { getattr } for path="/persist" dev="mmcblk0p12" ino=2 scontext=u:r:shell:s0 tcontext=u:object_r:persist_data_file:s0 tclass=dir permissive=0
06-22 17:06:01.761   368   368 W /system/bin/hw/android.hidl.allocator@1.0-service: ashmem_create_region(4096) returning hidl_memory(0xb4ca2470, 4096)
06-22 17:06:01.774   527 16567 I FDVT_Drv: Final: HW_NUM:0, Filter_NUM:0, SKIP_NUM:0
06-22 17:06:01.774   527 16567 D SWFD_MAIN: SWFDMain face num is 0
06-22 17:06:01.780   527 16476 I MtkCam/DisplayClient: [DisplayClient::enquePrvOps] fps: 12.467966 = 25 / 2005138615 ns
06-22 17:06:01.782   527 16483 W MtkCam/Selector: [updateQueueBufferLocked] container is full, del_num(1) = (que size(4) + using(0) + wait(0) - max(4)
06-22 17:06:01.843   368   368 W /system/bin/hw/android.hidl.allocator@1.0-service: ashmem_create_region(4096) returning hidl_memory(0xb4ca2470, 4096)
06-22 17:06:01.862   527 16483 W MtkCam/Selector: [updateQueueBufferLocked] container is full, del_num(1) = (que size(4) + using(0) + wait(0) - max(4)
06-22 17:06:01.924   368   368 W /system/bin/hw/android.hidl.allocator@1.0-service: ashmem_create_region(4096) returning hidl_memory(0xb4ca2470, 4096)
06-22 17:06:01.937   527 16567 I FDVT_Drv: Final: HW_NUM:0, Filter_NUM:0, SKIP_NUM:0
06-22 17:06:01.937   527 16567 D SWFD_MAIN: SWFDMain face num is 0
06-22 17:06:01.945   527 16483 W MtkCam/Selector: [updateQueueBufferLocked] container is full, del_num(1) = (que size(4) + using(0) + wait(0) - max(4)
06-22 17:06:01.945   527 16476 E libc    : Access denied finding property "persist.camera.mi.iso"
06-22 17:06:01.944   527   527 W Camera@Display: type=1400 audit(0.0:2155254): avc: denied { read } for name="u:object_r:camera_prop:s0" dev="tmpfs" ino=1389 scontext=u:r:mtk_hal_camera:s0 tcontext=u:object_r:camera_prop:s0 tclass=file permissive=0
06-22 17:06:01.990  1788  1788 I ADB_SERVICES: service_to_fd shell:rm /sdcard/snap.png
06-22 17:06:01.997   527 16567 I FDVT_Drv: Final: HW_NUM:0, Filter_NUM:0, SKIP_NUM:0
06-22 17:06:01.997   527 16567 D SWFD_MAIN: SWFDMain face num is 0
06-22 17:06:02.005   368   368 W /system/bin/hw/android.hidl.allocator@1.0-service: ashmem_create_region(4096) returning hidl_memory(0xb4ca2470, 4096)
06-22 17:06:02.027   527 16483 W MtkCam/Selector: [updateQueueBufferLocked] container is full, del_num(1) = (que size(4) + using(0) + wait(0) - max(4)
06-22 17:06:02.056  1788 16804 I ADB_SERVICES: post waitpid (pid=16803) status=0000
06-22 17:06:02.083   368   368 W /system/bin/hw/android.hidl.allocator@1.0-service: ashmem_create_region(4096) returning hidl_memory(0xb4ca2470, 4096)
06-22 17:06:02.102   527 16483 W MtkCam/Selector: [updateQueueBufferLocked] container is full, del_num(1) = (que size(4) + using(0) + wait(0) - max(4)
06-22 17:06:02.104   527 16567 I FDVT_Drv: Final: HW_NUM:0, Filter_NUM:0, SKIP_NUM:0
06-22 17:06:02.104   527 16567 D SWFD_MAIN: SWFDMain face num is 0
06-22 17:06:02.164   368   368 W /system/bin/hw/android.hidl.allocator@1.0-service: ashmem_create_region(4096) returning hidl_memory(0xb4ca2470, 4096)
06-22 17:06:02.185   527 16483 W MtkCam/Selector: [updateQueueBufferLocked] container is full, del_num(1) = (que size(4) + using(0) + wait(0) - max(4)
06-22 17:06:02.186 15986 16477 I BufferQueueProducer: [SurfaceTexture-0-15986-0](this:0xa0c78000,id:0,api:4,p:504,c:15986) queueBuffer: fps=12.52 dur=1038.47 max=134.09 min=19.00
06-22 17:06:02.197   395   428 I BufferQueueProducer: [SurfaceView - com.android.camera/com.android.camera.Camera#0](this:0xa94ac000,id:10644,api:1,p:15986,c:395) queueBuffer: fps=12.52 dur=1038.23 max=134.32 min=24.37
06-22 17:06:02.216   501  1131 D AALLightSensor: newLux = 38, [35, 34] -> 38
06-22 17:06:02.243   368   368 W /system/bin/hw/android.hidl.allocator@1.0-service: ashmem_create_region(4096) returning hidl_memory(0xb4ca2470, 4096)
06-22 17:06:02.259   527 16567 I FDVT_Drv: Final: HW_NUM:0, Filter_NUM:0, SKIP_NUM:0
06-22 17:06:02.260   527 16567 D SWFD_MAIN: SWFDMain face num is 0
06-22 17:06:02.262   527 16483 W MtkCam/Selector: [updateQueueBufferLocked] container is full, del_num(1) = (que size(4) + using(0) + wait(0) - max(4)
06-22 17:06:02.254   527   527 W Camera@Display: type=1400 audit(0.0:2155255): avc: denied { read } for name="u:object_r:camera_prop:s0" dev="tmpfs" ino=1389 scontext=u:r:mtk_hal_camera:s0 tcontext=u:object_r:camera_prop:s0 tclass=file permissive=0
06-22 17:06:02.262   527 16476 E libc    : Access denied finding property "persist.camera.mi.iso"
06-22 17:06:02.267  1788  1788 I ADB_SERVICES: service_to_fd shell:screencap -p /sdcard/snap.png
06-22 17:06:02.325   368   368 W /system/bin/hw/android.hidl.allocator@1.0-service: ashmem_create_region(4096) returning hidl_memory(0xb4ca2470, 4096)
06-22 17:06:02.348   527 16483 W MtkCam/Selector: [updateQueueBufferLocked] container is full, del_num(1) = (que size(4) + using(0) + wait(0) - max(4)
06-22 17:06:02.353   492 16550 D MPE     : mtk_gps_mnl_trigger_mpe: mpemsg len=0
06-22 17:06:02.366   492 16550 D MPE     : mtk_gps_mnl_trigger_mpe: mpemsg len=0
06-22 17:06:02.369   492 16550 D pseudo  : mtk_gps_sys_nmea_output_to_mnld: received 1046 bytes:
06-22 17:06:02.370   492 16550 D pseudo  : mtk_gps_sys_nmea_output_to_app: len:1046, [NMEA]$GNGGA,090602.01...
06-22 17:06:02.370   492 16550 D gps_controlller: mtk_gps_sys_gps_mnl_callback: msg:0
06-22 17:06:02.370   492 16550 D gps_controlller: send_active_notify: send clean nmea timer cmd!
06-22 17:06:02.371   492 16550 D gps_controlller: mtk_gps_sys_gps_mnl_callback: MTK_GPS_MSG_FIX_READY,GET_RTC_FAIL
06-22 17:06:02.371   492   626 D gps_controlller: gps_control_thread: gps_control_thread wait
06-22 17:06:02.371   492 16550 D pseudo  : mtk_gps_sys_nmea_output_to_app: len:46, [vAGPS_Auto_Req]:g_FirstDbtt:0,u2BitMap:0x10f
06-22 17:06:02.374   537   554 D agps    : [agps][n][AGPS] [MNL] write  pmtk  [$PMTK680,1,FFFFF4C9*05
06-22 17:06:02.374   537   554 D agps    :  ]
06-22 17:06:02.382   395   395 I DisplayDevice: [Built-in Screen (type:0)] fps:12.882123,dur:1009.15,max:132.52,min:25.26
06-22 17:06:02.401   368   368 W /system/bin/hw/android.hidl.allocator@1.0-service: ashmem_create_region(4096) returning hidl_memory(0xb4ca2470, 4096)
06-22 17:06:02.419   527 16483 W MtkCam/Selector: [updateQueueBufferLocked] container is full, del_num(1) = (que size(4) + using(0) + wait(0) - max(4)
06-22 17:06:02.420 15986 15986 D CAM_CameraManager: setOneShotPreviewCallback: com.android.zxing.QRCodeManager$1@5c766c9
06-22 17:06:02.422   527 16567 I FDVT_Drv: Final: HW_NUM:0, Filter_NUM:0, SKIP_NUM:0
06-22 17:06:02.422   527 16567 D SWFD_MAIN: SWFDMain face num is 0
06-22 17:06:02.474   527 16567 I FDVT_Drv: Final: HW_NUM:0, Filter_NUM:0, SKIP_NUM:0
06-22 17:06:02.475   527 16567 D SWFD_MAIN: SWFDMain face num is 0
06-22 17:06:02.481   368   368 W /system/bin/hw/android.hidl.allocator@1.0-service: ashmem_create_region(4096) returning hidl_memory(0xb4ca2470, 4096)
06-22 17:06:02.499   527 16483 W MtkCam/Selector: [updateQueueBufferLocked] container is full, del_num(1) = (que size(4) + using(0) + wait(0) - max(4)
06-22 17:06:02.561   368   368 W /system/bin/hw/android.hidl.allocator@1.0-service: ashmem_create_region(4096) returning hidl_memory(0xb4ca2470, 4096)
06-22 17:06:02.573   527 16567 I FDVT_Drv: Final: HW_NUM:0, Filter_NUM:0, SKIP_NUM:0
06-22 17:06:02.573   527 16567 D SWFD_MAIN: SWFDMain face num is 0
06-22 17:06:02.574   527   527 W Camera@Display: type=1400 audit(0.0:2155256): avc: denied { read } for name="u:object_r:camera_prop:s0" dev="tmpfs" ino=1389 scontext=u:r:mtk_hal_camera:s0 tcontext=u:object_r:camera_prop:s0 tclass=file permissive=0
06-22 17:06:02.579   527 16483 W MtkCam/Selector: [updateQueueBufferLocked] container is full, del_num(1) = (que size(4) + using(0) + wait(0) - max(4)
06-22 17:06:02.579   527 16476 E libc    : Access denied finding property "persist.camera.mi.iso"
06-22 17:06:02.585   527 16464 I MtkCam/PrvCB: (16464)[onClientThreadLoop] mOneShotSleepCount 0
06-22 17:06:02.591   527 16464 I MtkCam/PrvCB: (16464)[onClientThreadLoop] mOneShotSleepCount 1
06-22 17:06:02.596   527 16464 I MtkCam/PrvCB: (16464)[onClientThreadLoop] mOneShotSleepCount 2
06-22 17:06:02.601   527 16464 I MtkCam/PrvCB: (16464)[onClientThreadLoop] mOneShotSleepCount 3
06-22 17:06:02.606   527 16464 I MtkCam/PrvCB: (16464)[onClientThreadLoop] mOneShotSleepCount 4
06-22 17:06:02.611   527 16464 I MtkCam/PrvCB: (16464)[onClientThreadLoop] mOneShotSleepCount 5
06-22 17:06:02.617   527 16464 I MtkCam/PrvCB: (16464)[onClientThreadLoop] mOneShotSleepCount 6
06-22 17:06:02.622   527 16464 I MtkCam/PrvCB: (16464)[onClientThreadLoop] mOneShotSleepCount 7
06-22 17:06:02.627   527 16464 I MtkCam/PrvCB: (16464)[onClientThreadLoop] mOneShotSleepCount 8
06-22 17:06:02.632   527 16464 I MtkCam/PrvCB: (16464)[onClientThreadLoop] mOneShotSleepCount 9
06-22 17:06:02.637   527 16464 I MtkCam/PrvCB: (16464)[onClientThreadLoop] mOneShotSleepCount 10
06-22 17:06:02.642   527 16464 I MtkCam/PrvCB: (16464)[onClientThreadLoop] Preview client disabled, Msg(0) Prv(1) BufQueueRunning(0)
06-22 17:06:02.643   368   368 W /system/bin/hw/android.hidl.allocator@1.0-service: ashmem_create_region(4096) returning hidl_memory(0xb4ca2470, 4096)
06-22 17:06:02.644 16600 16600 W screencap: type=1400 audit(0.0:2155257): avc: denied { read } for comm=69646C6520636865636B6572 name="stat" dev="proc" ino=4026532064 scontext=u:r:untrusted_app:s0:c512,c768 tcontext=u:object_r:proc_stat:s0 tclass=file permissive=0
06-22 17:06:02.662   527 16483 W MtkCam/Selector: [updateQueueBufferLocked] container is full, del_num(1) = (que size(4) + using(0) + wait(0) - max(4)
06-22 17:06:02.695 16809 16809 D PQ      : [PQ_PROT] [PQCust] libpq_cust_base.so OK, libpq_cust.so absent
06-22 17:06:02.714 16809 16809 W GuiExt  : Cannot find GuiExtService
06-22 17:06:02.716 16809 16809 I BufferQueueConsumer: [unnamed-16809-0](this:0xa8a09000,id:0,api:0,p:-1,c:16809) connect(C): consumer=(16809:screencap) controlledByApp=false
06-22 17:06:02.716 16809 16809 I BufferQueueConsumer: [unnamed-16809-0](this:0xa8a09000,id:0,api:0,p:-1,c:16809) setConsumerName: unnamed-16809-0
06-22 17:06:02.716 16809 16809 I BufferQueueConsumer: [ScreenshotClient](this:0xa8a09000,id:0,api:0,p:-1,c:16809) setConsumerName: ScreenshotClient
06-22 17:06:02.716   395   428 D Surface : Surface::connect(this=0xab80b000,api=1)
06-22 17:06:02.717 16809 16809 I BufferQueueProducer: [ScreenshotClient](this:0xa8a09000,id:0,api:1,p:395,c:16809) connect(P): api=1 producer=(395:/system/bin/surfaceflinger) producerControlledByApp=false
06-22 17:06:02.718   368   368 W /system/bin/hw/android.hidl.allocator@1.0-service: ashmem_create_region(4096) returning hidl_memory(0xb4ca2470, 4096)
06-22 17:06:02.733   527 16483 W MtkCam/Selector: [updateQueueBufferLocked] container is full, del_num(1) = (que size(4) + using(0) + wait(0) - max(4)
06-22 17:06:02.736   527 16567 I FDVT_Drv: Final: HW_NUM:0, Filter_NUM:0, SKIP_NUM:0
06-22 17:06:02.736   527 16567 D SWFD_MAIN: SWFDMain face num is 0
06-22 17:06:02.734 16809 16809 W screencap: type=1400 audit(0.0:2155258): avc: denied { search } for name="clients" dev="debugfs" ino=2076 scontext=u:r:shell:s0 tcontext=u:object_r:debugfs_ion:s0 tclass=dir permissive=0
06-22 17:06:02.744 16809 16809 W screencap: type=1400 audit(0.0:2155259): avc: denied { search } for name="clients" dev="debugfs" ino=2076 scontext=u:r:shell:s0 tcontext=u:object_r:debugfs_ion:s0 tclass=dir permissive=0
06-22 17:06:02.749   395   428 D GraphicBuffer: register, handle(0xaa05a0c0) (w:720 h:1440 s:736 f:0x1 u:333)
06-22 17:06:02.751   395   395 I SurfaceFlinger: screenshot (Background for - SurfaceView - com.android.camera/com.android.camera.Camera#0)
06-22 17:06:02.751   395   395 I SurfaceFlinger: screenshot (SurfaceView - com.android.camera/com.android.camera.Camera#0)
06-22 17:06:02.751   395   395 I SurfaceFlinger: screenshot (com.android.camera/com.android.camera.Camera#0)
06-22 17:06:02.751   395   395 I SurfaceFlinger: screenshot (GestureStub#0)
06-22 17:06:02.752   395   395 I SurfaceFlinger: screenshot (GestureStubLeft#0)
06-22 17:06:02.752   395   395 I SurfaceFlinger: screenshot (GestureStubRight#0)
06-22 17:06:02.754   395   428 D Surface : Surface::disconnect(this=0xab80b000,api=1)
06-22 17:06:02.754 16809 16809 I BufferQueueProducer: [ScreenshotClient](this:0xa8a09000,id:0,api:1,p:395,c:16809) disconnect(P): api 1
06-22 17:06:02.757   395 16826 D GraphicBuffer: unregister, handle(0xaa05a480) (w:720 h:1440 s:736 f:0x1 u:333)
06-22 17:06:02.800   368   368 W /system/bin/hw/android.hidl.allocator@1.0-service: ashmem_create_region(4096) returning hidl_memory(0xb4ca2470, 4096)
06-22 17:06:02.814   527 16483 W MtkCam/Selector: [updateQueueBufferLocked] container is full, del_num(1) = (que size(4) + using(0) + wait(0) - max(4)
06-22 17:06:02.879   368   368 W /system/bin/hw/android.hidl.allocator@1.0-service: ashmem_create_region(4096) returning hidl_memory(0xb4ca2470, 4096)
06-22 17:06:02.888   527 16567 I FDVT_Drv: Final: HW_NUM:0, Filter_NUM:0, SKIP_NUM:0
06-22 17:06:02.888   527 16567 D SWFD_MAIN: SWFDMain face num is 0
06-22 17:06:02.893   527 16483 W MtkCam/Selector: [updateQueueBufferLocked] container is full, del_num(1) = (que size(4) + using(0) + wait(0) - max(4)
06-22 17:06:02.893   527 16476 E libc    : Access denied finding property "persist.camera.mi.iso"
06-22 17:06:02.884   527   527 W Camera@Display: type=1400 audit(0.0:2155260): avc: denied { read } for name="u:object_r:camera_prop:s0" dev="tmpfs" ino=1389 scontext=u:r:mtk_hal_camera:s0 tcontext=u:object_r:camera_prop:s0 tclass=file permissive=0
06-22 17:06:02.927  2338  2497 E LocationManagerProxy: request single location updates : ret 6
06-22 17:06:02.927  2338  2497 E NetworkLocationManager: errorCode=6;force run last location!
06-22 17:06:02.948   527 16567 I FDVT_Drv: Final: HW_NUM:0, Filter_NUM:0, SKIP_NUM:0
06-22 17:06:02.948  2338  2338 I MetokLocationProvider: report position from 2
06-22 17:06:02.948   527 16567 D SWFD_MAIN: SWFDMain face num is 0
06-22 17:06:02.949   972  1003 D LocationManagerService: incoming location from: network
06-22 17:06:02.950   972  1552 I WifiService: getDhcpInfo uid=10067
06-22 17:06:02.951 15986 16448 D CAM_LocationManager: Got first location, it is from network
06-22 17:06:02.951   972  1003 D LocationManagerService: incoming location from: network
06-22 17:06:02.953   972  9595 I WifiService: getConnectionInfo uid=10067
06-22 17:06:02.955   972  9595 I WifiService: getWifiEnabledState uid=10067
06-22 17:06:02.956   972  9595 I WifiService: getWifiEnabledState uid=10067
06-22 17:06:02.957  2338  2497 W WifiMonitor: available wifis has none
06-22 17:06:02.958  2338  2497 I NetworkLocationManager: start get current Location
06-22 17:06:02.962   368   368 W /system/bin/hw/android.hidl.allocator@1.0-service: ashmem_create_region(4096) returning hidl_memory(0xb4ca2470, 4096)
06-22 17:06:02.962   492   637 D MNLD    : mnld_main_thread: hal2mnl_hdlr msg
06-22 17:06:02.964   972  3915 D LbsNlpUtils: handle NLPS_MSG_NLP_UPDATED
06-22 17:06:02.964   972  3915 D LbsNlpUtils: stopNlpQueryLocked isNlpEnabled=true src:1 mNlpRequestedSrc:1
06-22 17:06:02.965  2338  2351 I MetokLocationProvider: onSetRequest
06-22 17:06:02.967   492   637 D MNLD    : hal_gps_inject_location: ret = 0
06-22 17:06:02.967   492   637 D MNLD    : hal_gps_inject_location: mnl2agps_location_sync success
06-22 17:06:02.967   537   554 D agps    : Xed[V_8;|(7C0x)+x\HWcp=;h[Zi=R7&%D`L;2$5=8=-2LG1C`L-5q0,'')""(/wL:5d."'$ #&&'&pA$&`."!pA-@q-xx~~     yiSBDG5(b-xO5AFp-pN:<m-pS83ABAo-y
06-22 17:06:02.967   537   554 D agps    : Xed[V_8;|(7C0x)+x^Sm=;hQcPN=WI;=9E`C3bQ4I=5+2832#+;2$5=8=-2LG1CL-5`X:5d0,'')""(/#}"'$ #&&'&pA$&`."!
06-22 17:06:02.972  2338  2338 I MetokLocationProvider: setRequest: request =ProviderRequest[ON interval=+1s0ms] ; client =WorkSource{10026 com.android.camera}
06-22 17:06:02.979   527 16483 W MtkCam/Selector: [updateQueueBufferLocked] container is full, del_num(1) = (que size(4) + using(0) + wait(0) - max(4)
06-22 17:06:03.020   972  2071 I WifiService: getWifiEnabledState uid=10067
06-22 17:06:03.024   972  2071 I WifiService: getWifiEnabledState uid=10067
06-22 17:06:03.024   972  2071 I WifiService: isScanAlwaysAvailable uid=10067
06-22 17:06:03.026   972  2071 I WifiService: getConnectionInfo uid=10067
06-22 17:06:03.029  2338 16545 W System  : ClassLoader referenced unknown path: system/framework/mediatek-cta.jar
06-22 17:06:03.030  2338 16545 I System.out: e:java.lang.ClassNotFoundException: com.mediatek.cta.CtaHttp
06-22 17:06:03.034   527 16567 I FDVT_Drv: Final: HW_NUM:0, Filter_NUM:0, SKIP_NUM:0
06-22 17:06:03.034   527 16567 D SWFD_MAIN: SWFDMain face num is 0
06-22 17:06:03.038   368   368 W /system/bin/hw/android.hidl.allocator@1.0-service: ashmem_create_region(4096) returning hidl_memory(0xb4ca2470, 4096)
06-22 17:06:03.051   972  2071 I WifiService: getWifiEnabledState uid=10067
06-22 17:06:03.056   527 16483 W MtkCam/Selector: [updateQueueBufferLocked] container is full, del_num(1) = (que size(4) + using(0) + wait(0) - max(4)
06-22 17:06:03.056   972  9595 I WifiService: getWifiEnabledState uid=10067
06-22 17:06:03.057   972  9595 I WifiService: isScanAlwaysAvailable uid=10067
06-22 17:06:03.061   972  9595 I WifiService: getConnectionInfo uid=10067
06-22 17:06:03.066  2338 16545 W System  : ClassLoader referenced unknown path: system/framework/mediatek-cta.jar
06-22 17:06:03.067  2338 16545 I System.out: e:java.lang.ClassNotFoundException: com.mediatek.cta.CtaHttp
