06-22 17:05:58.366   492   637 D MNLD    : agps_set_id_req: agps_set_id_req  flags=1
06-22 17:05:58.366   492   637 D mnl2hal : mnl2hal_request_set_id: mnl2hal_request_set_id  flag=0x1
06-22 17:05:58.367   542  1222 D         : update_gps_status:   status=3
06-22 17:05:58.367   542  1222 D         : update_gps_status:   status=1
06-22 17:05:58.368   492 16552 D gps_controlller: mtk_gps_sys_agps_disaptcher_callback: wn, tow, sys_time = 2058, 551176, 1561194358,bitmap:0x4
06-22 17:05:58.368   492 16552 D gps_controlller: mtk_gps_sys_agps_disaptcher_callback: MNL NTP/NLP request:2
06-22 17:05:58.368   492 16552 D gps_controlller: mtk_gps_sys_agps_disaptcher_callback: Call nlp_server request
06-22 17:05:58.368   492 16552 D MNLD    : mnld_gps_request_nlp: mnld_gps_request_nlp src: 1
06-22 17:05:58.370   492   628 W qepo    : qepo_event_hdlr: mnld_qepo_bd_download() before
06-22 17:05:58.370   492   628 D qepo    : mnld_qepo_bd_download: QBD current request time: 1561165576, latest invalid dl time:1561165288, time_diff:0,
06-22 17:05:58.371   492   628 D qepo    : mnld_qepo_bd_download: has epo:1, time correct:0,size correct:1,invalid download cnt:2
06-22 17:05:58.371   492   628 D qepo    : qepo_bd_file_update_impl: qepo download start, network conncet:1...
06-22 17:05:58.371   492   628 D qepo    : curl_easy_download_quarter_epo_bd: curl_easy_download_quarter_bdepo
06-22 17:05:58.371   492   628 D epo     : mtk_epo_is_expired: current time: 1561165558, current time:Sat Jun 22 09:05:58 2019
06-22 17:05:58.371   492   628 D epo     : mtk_epo_is_expired: EPO start time: 1561046400, EPO start time: Fri Jun 21 00:00:00 2019
06-22 17:05:58.371   492   628 D epo     : mtk_epo_is_expired: EPO file is valid, no need update
06-22 17:05:58.371   492   628 D qepo    : getQepoUrl: url = https://ogepodownload.mediatek.com/QBD2.DAT?retryCount=0
06-22 17:05:58.371   972  1006 W zygote  : kill(-15804, 9) failed: No such process
06-22 17:05:58.371   542  1222 D hal2mnl : hal2mnl_set_id: hal2mnl_set_id  type=1 setid=[hidden setid]
06-22 17:05:58.372   395   395 W Layer   : [Splash Screen com.android.camera#0] opaque layer with plane alpha:0.13 cannot be handled by hwcomposer
06-22 17:05:58.372   492   629 W mtknav  : mtknav_event_hdlr: mnld_mtknav_download() before
06-22 17:05:58.372   492   629 D mtknav  : mnld_mtknav_download: dl_state_date:22, system_date:22, MD5_flag:1, DAT_flag:1, retry:0
06-22 17:05:58.372   492   629 W mtknav  : mnld_mtknav_download: mtknav has been downloaded today
06-22 17:05:58.372   492   629 W mtknav  : mtknav_event_hdlr: mnld_mtknav_download() after
06-22 17:05:58.372   492   629 D mtknav  : mtknav_downloader_thread: mtknav_downloader_thread wait
06-22 17:05:58.372   492   637 D MNLD    : mnld_main_thread: n=2
06-22 17:05:58.372   492   637 D MNLD    : mnld_main_thread: hal2mnl_hdlr msg
06-22 17:05:58.372   492   637 D MNLD    : hal_set_id: hal_set_id  type=1 setid=[hidden setid]
06-22 17:05:58.372   492   637 D MNLD    : mnld_main_thread: main_event_hdlr msg
06-22 17:05:58.372   492   637 D MNLD    : main_event_hdlr: MTKNAV2MAIN_EVENT_MTKNAV_DONE  result=1 started=1
06-22 17:05:58.372   492   637 D mtknav  : mtknav_update_mtknav_file: xdownload_status = 0x5
06-22 17:05:58.372   535   583 D lbs_hidl_service: [1.06][mtk_mnld2nlputils] handleSocketEvent() ret=[12]
06-22 17:05:58.375   537   554 D agps    : [agps][n][AGPS] [MNL] read  set_set_id  type=1 setid=[] imsi_enable=1
06-22 17:05:58.376   537   554 D agps    : [agps][n][AGPS] [MNL] write  ref_loc_req  flags=0x1
06-22 17:05:58.376   972  1073 D LbsNlpUtils: reqNlpLocation() source = 1
06-22 17:05:58.378   972  3915 D LbsNlpUtils: handle NLPS_MSG_NLP_NIJ_REQ arg1: 1
06-22 17:05:58.379   492   637 D MNLD    : agps_ref_loc_req: agps_ref_loc_req  flags=1
06-22 17:05:58.379   492   637 D mnl2hal : mnl2hal_request_ref_loc: mnl2hal_request_ref_loc  flag=0x1
06-22 17:05:58.379   506   700 D DrmMtkUtil: getProcessName() : path : [/proc/15986/cmdline]
06-22 17:05:58.379   972  1006 W zygote  : kill(-15804, 9) failed: No such process
06-22 17:05:58.379   513  9179 W MediaAnalyticsItem: Unable to record: (extractor:0:-1:-11:0:3:android.media.mediaextractor.fmt=OggExtractor:android.media.mediaextractor.ntrk=1:android.media.mediaextractor.mime=application/ogg:) [forcenew=0]
06-22 17:05:58.379   506   700 D DrmMtkUtil/WhiteList: IsDrmTrustedClient: deny client[com.android.camera] access drm
06-22 17:05:58.380   972  3915 D LbsNlpUtils: startNlpQueryLocked isNlpEnabled=true src:1 mNlpRequestedSrc:0
06-22 17:05:58.381   527 16537 D AfAlgo  : down maxOffset=71 maxCompLevel=71, cutOffset=10, maxOffset=71 offset -27, level 27, cut offset 10, x/y/z/g=-21/897/368/969
06-22 17:05:58.381   527 16537 D AfAlgoC : [HB] DafIO in: mode 2(in:2), (PD,LD,SD) cus(1,0,0) input(1,0,0) Que -1
06-22 17:05:58.381  1153  1577 I ResourceManager: load image quietImage.png
06-22 17:05:58.381  1153  1577 I ResourceManager: try to load resource from extra resource: den320 of quietImage.png
06-22 17:05:58.382   527 16537 D AfAlgoC : PDMUL/PDSEL PD Single window, FV multi-win, select 4
06-22 17:05:58.383  1153  1577 I ResourceManager: load image from extra resource: den320 of quietImage.png
06-22 17:05:58.384   972  3915 D LocationManagerService: request 8b46bde network Request[POWER_LOW network requested=+1s0ms fastest=+1s0ms] from com.mediatek.nlpservice(1000 foreground [whitelisted])
06-22 17:05:58.384   972  1073 E GnssLocationProvider: CDMA not supported.
06-22 17:05:58.384  2338  2382 I MetokLocationProvider: onSetRequest
06-22 17:05:58.385  2338  2338 I MetokLocationProvider: setRequest: request =ProviderRequest[ON interval=+1s0ms] ; client =WorkSource{1000 com.mediatek.nlpservice, 10026 com.android.camera}
06-22 17:05:58.385   972  1006 W zygote  : kill(-15804, 9) failed: No such process
06-22 17:05:58.385   972  3915 D LbsNlpUtils: inject NLP location
06-22 17:05:58.387   395   395 W Layer   : [Splash Screen com.android.camera#0] opaque layer with plane alpha:0.02 cannot be handled by hwcomposer
06-22 17:05:58.388   506   700 D DrmMtkUtil: getProcessName() : path : [/proc/15986/cmdline]
06-22 17:05:58.389   506   700 D DrmMtkUtil/WhiteList: IsDrmTrustedClient: deny client[com.android.camera] access drm
06-22 17:05:58.391   972  1006 W zygote  : kill(-15804, 9) failed: No such process
06-22 17:05:58.393   513  9179 E APEExtractor: getAPEInfo not ape 20483
06-22 17:05:58.393   513  9179 D MediaExtractor: Autodetected media content as 'application/ogg' with confidence 0.20
06-22 17:05:58.393   513  9179 I MtkAVStageFactory: createExtractorExt: source 0xb03f6f40 mime application/ogg meta 0x0
06-22 17:05:58.396   972  1006 W zygote  : kill(-15804, 9) failed: No such process
06-22 17:05:58.399   368   368 W /system/bin/hw/android.hidl.allocator@1.0-service: ashmem_create_region(4096) returning hidl_memory(0xb4ca2470, 4096)
06-22 17:05:58.401 15986 16533 V NuMediaExtractor: track of type 'audio/vorbis' does not publish bitrate
06-22 17:05:58.403 15986 15986 D CAM_MutexModeManager: switchMutexMode from: none to: hand-night
06-22 17:05:58.404   972  1059 D Surface : Surface::disconnect(this=0x9272d000,api=2)
06-22 17:05:58.404   395   657 I BufferQueueProducer: [Splash Screen com.android.camera#0](this:0xa849c000,id:10642,api:2,p:972,c:395) disconnect(P): api 2
06-22 17:05:58.405   972  1059 D GraphicBuffer: unregister, handle(0x927ba6c0) (w:720 h:1440 s:736 f:0x1 u:933)
06-22 17:05:58.407   972  1006 W zygote  : kill(-15804, 9) failed: No such process
06-22 17:05:58.412   395   428 I SurfaceFlinger: EventThread Client Pid (15804) disconnected by (395)
06-22 17:05:58.412   395   428 I chatty  : uid=1000(system) Binder:395_2 identical 1 line
06-22 17:05:58.412   395   428 I SurfaceFlinger: EventThread Client Pid (15804) disconnected by (395)
06-22 17:05:58.414  1876 11280 W PushService: 2019-06-22 17:05:58,414 - [WARN::PushService] - onProcessDied:pid = 15804,died-uid=10040
06-22 17:05:58.414   972  1006 W zygote  : kill(-15804, 9) failed: No such process
06-22 17:05:58.415   527 16567 I FDVT_Drv: Final: HW_NUM:0, Filter_NUM:0, SKIP_NUM:0
06-22 17:05:58.416   527 16567 D SWFD_MAIN: SWFDMain face num is 0
06-22 17:05:58.417 15986 15986 D CAM_CameraModule: pictureSize=4160x3120
06-22 17:05:58.418 15986 15986 I System.out: 176x144,320x240,352x288,480x320,480x368,640x320,640x360,640x480,720x480,800x480,800x600,864x480,960x540,960x720,1280x720,1440x720,1440x1080,1920x1080
06-22 17:05:58.418 15986 15986 I CAM_CameraUtil: best preview size: 960x720
06-22 17:05:58.418 15986 15986 D CAM_CameraModule: thumbnailSize=160x128
06-22 17:05:58.418 15986 15986 D CAM_CameraModule: sceneMode=auto mutexMode=3
06-22 17:05:58.418 15986 15986 D CAM_CameraModule: jpegQuality=high
06-22 17:05:58.418 15986 15986 D CAM_CameraModule: EV=0
06-22 17:05:58.418 15986 15986 D CAM_CameraModule: shaderEffect=10200
06-22 17:05:58.418 15986 15986 D EffectRenderGroup: mEffectId=66048
06-22 17:05:58.418 15986 15986 D CAM_CameraModule: autoExposure=center
06-22 17:05:58.419 15986 15986 D CAM_CameraModule: antiBanding=50hz
06-22 17:05:58.419 15986 15986 D CAM_CameraHardwareProxy: setFlashModel: flashMode = off
06-22 17:05:58.419 15986 15986 D CAM_MTKCameraProxy: setFocusMode:continuous-picture
06-22 17:05:58.419 15986 15986 D CAM_CameraModule: focusMode=continuous-picture
06-22 17:05:58.419   395   395 I BufferQueueConsumer: [Splash Screen com.android.camera#0](this:0xa849c000,id:10642,api:2,p:-1,c:-1) disconnect(C)
06-22 17:05:58.419   395   395 I BufferQueue: [Splash Screen com.android.camera#0](this:0xa849c000,id:10642,api:2,p:-1,c:-1) ~BufferQueueCore
06-22 17:05:58.421   972  1006 W zygote  : kill(-15804, 9) failed: No such process
06-22 17:05:58.421   972  1006 I zygote  : Successfully killed process cgroup uid 10040 pid 15804 in 67ms
06-22 17:05:58.421   972  1006 W zygote  : kill(-14923, 9) failed: No such process
06-22 17:05:58.421   972  1006 I zygote  : Successfully killed process cgroup uid 1000 pid 14923 in 0ms
06-22 17:05:58.422   972  1006 W zygote  : kill(-15884, 9) failed: No such process
06-22 17:05:58.423   395  1020 I SurfaceFlinger: [SF client] DEL(0xa94effe0) for (972:system_server)
06-22 17:05:58.423  1956 28939 W Parcel  : **** enforceInterface() expected 'com.miui.gamebooster.service.INotificationListener' but read 'android.service.notification.INotificationListener'
06-22 17:05:58.424  1956 28939 W Binder  : Binder call failed.
06-22 17:05:58.424  1956 28939 W Binder  : java.lang.SecurityException: Binder invocation to an incorrect interface
06-22 17:05:58.424  1956 28939 W Binder  : 	at android.os.Parcel.nativeEnforceInterface(Native Method)
06-22 17:05:58.424  1956 28939 W Binder  : 	at android.os.Parcel.enforceInterface(Parcel.java:584)
06-22 17:05:58.424  1956 28939 W Binder  : 	at com.miui.gamebooster.service.INotificationListener$Stub.onTransact(:56)
06-22 17:05:58.424  1956 28939 W Binder  : 	at android.os.Binder.execTransact(Binder.java:704)
06-22 17:05:58.427 15986 15986 D CAM_CameraHardwareProxy: set mi-auto-hdr on
06-22 17:05:58.427 15986 15986 D CAM_CameraModule: bokeh=disable
06-22 17:05:58.427 15986 15986 D CAM_CameraMTK: thumbnailQuality=low
06-22 17:05:58.427 15986 15986 D CAM_MTKCameraProxy: exposure-time:0
06-22 17:05:58.427 15986 15986 D CAM_CameraMTK: exposureTime=0
06-22 17:05:58.427 15986 15986 D CAM_CameraHardwareProxy: setStillBeautify: i:0
06-22 17:05:58.427 15986 15986 I CAM_CameraModule: setStillBeautify3=i:0
06-22 17:05:58.427 15986 15986 D CAM_CameraMTK: ISO=auto
06-22 17:05:58.428 15986 15986 D CAM_CameraMTK: saturation=middle
06-22 17:05:58.428 15986 15986 D CAM_CameraMTK: contrast=middle
06-22 17:05:58.428 15986 15986 D CAM_CameraMTK: sharpness=middle
06-22 17:05:58.428 15986 15986 D CAM_CameraMTK: pictureFlip=0
06-22 17:05:58.428 15986 15986 D CAM_CameraMTK: ZSL=on
06-22 17:05:58.428 15986 15986 D CAM_CameraHardwareProxy: setFaceWatermark v:false
06-22 17:05:58.428 15986 15986 D CAM_CameraMTK: longShotMode=false
06-22 17:05:58.428 15986 15986 D CAM_CameraMTK: setShowGenderAndAge=false
06-22 17:05:58.428   972  1006 W zygote  : kill(-15884, 9) failed: No such process
06-22 17:05:58.428 15986 15986 D CAM_CameraMTK: handNight=true
06-22 17:05:58.428 15986 15986 D CAM_CameraMTK: asdEnable=true
06-22 17:05:58.428 15986 15986 D CAM_CameraMetaDataManag: mMetaType: 3
06-22 17:05:58.435   527 16476 I MtkCam/Utils: {CamProfile}[DisplayClient::enquePrvOps] GraphicBufferMapper::unlock: (1-th) ===> ( overtime > 1 ms) [start-->now: 13 ms] [last-->now: 13 ms]
06-22 17:05:58.435   972  1006 W zygote  : kill(-15884, 9) failed: No such process
06-22 17:05:58.443   972  1011 W ActivityManager: setHasOverlayUi called on unknown pid: 15804
06-22 17:05:58.441   972  1006 W zygote  : kill(-15884, 9) failed: No such process
06-22 17:05:58.446   527   949 I MtkCam/ParamsManager: [setParameters] efuseID getvalue is
06-22 17:05:58.446   527   949 E MtkCam/ParamsManager: [setParameters] efuseID true !=
06-22 17:05:58.446   527   949 E MtkCam/ParamsManager:  (setParameters){#460:vendor/mediatek/proprietary/hardware/mtkcam/middleware/v1/common/paramsmgr/params/ParamsManager.cpp}
06-22 17:05:58.447   972  1006 W zygote  : kill(-15884, 9) failed: No such process
06-22 17:05:58.449 15986 16576 I OMXClient: Treble IOmx obtained
06-22 17:05:58.449  1956  1956 V i       : onNotificationPostedCallBack:StatusBarNotification(pkg=com.android.systemui user=UserHandle{0} id=252119 tag=null key=0|com.android.systemui|252119|null|1000: Notification(channel=LOC pri=0 contentView=null vibrate=null sound=null defaults=0x0 flags=0x2 color=0x00000000 vis=PRIVATE))
06-22 17:05:58.449   525   653 I OMXMaster: makeComponentInstance(OMX.google.vorbis.decoder) in omx@1.0-service process
06-22 17:05:58.452   972  1006 W zygote  : kill(-15884, 9) failed: No such process
06-22 17:05:58.455 15986 16576 D MtkACodec: setupAudioCodec: mime audio/vorbis, encoder 0, msg.get() 0x8f48b400
06-22 17:05:58.456   525   653 E OMXNodeInstance: getConfig(0xae49c8a0:google.vorbis.decoder, ConfigAndroidVendorExtension(0x6f100004)) ERROR: Undefined(0x80001001)
06-22 17:05:58.458   972  1006 W zygote  : kill(-15884, 9) failed: No such process
06-22 17:05:58.461   527 16537 D AfAlgo  : down maxOffset=71 maxCompLevel=71, cutOffset=10, maxOffset=71 offset -27, level 27, cut offset 10, x/y/z/g=-29/897/368/969
06-22 17:05:58.461   527 16537 D AfAlgoC : [HB] DafIO in: mode 2(in:2), (PD,LD,SD) cus(1,0,0) input(1,0,0) Que -1
06-22 17:05:58.461   527 16537 D AfAlgoC : PDMUL/PDSEL PD Single window, FV multi-win, select 4
06-22 17:05:58.462   368   368 W /system/bin/hw/android.hidl.allocator@1.0-service: ashmem_create_region(32768) returning hidl_memory(0xb4ca2470, 32768)
06-22 17:05:58.462   527 16537 D AfAlgoC : [DAF] DafIO out: mode 2 isL 0 isQ 0 isV 0 afdac 373 afconf 100 qNum -1
06-22 17:05:58.462   527 16537 D AfAlgoC : [handleAFout0](7) Mode=2,Status=1,StatusC=8,IsAfSearch=1,IsSelROI=0,ROISel=4,FDstatus=0,AFMark=1,mTrig=1,SceneState=00000111,ext=1, PostureDac=373/71, TermalPos=0, searchRange (212,556), camA=-38, post=-27
06-22 17:05:58.462   527 16537 D AfAlgoC : [AdpComp]Equivalent lens pos = 346, FV= 0
06-22 17:05:58.463   368   368 W /system/bin/hw/android.hidl.allocator@1.0-service: ashmem_create_region(32768) returning hidl_memory(0xb4ca2470, 32768)
06-22 17:05:58.463   972  1006 W zygote  : kill(-15884, 9) failed: No such process
06-22 17:05:58.464   368   368 W /system/bin/hw/android.hidl.allocator@1.0-service: ashmem_create_region(32768) returning hidl_memory(0xb4ca2470, 32768)
06-22 17:05:58.465   368   368 W /system/bin/hw/android.hidl.allocator@1.0-service: ashmem_create_region(32768) returning hidl_memory(0xb4ca2470, 32768)
06-22 17:05:58.467  1876  1900 W PushService: 2019-06-22 17:05:58,467 - [WARN::PushService] - onProcessDied:pid = 15884,died-uid=10132
06-22 17:05:58.468   972  1006 W zygote  : kill(-15884, 9) failed: No such process
06-22 17:05:58.469   972  1006 I zygote  : Successfully killed process cgroup uid 10132 pid 15884 in 47ms
06-22 17:05:58.469   972  1006 W zygote  : Failed to open process cgroup uid 99917 pid 15914: No such file or directory
06-22 17:05:58.469   972  1006 E zygote  : Error encountered killing process cgroup uid 99917 pid 15914: No such file or directory
06-22 17:05:58.469   972  1006 W zygote  : kill(-15372, 9) failed: No such process
06-22 17:05:58.469   972  1006 I zygote  : Successfully killed process cgroup uid 10047 pid 15372 in 0ms
06-22 17:05:58.469   368   368 W /system/bin/hw/android.hidl.allocator@1.0-service: ashmem_create_region(32768) returning hidl_memory(0xb4ca2470, 32768)
06-22 17:05:58.469   972  1006 W zygote  : Failed to open process cgroup uid 10131 pid 0: No such file or directory
06-22 17:05:58.469   972  1006 E zygote  : Error encountered killing process cgroup uid 10131 pid 0: No such file or directory
06-22 17:05:58.470   368   368 W /system/bin/hw/android.hidl.allocator@1.0-service: ashmem_create_region(32768) returning hidl_memory(0xb4ca2470, 32768)
06-22 17:05:58.471   368   368 I chatty  : uid=1000(system) allocator@1.0-s identical 1 line
06-22 17:05:58.473   368   368 W /system/bin/hw/android.hidl.allocator@1.0-service: ashmem_create_region(32768) returning hidl_memory(0xb4ca2470, 32768)
06-22 17:05:58.478   368   368 W /system/bin/hw/android.hidl.allocator@1.0-service: ashmem_create_region(4096) returning hidl_memory(0xb4ca2470, 4096)
06-22 17:05:58.483  1153  1153 I StatusBar: onNotificationPosted key:0|com.android.systemui|252119|null|1000 isUpdate:false
06-22 17:05:58.488   368   368 W /system/bin/hw/android.hidl.allocator@1.0-service: ashmem_create_region(32768) returning hidl_memory(0xb4ca2470, 32768)
06-22 17:05:58.488  1153  1153 I StatusBar: handleNotification key:0|com.android.systemui|252119|null|1000 isUpdate:false
06-22 17:05:58.489   368   368 W /system/bin/hw/android.hidl.allocator@1.0-service: ashmem_create_region(32768) returning hidl_memory(0xb4ca2470, 32768)
06-22 17:05:58.489  1153  1153 D StatusBar: addNotification key=0|com.android.systemui|252119|null|1000
06-22 17:05:58.490   368   368 W /system/bin/hw/android.hidl.allocator@1.0-service: ashmem_create_region(32768) returning hidl_memory(0xb4ca2470, 32768)
06-22 17:05:58.491   368   368 W /system/bin/hw/android.hidl.allocator@1.0-service: ashmem_create_region(32768) returning hidl_memory(0xb4ca2470, 32768)
06-22 17:05:58.496   527 16567 I FDVT_Drv: Final: HW_NUM:0, Filter_NUM:0, SKIP_NUM:0
06-22 17:05:58.497   527 16567 D SWFD_MAIN: SWFDMain face num is 0
06-22 17:05:58.498  1153  1153 D StatusBar: No peeking: unimportant notification: 0|com.android.systemui|252119|null|1000
06-22 17:05:58.499  1153  1153 I StatusBar: addNotification isHeadsUped:false
06-22 17:05:58.499  1153  1153 I StatusBar: addNotification key=0|com.android.systemui|252119|null|1000
06-22 17:05:58.512  1153  1153 D FaceManagerImpl_client: hasEnrolledFaces   res:0
06-22 17:05:58.516 15986 16533 W MediaAnalyticsItem: Unable to record: (codec:0:-1:-11:0:6:android.media.mediacodec.mime=audio/vorbis:android.media.mediacodec.mode=audio:android.media.mediacodec.encoder=0:android.media.mediacodec.codec=OMX.google.vorbis.decoder:android.media.mediacodec.secure=0:android.media.mediacodec.bytesin=4611:) [forcenew=0]
06-22 17:05:58.516 15986 16533 V NuMediaExtractor: setDataSource fd=98 (/system/priv-app/MiuiCamera/MiuiCamera.apk), offset=78872, length=11830
06-22 17:05:58.519   506   700 D DrmMtkUtil: getProcessName() : path : [/proc/15986/cmdline]
06-22 17:05:58.520   506   700 D DrmMtkUtil/WhiteList: IsDrmTrustedClient: deny client[com.android.camera] access drm
06-22 17:05:58.521   513  8250 W MediaAnalyticsItem: Unable to record: (extractor:0:-1:-11:0:3:android.media.mediaextractor.fmt=OggExtractor:android.media.mediaextractor.ntrk=1:android.media.mediaextractor.mime=application/ogg:) [forcenew=0]
06-22 17:05:58.522   506   700 D DrmMtkUtil: getProcessName() : path : [/proc/15986/cmdline]
06-22 17:05:58.522   506   700 D DrmMtkUtil/WhiteList: IsDrmTrustedClient: deny client[com.android.camera] access drm
06-22 17:05:58.526   513  8250 E APEExtractor: getAPEInfo not ape 20483
06-22 17:05:58.527   513  8250 D MediaExtractor: Autodetected media content as 'application/ogg' with confidence 0.20
06-22 17:05:58.527   513  8250 I MtkAVStageFactory: createExtractorExt: source 0xb03f6f40 mime application/ogg meta 0x0
06-22 17:05:58.530 15986 16533 V NuMediaExtractor: track of type 'audio/vorbis' does not publish bitrate
06-22 17:05:58.534 15986 16585 I OMXClient: Treble IOmx obtained
06-22 17:05:58.535   525   653 I OMXMaster: makeComponentInstance(OMX.google.vorbis.decoder) in omx@1.0-service process
06-22 17:05:58.536 15986 16585 D MtkACodec: setupAudioCodec: mime audio/vorbis, encoder 0, msg.get() 0x914f8a00
06-22 17:05:58.537   525   653 E OMXNodeInstance: getConfig(0xae49c8a0:google.vorbis.decoder, ConfigAndroidVendorExtension(0x6f100004)) ERROR: Undefined(0x80001001)
06-22 17:05:58.541   368   368 W /system/bin/hw/android.hidl.allocator@1.0-service: ashmem_create_region(32768) returning hidl_memory(0xb4ca2470, 32768)
06-22 17:05:58.549   368   368 I chatty  : uid=1000(system) allocator@1.0-s identical 6 lines
06-22 17:05:58.550   368   368 W /system/bin/hw/android.hidl.allocator@1.0-service: ashmem_create_region(32768) returning hidl_memory(0xb4ca2470, 32768)
06-22 17:05:58.559   368   368 W /system/bin/hw/android.hidl.allocator@1.0-service: ashmem_create_region(4096) returning hidl_memory(0xb4ca2470, 4096)
06-22 17:05:58.569   527 16567 I FDVT_Drv: Final: HW_NUM:0, Filter_NUM:0, SKIP_NUM:0
06-22 17:05:58.569   527 16567 D SWFD_MAIN: SWFDMain face num is 0
06-22 17:05:58.570   368   368 W /system/bin/hw/android.hidl.allocator@1.0-service: ashmem_create_region(32768) returning hidl_memory(0xb4ca2470, 32768)
06-22 17:05:58.571   368   368 I chatty  : uid=1000(system) allocator@1.0-s identical 2 lines
06-22 17:05:58.572   368   368 W /system/bin/hw/android.hidl.allocator@1.0-service: ashmem_create_region(32768) returning hidl_memory(0xb4ca2470, 32768)
06-22 17:05:58.575  1153  1153 D StatusBar: No peeking: unimportant notification: 0|com.android.systemui|252119|null|1000
06-22 17:05:58.580  1153  1153 D FaceManagerImpl_client: hasEnrolledFaces   res:0
06-22 17:05:58.582  1153  1153 I chatty  : uid=1000(system) com.android.systemui identical 19 lines
06-22 17:05:58.582  1153  1153 D FaceManagerImpl_client: hasEnrolledFaces   res:0
06-22 17:05:58.583  1876  1876 W PushService: 2019-06-22 17:05:58,583 - [WARN::PushService] - [Thread:2] TinyData TinyDataManager.upload item:null   ts:1561194358583
06-22 17:05:58.583  1876  1876 W PushService: 2019-06-22 17:05:58,583 - [WARN::PushService] - [Thread:2] TinyData TinyDataStorage.cacheTinyData cache data to file begin item:2019/06/22-448  ts:1561194358583
06-22 17:05:58.588  1876  2213 W PushService: 2019-06-22 17:05:58,588 - [WARN::PushService] - [Thread:96] TinyData write to cache file success item:2019/06/22-448  ts:1561194358588
06-22 17:05:58.606   527 16462 W af_mgr_v3: getLensState Keep PDMoving for more than 6 frames, ForceCapture: LensState = 0
06-22 17:05:58.623   390   412 I libPerfService: 11: cpu_ctrl set freq: -1 -1
06-22 17:05:58.623  1813 28626 W MiuiPerfServiceClient: interceptAndQueuing:1153|com.android.systemui|202|68|unknown|null|StatusBar|886975743092250|Slow handle traversal|7
06-22 17:05:58.635 15986 15986 E RecyclerView: No adapter attached; skipping layout
06-22 17:05:58.635 15986 15986 E RecyclerView: No adapter attached; skipping layout
06-22 17:05:58.643   368   368 W /system/bin/hw/android.hidl.allocator@1.0-service: ashmem_create_region(4096) returning hidl_memory(0xb4ca2470, 4096)
06-22 17:05:58.646 15986 16533 W MediaAnalyticsItem: Unable to record: (codec:0:-1:-11:0:6:android.media.mediacodec.mime=audio/vorbis:android.media.mediacodec.mode=audio:android.media.mediacodec.encoder=0:android.media.mediacodec.codec=OMX.google.vorbis.decoder:android.media.mediacodec.secure=0:android.media.mediacodec.bytesin=11679:) [forcenew=0]
06-22 17:05:58.648  1153  1153 D StatusBar: disable<e i a s b h r c s > disable2<q i n g r >
06-22 17:05:58.649   527 16567 I FDVT_Drv: Final: HW_NUM:0, Filter_NUM:0, SKIP_NUM:0
06-22 17:05:58.650   527 16567 D SWFD_MAIN: SWFDMain face num is 0
06-22 17:05:58.650 15986 16533 V NuMediaExtractor: setDataSource fd=99 (/system/priv-app/MiuiCamera/MiuiCamera.apk), offset=60, length=18076
06-22 17:05:58.650   972  9595 W ActivityManager: Sending non-protected broadcast com.android.systemui.fullscreen.statechange from system 1153:com.android.systemui/1000 pkg com.android.systemui. Callers=
06-22 17:05:58.651   513  8250 W MediaAnalyticsItem: Unable to record: (extractor:0:-1:-11:0:3:android.media.mediaextractor.fmt=OggExtractor:android.media.mediaextractor.ntrk=1:android.media.mediaextractor.mime=application/ogg:) [forcenew=0]
06-22 17:05:58.652   506   700 D DrmMtkUtil: getProcessName() : path : [/proc/15986/cmdline]
06-22 17:05:58.652   506   700 D DrmMtkUtil/WhiteList: IsDrmTrustedClient: deny client[com.android.camera] access drm
06-22 17:05:58.655   506   700 D DrmMtkUtil: getProcessName() : path : [/proc/15986/cmdline]
06-22 17:05:58.655   506   700 D DrmMtkUtil/WhiteList: IsDrmTrustedClient: deny client[com.android.camera] access drm
06-22 17:05:58.660   513  8250 E APEExtractor: getAPEInfo not ape 20483
06-22 17:05:58.661   513  8250 D MediaExtractor: Autodetected media content as 'application/ogg' with confidence 0.20
06-22 17:05:58.661   513  8250 I MtkAVStageFactory: createExtractorExt: source 0xb03f6f40 mime application/ogg meta 0x0
06-22 17:05:58.666 15986 16533 V NuMediaExtractor: track of type 'audio/vorbis' does not publish bitrate
06-22 17:05:58.672 15986 16589 I OMXClient: Treble IOmx obtained
06-22 17:05:58.673   525   653 I OMXMaster: makeComponentInstance(OMX.google.vorbis.decoder) in omx@1.0-service process
06-22 17:05:58.675 15986 16589 D MtkACodec: setupAudioCodec: mime audio/vorbis, encoder 0, msg.get() 0x91497600
06-22 17:05:58.675   525   653 E OMXNodeInstance: getConfig(0xae49c8a0:google.vorbis.decoder, ConfigAndroidVendorExtension(0x6f100004)) ERROR: Undefined(0x80001001)
06-22 17:05:58.680   368   368 W /system/bin/hw/android.hidl.allocator@1.0-service: ashmem_create_region(32768) returning hidl_memory(0xb4ca2470, 32768)
06-22 17:05:58.690   368   368 I chatty  : uid=1000(system) allocator@1.0-s identical 6 lines
06-22 17:05:58.691   368   368 W /system/bin/hw/android.hidl.allocator@1.0-service: ashmem_create_region(32768) returning hidl_memory(0xb4ca2470, 32768)
06-22 17:05:58.700   395   657 I BufferQueueProducer: [com.miui.home/com.miui.home.launcher.Launcher#0](this:0xa920a000,id:2415,api:1,p:1306,c:395) queueBuffer: fps=0.68 dur=1472.28 max=1472.28 min=1472.28
06-22 17:05:58.702   527 16537 D AfAlgoC : [handleAFin0](8) Mode=2,Status=1,StatusC=8,AFSTrigger=0,FirstEnterCam=0,CurPos=346,ISO=1000(100,3200),Shutter=80000,frameT=80,LV=45,deltaBV=0(0),curBV=257(257),stable=1,IsAfSearch=1,IsSelROI=0,ROISel=4,FDstatus=0,fundie=5,tmpv=20,AFMark=1,Time=1561194358,tg 4208 3120, hw 4208 3120, afa 1580 1215 config num 7 monitor roi 38 39, focus roi 18 24
06-22 17:05:58.702   527 16537 D AfAlgoC : [AdpComp] TS_AFDone(886975936447) TS_MLStart(886975219633) PixelInLine(5808) PixelClk(560000000)PSample=346 CSample=346 BeforeM=0 MIng=0 AfterM=92600 LENS_MOVING_TIME=12000
06-22 17:05:58.702   527 16537 D AfAlgo  : down maxOffset=71 maxCompLevel=71, cutOffset=10, maxOffset=71 offset -27, level 27, cut offset 10, x/y/z/g=-37/897/368/970
06-22 17:05:58.702   527 16537 D AfAlgoC : [HB] DafIO in: mode 2(in:2), (PD,LD,SD) cus(1,0,0) input(1,0,0) Que -1
06-22 17:05:58.703   527 16537 D AfAlgoC : PDMUL/PDSEL PD Single window, FV multi-win, select 4
06-22 17:05:58.704   368   368 W /system/bin/hw/android.hidl.allocator@1.0-service: ashmem_create_region(32768) returning hidl_memory(0xb4ca2470, 32768)
06-22 17:05:58.705   368   368 I chatty  : uid=1000(system) allocator@1.0-s identical 2 lines
06-22 17:05:58.705   368   368 W /system/bin/hw/android.hidl.allocator@1.0-service: ashmem_create_region(32768) returning hidl_memory(0xb4ca2470, 32768)
06-22 17:05:58.719   368   368 W /system/bin/hw/android.hidl.allocator@1.0-service: ashmem_create_region(4096) returning hidl_memory(0xb4ca2470, 4096)
06-22 17:05:58.724   527   527 W Camera@Display: type=1400 audit(0.0:2155234): avc: denied { read } for name="u:object_r:camera_prop:s0" dev="tmpfs" ino=1389 scontext=u:r:mtk_hal_camera:s0 tcontext=u:object_r:camera_prop:s0 tclass=file permissive=0
06-22 17:05:58.734   527 16476 E libc    : Access denied finding property "persist.camera.mi.iso"
06-22 17:05:58.738   527 16567 I FDVT_Drv: Final: HW_NUM:0, Filter_NUM:0, SKIP_NUM:0
06-22 17:05:58.738   527 16567 D SWFD_MAIN: SWFDMain face num is 0
06-22 17:05:58.764 15986 16453 I CAM_STScreenNail: normalHandlerCapacity:set normal
06-22 17:05:58.776 15986 16533 W MediaAnalyticsItem: Unable to record: (codec:0:-1:-11:0:6:android.media.mediacodec.mime=audio/vorbis:android.media.mediacodec.mode=audio:android.media.mediacodec.encoder=0:android.media.mediacodec.codec=OMX.google.vorbis.decoder:android.media.mediacodec.secure=0:android.media.mediacodec.bytesin=17890:) [forcenew=0]
06-22 17:05:58.781   527 16537 D AfAlgo  : down maxOffset=71 maxCompLevel=71, cutOffset=10, maxOffset=71 offset -27, level 27, cut offset 10, x/y/z/g=-29/897/368/969
06-22 17:05:58.781   527 16537 D AfAlgoC : [HB] DafIO in: mode 2(in:2), (PD,LD,SD) cus(1,0,0) input(1,0,0) Que -1
06-22 17:05:58.782   527 16537 D AfAlgoC : PDMUL/PDSEL PD Single window, FV multi-win, select 4
06-22 17:05:58.782   527 16537 D AfAlgoC : [DAF] DafIO out: mode 2 isL 0 isQ 0 isV 0 afdac 373 afconf 100 qNum -1
06-22 17:05:58.782   527 16537 D AfAlgoC : [handleAFout0](9) Mode=2,Status=1,StatusC=3,IsAfSearch=3,IsSelROI=0,ROISel=4,FDstatus=0,AFMark=1,mTrig=1,SceneState=00000110,ext=1, PostureDac=397/71, TermalPos=0, searchRange (212,556), camA=-38, post=-27
06-22 17:05:58.782   527 16537 D AfAlgoC : [AdpComp]Equivalent lens pos = 346, FV= 0
06-22 17:05:58.796   368   368 W /system/bin/hw/android.hidl.allocator@1.0-service: ashmem_create_region(4096) returning hidl_memory(0xb4ca2470, 4096)
06-22 17:05:58.811   527 16567 I FDVT_Drv: Final: HW_NUM:0, Filter_NUM:0, SKIP_NUM:0
06-22 17:05:58.811   527 16567 D SWFD_MAIN: SWFDMain face num is 0
06-22 17:05:58.861   527 16537 D AfAlgoC : [handleAFin0](10) Mode=2,Status=1,StatusC=3,AFSTrigger=0,FirstEnterCam=0,CurPos=370,ISO=1000(100,3200),Shutter=80000,frameT=80,LV=45,deltaBV=0(0),curBV=257(257),stable=1,IsAfSearch=3,IsSelROI=0,ROISel=4,FDstatus=0,fundie=5,tmpv=20,AFMark=1,Time=1561194358,tg 4208 3120, hw 4208 3120, afa 1580 1215 config num 7 monitor roi 38 39, focus roi 18 24
06-22 17:05:58.861   527 16537 D AfAlgoC : [AdpComp] TS_AFDone(886976096492) TS_MLStart(886976018600) PixelInLine(5808) PixelClk(560000000)PSample=346 CSample=346 BeforeM=0 MIng=0 AfterM=92600 LENS_MOVING_TIME=12000
06-22 17:05:58.862   527 16537 D AfAlgo  : down maxOffset=71 maxCompLevel=71, cutOffset=10, maxOffset=71 offset -28, level 28, cut offset 10, x/y/z/g=-29/905/384/983
06-22 17:05:58.862   527 16537 D AfAlgoC : [HB] DafIO in: mode 2(in:2), (PD,LD,SD) cus(1,0,0) input(1,0,0) Que -1
06-22 17:05:58.863   527 16537 D AfAlgoC : PDMUL/PDSEL PD Single window, FV multi-win, select 4
06-22 17:05:58.879   368   368 W /system/bin/hw/android.hidl.allocator@1.0-service: ashmem_create_region(4096) returning hidl_memory(0xb4ca2470, 4096)
06-22 17:05:58.882   527 16487 I MtkCam/StreamingProcessor: [0:isAfCallback] AFstate(6 -> 1), msg(2048), msgExt(1), AfCb(1)
06-22 17:05:58.883   972  1003 I GnssLocationProvider: WakeLock released by handleMessage(SET_REQUEST, 0, com.android.server.location.GnssLocationProvider$GpsRequest@8284e94)
06-22 17:05:58.884   527 16567 I FDVT_Drv: Final: HW_NUM:0, Filter_NUM:0, SKIP_NUM:0
06-22 17:05:58.884 15986 15986 D CAM_CameraModule: onAutoFocusMoving moving=true 1
06-22 17:05:58.884   527 16567 D SWFD_MAIN: SWFDMain face num is 0
06-22 17:05:58.885 15986 15986 D CAM_FocusManager: onAutoFocusMoving: mode=continuous-picture show=true
06-22 17:05:58.885 15986 15986 D CAM_FocusView: showStart...
06-22 17:05:58.891   972  1003 D MtkLocationExt: injectRefLocation
06-22 17:05:58.893   492   637 D MNLD    : mnld_main_thread: hal2mnl_hdlr msg
06-22 17:05:58.894   492   637 D MNLD    : hal_gps_inject_location: ret = 0
06-22 17:05:58.894   492   637 D MNLD    : hal_gps_inject_location: mnl2agps_location_sync success
06-22 17:05:58.894   537   554 D agps    : Xed[V_8;|(7C0x)+x\HWcp=;h[Zi=R7&%D`L;2$5=8=-2LG1C`L-5q0,'')""(0xL:5d."'$ #&&&,wA$&`."!pA-@q-xx~~     yiSBDG5(b-xO5AFp-pN:<m-pS83ABAo-y
06-22 17:05:58.894   537   554 D agps    : Xed[V_8;|(7C0x)+x^Sm=;hQcPN=WI;=9E`C3bQ4I=5+2832#+;2$5=8=-2LG1CL-5`X:5d0,'')""(0$}"'$ #&&&,wA$&`."!
06-22 17:05:58.916 15986 16543 D GraphicBuffer: register, handle(0x923ef5c0) (w:720 h:1440 s:736 f:0x1 u:b00)
06-22 17:05:58.941   527 16537 D AfAlgo  : down maxOffset=71 maxCompLevel=71, cutOffset=10, maxOffset=71 offset -27, level 27, cut offset 10, x/y/z/g=-29/905/368/977
06-22 17:05:58.941   527 16537 D AfAlgoC : [HB] DafIO in: mode 2(in:2), (PD,LD,SD) cus(1,0,0) input(1,0,0) Que -1
06-22 17:05:58.942   527 16537 D AfAlgoC : PDMUL/PDSEL PD Single window, FV multi-win, select 4
06-22 17:05:58.949   527 16567 I FDVT_Drv: Final: HW_NUM:0, Filter_NUM:0, SKIP_NUM:0
06-22 17:05:58.953   527 16567 D SWFD_MAIN: SWFDMain face num is 0
06-22 17:05:58.961   368   368 W /system/bin/hw/android.hidl.allocator@1.0-service: ashmem_create_region(4096) returning hidl_memory(0xb4ca2470, 4096)
06-22 17:05:58.963   972  1004 I ActivityManager: Start proc 16600:com.eg.android.AlipayGphone:push/u0a131 for service com.eg.android.AlipayGphone/com.alipay.pushsdk.push.NotificationService caller=com.eg.android.AlipayGphone
06-22 17:05:59.016 15986 15986 D CAM_CameraManager: setOneShotPreviewCallback: com.android.zxing.QRCodeManager$1@5c766c9
06-22 17:05:59.021   527 16537 D AfAlgo  : down maxOffset=71 maxCompLevel=71, cutOffset=10, maxOffset=71 offset -27, level 27, cut offset 10, x/y/z/g=-29/897/368/969
06-22 17:05:59.021   527 16537 D AfAlgoC : [HB] DafIO in: mode 2(in:2), (PD,LD,SD) cus(1,0,0) input(1,0,0) Que -1
06-22 17:05:59.022   527 16537 D AfAlgoC : PDMUL/PDSEL PD Single window, FV multi-win, select 4
06-22 17:05:59.037   368   368 W /system/bin/hw/android.hidl.allocator@1.0-service: ashmem_create_region(4096) returning hidl_memory(0xb4ca2470, 4096)
06-22 17:05:59.053   527 16567 I FDVT_Drv: Final: HW_NUM:0, Filter_NUM:0, SKIP_NUM:0
06-22 17:05:59.054   527 16567 D SWFD_MAIN: SWFDMain face num is 0
06-22 17:05:59.060 16600 16600 I zygote  : The ClassLoaderContext is a special shared library.
06-22 17:05:59.062 16600 16600 I zygote  : The ClassLoaderContext is a special shared library.
06-22 17:05:59.064   527   527 W Camera@Display: type=1400 audit(0.0:2155235): avc: denied { read } for name="u:object_r:camera_prop:s0" dev="tmpfs" ino=1389 scontext=u:r:mtk_hal_camera:s0 tcontext=u:object_r:camera_prop:s0 tclass=file permissive=0
06-22 17:05:59.069   527 16476 E libc    : Access denied finding property "persist.camera.mi.iso"
06-22 17:05:59.075   527 16464 I MtkCam/PrvCB: (16464)[onClientThreadLoop] mOneShotSleepCount 0
06-22 17:05:59.080   527 16464 I MtkCam/PrvCB: (16464)[onClientThreadLoop] mOneShotSleepCount 1
06-22 17:05:59.085   527 16464 I MtkCam/PrvCB: (16464)[onClientThreadLoop] mOneShotSleepCount 2
06-22 17:05:59.090   527 16464 I MtkCam/PrvCB: (16464)[onClientThreadLoop] mOneShotSleepCount 3
06-22 17:05:59.095   527 16464 I MtkCam/PrvCB: (16464)[onClientThreadLoop] mOneShotSleepCount 4
06-22 17:05:59.099 15986 16481 I BufferQueueProducer: [SurfaceTexture-0-15986-0](this:0xa0c78000,id:0,api:4,p:504,c:15986) queueBuffer: fps=12.01 dur=1082.51 max=119.31 min=51.33
06-22 17:05:59.100   527 16464 I MtkCam/PrvCB: (16464)[onClientThreadLoop] mOneShotSleepCount 5
06-22 17:05:59.101   527 16537 D AfAlgo  : down maxOffset=71 maxCompLevel=71, cutOffset=10, maxOffset=71 offset -27, level 27, cut offset 10, x/y/z/g=-29/905/368/977
06-22 17:05:59.101   527 16537 D AfAlgoC : [HB] DafIO in: mode 2(in:2), (PD,LD,SD) cus(1,0,0) input(1,0,0) Que -1
06-22 17:05:59.102   527 16537 D AfAlgoC : PDMUL/PDSEL PD Single window, FV multi-win, select 4
06-22 17:05:59.103   527 16537 D AfAlgoC : [DAF] DafIO out: mode 2 isL 0 isQ 0 isV 0 afdac 486 afconf 100 qNum -1
06-22 17:05:59.103   527 16537 D AfAlgoC : [handleAFout0](13) Mode=2,Status=1,StatusC=6,IsAfSearch=3,IsSelROI=0,ROISel=4,FDstatus=0,AFMark=1,mTrig=1,SceneState=00000110,ext=1, PostureDac=429/71, TermalPos=0, searchRange (212,556), camA=-38, post=-27
06-22 17:05:59.103   527 16537 D AfAlgoC : [AdpComp]Equivalent lens pos = 451, FV= 0
06-22 17:05:59.106   527 16464 I MtkCam/PrvCB: (16464)[onClientThreadLoop] mOneShotSleepCount 6
06-22 17:05:59.111   527 16464 I MtkCam/PrvCB: (16464)[onClientThreadLoop] mOneShotSleepCount 7
06-22 17:05:59.116   527 16464 I MtkCam/PrvCB: (16464)[onClientThreadLoop] mOneShotSleepCount 8
06-22 17:05:59.116   395  1020 I BufferQueueProducer: [SurfaceView - com.android.camera/com.android.camera.Camera#0](this:0xa94ac000,id:10644,api:1,p:15986,c:395) queueBuffer: fps=12.84 dur=1012.21 max=123.58 min=26.80
06-22 17:05:59.118   368   368 W /system/bin/hw/android.hidl.allocator@1.0-service: ashmem_create_region(4096) returning hidl_memory(0xb4ca2470, 4096)
06-22 17:05:59.121   527 16464 I MtkCam/PrvCB: (16464)[onClientThreadLoop] mOneShotSleepCount 9
06-22 17:05:59.126   527 16464 I MtkCam/PrvCB: (16464)[onClientThreadLoop] mOneShotSleepCount 10
06-22 17:05:59.131   527 16464 I MtkCam/PrvCB: (16464)[onClientThreadLoop] Preview client disabled, Msg(0) Prv(1) BufQueueRunning(0)
06-22 17:05:59.144   527 16567 I FDVT_Drv: Final: HW_NUM:0, Filter_NUM:0, SKIP_NUM:0
06-22 17:05:59.144   527 16567 D SWFD_MAIN: SWFDMain face num is 0
06-22 17:05:59.146 16600 16600 W ResourceType: No package identifier when getting name for resource number 0x00000000
06-22 17:05:59.150   395  1020 I BufferQueueProducer: [com.android.camera/com.android.camera.Camera#0](this:0xac0fd000,id:10643,api:1,p:15986,c:395) queueBuffer: fps=15.87 dur=1008.35 max=689.48 min=10.00
06-22 17:05:59.176   537   589 D agps    : [agps] WARNING: [AGPS] agps2_ref_loc_timeout
06-22 17:05:59.176   537   554 D agps    : [agps][n][CP] [MD_1] write  nbr_cell_info_reg_req
06-22 17:05:59.181   527 16537 D AfAlgoC : [handleAFin0](14) Mode=2,Status=1,StatusC=6,AFSTrigger=0,FirstEnterCam=0,CurPos=402,ISO=1000(100,3200),Shutter=80000,frameT=80,LV=45,deltaBV=0(0),curBV=257(257),stable=1,IsAfSearch=3,IsSelROI=0,ROISel=4,FDstatus=0,fundie=5,tmpv=20,AFMark=1,Time=1561194359,tg 4208 3120, hw 4208 3120, afa 1580 1215 config num 11 monitor roi 38 39, focus roi 18 24
06-22 17:05:59.181   527 16537 D AfAlgoC : [AdpComp] TS_AFDone(886976416470) TS_MLStart(886976339532) PixelInLine(5808) PixelClk(560000000)PSample=459 CSample=459 BeforeM=16124 MIng=12000 AfterM=64476 LENS_MOVING_TIME=12000
06-22 17:05:59.181   527 16537 D AfAlgo  : down maxOffset=71 maxCompLevel=71, cutOffset=10, maxOffset=71 offset -27, level 27, cut offset 10, x/y/z/g=-29/897/376/973
06-22 17:05:59.181   527 16537 D AfAlgoC : [HB] DafIO in: mode 2(in:2), (PD,LD,SD) cus(1,0,0) input(1,0,0) Que -1
06-22 17:05:59.183   527 16537 D AfAlgoC : PDMUL/PDSEL PD Single window, FV multi-win, select 4
06-22 17:05:59.183   527 16537 D AfAlgoC : [DAF] DafIO out: mode 2 isL 1 isQ 0 isV 1 afdac 429 afconf 100 qNum -1
06-22 17:05:59.183   527 16537 D AfAlgoC : [handleAFout0](14) Mode=2,Status=0,StatusC=7,IsAfSearch=0,IsSelROI=0,ROISel=4,FDstatus=0,AFMark=2,mTrig=0,SceneState=00000110,ext=1, PostureDac=429/71, TermalPos=0, searchRange (212,556), camA=-39, post=-27
06-22 17:05:59.183   527 16537 D AfAlgoC : [AdpComp]Equivalent lens pos = 415, FV= 0
06-22 17:05:59.184 15986 15996 I zygote  : Background concurrent copying GC freed 22898(2MB) AllocSpace objects, 19(636KB) LOS objects, 73% free, 4MB/16MB, paused 220us total 103.643ms
06-22 17:05:59.186   537   554 D agps    : [agps][n][CP] [MD_1] read  nbr_cell_info_ind  rat_mode=1 (GSM=1 UMTS=2 LTE=4) is_nbr_info_valid=1
06-22 17:05:59.186   537   554 D agps    : [agps][n][CP] [MD_1] write  nbr_cell_info_dereg_req
06-22 17:05:59.186   537   554 D agps    : [agps][n][AGPS] agps2_mgr_session_req  type=[UP]
06-22 17:05:59.187   537   554 E agps    : [agps] ERR: [AGPS] update_imsi_to_supl_swip  IMSI is invalid
06-22 17:05:59.187   537   554 D agps    : [agps][SUPL] config supl_version=2 eCID=1 addr=[supl.google.com] port=7275 tls=1
06-22 17:05:59.187   537   554 D agps    : [agps][SUPL] create type=[SI] trigger_type=[NONE] pos_method=[BASE]
06-22 17:05:59.187   537   554 D agps    : [agps][SUPL] qop horacc=22 veracc=0(used=0) maxLocAge=0(used=0) delay=0(used=0)
06-22 17:05:59.187   537   578 V MtkAgpsNative: supl_mmi_msg_hdlr msg_id(6)(MSG_ID_SUPL_MMI_CONFIG_REQ)
06-22 17:05:59.187   537   578 V MtkAgpsNative: supl_mmi_msg_hdlr msg_id(7)(MSG_ID_SUPL_MMI_CREATE_REQ)
06-22 17:05:59.192   537   578 D agps    : [agps][n][CP] [MD_1] write  nbr_cell_info_reg_req
06-22 17:05:59.193   537   554 D agps    : [agps][n][CP] [MD_1] read  nbr_cell_info_dereg_cnf
06-22 17:05:59.196   537   554 D agps    : [agps][n][CP] [MD_1] read  nbr_cell_info_ind  rat_mode=1 (GSM=1 UMTS=2 LTE=4) is_nbr_info_valid=1
06-22 17:05:59.198   537   578 D agps    : [agps][n][SUPL] supl_l4c_nbr_cell_info_update: use preferred eCell: i(0) diiff_time(0) n(3)
06-22 17:05:59.198   537   578 D agps    : [agps][n][CP] [MD_1] write  nbr_cell_info_dereg_req
06-22 17:05:59.198   537   578 D agps    : [agps] WARNING: [APP] SUPL_START [SET_BASE][2.0.0] [Snd]
06-22 17:05:59.198   537   578 D agps    : [agps][n][SUPL] version=2 support_network_used=0 wlan=0 is_associated=1
06-22 17:05:59.198   537   578 I MtkAgpsNative: Enter supl_conn_send_create_req
06-22 17:05:59.198   537   554 D agps    : [agps][SUPL] MMI msg_id=[MSG_ID_SUPL_MMI_SUPL_FLOW_IND]
06-22 17:05:59.198   537   554 D agps    : [agps][n][CP] [MD_1] write  cp2_util_send_raw_data_req  type=[SUPL_FLOW_IND] len=105
06-22 17:05:59.199   368   368 W /system/bin/hw/android.hidl.allocator@1.0-service: ashmem_create_region(4096) returning hidl_memory(0xb4ca2470, 4096)
06-22 17:05:59.201   535   583 D lbs_hidl_service: [1.06][mtk_agps2framework] handleSocketEvent() ret=[9]
06-22 17:05:59.204   537   554 D agps    : [agps][n][CP] [MD_1] read  nbr_cell_info_dereg_cnf
06-22 17:05:59.206   507   534 I thermald: inotify_add_watch error!
06-22 17:05:59.207   507   534 I thermald: Error 2: No such file or directory
06-22 17:05:59.207   972  1073 D AgpsApn : isExist() 0
06-22 17:05:59.207   535   583 D lbs_hidl_service: [1.06][mtk_agps2framework] handleSocketEvent() ret=[29]
06-22 17:05:59.208   972  1073 D AgpsApn : requestDedicatedApnAndDnsQuery() fqdn=supl.google.com isEsupl=false isSuplApn=false
06-22 17:05:59.208   972  3909 D AgpsApn : handleRequestNet
06-22 17:05:59.209   972  3909 D AgpsApn : checking net=101 cap=[ Transports: WIFI Capabilities: NOT_METERED&INTERNET&NOT_RESTRICTED&TRUSTED&NOT_VPN&VALIDATED&FOREGROUND LinkUpBandwidth>=1048576Kbps LinkDnBandwidth>=1048576Kbps SignalStrength: -28]
06-22 17:05:59.221   527 16567 I FDVT_Drv: Final: HW_NUM:0, Filter_NUM:0, SKIP_NUM:0
06-22 17:05:59.221   527 16567 D SWFD_MAIN: SWFDMain face num is 0
06-22 17:05:59.236   395   395 I DisplayDevice: [Built-in Screen (type:0)] fps:48.500751,dur:1010.29,max:105.73,min:3.39
06-22 17:05:59.240   527 16462 D AeFlowDefault: [AeMgr::SetAFAELock] AE reschedule
06-22 17:05:59.247   972  3909 D AgpsApn : ia=supl.google.com/108.177.97.192 bytes=[108, -79, 97, -64] network=null
06-22 17:05:59.249   535   535 D lbs_hidl_service: [1.06][mtk_framework2agps] sendToServer() size=[40]
06-22 17:05:59.249   537   578 D agps    : [agps][n][task] DNS IPv4=[108.177.97.192]
06-22 17:05:59.249   537   578 E agps    : [agps] ERR: [Utility] do_socket_connect_v6  no v6 address
06-22 17:05:59.250   537   578 D agps    : [agps] WARNING: [Utility] socket_dump_keepalive_status() enabled=0 probes=9 time=7200 intvl=75
06-22 17:05:59.251   972  3909 D AgpsApn : DnsQueryResult() fqdn=supl.google.com isSuccess=true hasIpv4=true ipv4=c061b16c hasIpv6=false ipv6=[0, 0, 0, 0, 0, 0, 0, 0, 0, 0, 0, 0, 0, 0, 0, 0] hasNetId=false netId=-1 ret=true
06-22 17:05:59.253   537   578 D agps    : [agps] WARNING: [APP] Before Connection IPv4=[108:177:97:192] Port=[7275] ret=[-1] errno=[115] fd=[54]
06-22 17:05:59.262   527 16537 D AfAlgoC : [handleAFin0](15) Mode=2,Status=0,StatusC=7,AFSTrigger=0,FirstEnterCam=0,CurPos=402,ISO=1000(100,3200),Shutter=80000,frameT=80,LV=45,deltaBV=0(0),curBV=257(257),stable=1,IsAfSearch=0,IsSelROI=0,ROISel=4,FDstatus=0,fundie=0,tmpv=20,AFMark=2,Time=1561194359,tg 4208 3120, hw 4208 3120, afa 1580 1215 config num 12 monitor roi 38 39, focus roi 18 24
06-22 17:05:59.262   527 16537 D AfAlgoC : [AdpComp] TS_AFDone(886976496641) TS_MLStart(886976339532) PixelInLine(5808) PixelClk(560000000)PSample=402 CSample=402 BeforeM=15662 MIng=12000 AfterM=64938 LENS_MOVING_TIME=12000
06-22 17:05:59.262   527 16537 D AfAlgoC : [HB] DafIO in: mode 2(in:2), (PD,LD,SD) cus(1,0,0) input(1,0,0) Que -1
06-22 17:05:59.263   527 16537 D AfAlgoC : PDMUL/PDSEL PD Single window, FV multi-win, select 4
06-22 17:05:59.278   368   368 W /system/bin/hw/android.hidl.allocator@1.0-service: ashmem_create_region(4096) returning hidl_memory(0xb4ca2470, 4096)
06-22 17:05:59.282   527 16487 I MtkCam/StreamingProcessor: [0:isAfCallback] AFstate(1 -> 2), msg(2048), msgExt(0), AfCb(1)
06-22 17:05:59.296 15986 15986 D CAM_CameraModule: onAutoFocusMoving moving=false 1
06-22 17:05:59.297 15986 15986 D CAM_FocusManager: onAutoFocusMoving: mode=continuous-picture show=true
06-22 17:05:59.297 15986 15986 D CAM_FocusView: showSuccess...
06-22 17:05:59.302   527 16567 I FDVT_Drv: Final: HW_NUM:0, Filter_NUM:0, SKIP_NUM:0
06-22 17:05:59.302   527 16567 D SWFD_MAIN: SWFDMain face num is 0
06-22 17:05:59.342   527 16537 D AfAlgoC : [HB] DafIO in: mode 2(in:2), (PD,LD,SD) cus(1,0,0) input(1,0,0) Que -1
06-22 17:05:59.343   527 16537 D AfAlgoC : PDMUL/PDSEL PD Single window, FV multi-win, select 4
06-22 17:05:59.352   492 16550 D MPE     : mtk_gps_mnl_trigger_mpe: mpemsg len=0
06-22 17:05:59.361   368   368 W /system/bin/hw/android.hidl.allocator@1.0-service: ashmem_create_region(4096) returning hidl_memory(0xb4ca2470, 4096)
06-22 17:05:59.372   527 16464 W MtkCam/PrvCB: (16464)[waitAndHandleReturnBuffers] vQueNode.empty()
06-22 17:05:59.374   492 16550 D MPE     : mtk_gps_mnl_trigger_mpe: mpemsg len=0
06-22 17:05:59.375   527 16567 I FDVT_Drv: Final: HW_NUM:0, Filter_NUM:0, SKIP_NUM:0
06-22 17:05:59.375   527 16567 D SWFD_MAIN: SWFDMain face num is 0
06-22 17:05:59.378   527 16476 E libc    : Access denied finding property "persist.camera.mi.iso"
06-22 17:05:59.382   492 16550 D pseudo  : mtk_gps_sys_nmea_output_to_mnld: received 1048 bytes:
06-22 17:05:59.383   537   554 D agps    : [agps][n][AGPS] [MNL] write  pmtk  [$PMTK680,1,FFFFF519*76
06-22 17:05:59.383   537   554 D agps    :  ]
06-22 17:05:59.385   492 16550 D pseudo  : mtk_gps_sys_nmea_output_to_app: len:1048, [NMEA]$GNGGA,090559.01...
06-22 17:05:59.385   492 16550 D gps_controlller: mtk_gps_sys_gps_mnl_callback: msg:0
06-22 17:05:59.385   492 16550 D gps_controlller: send_active_notify: send clean nmea timer cmd!
06-22 17:05:59.386   492 16550 D gps_controlller: mtk_gps_sys_gps_mnl_callback: MTK_GPS_MSG_FIX_READY,GET_RTC_FAIL
06-22 17:05:59.386   492 16550 D pseudo  : mtk_gps_sys_nmea_output_to_app: len:46, [vAGPS_Auto_Req]:g_FirstDbtt:0,u2BitMap:0x10f
06-22 17:05:59.374   527   527 W Camera@Display: type=1400 audit(0.0:2155236): avc: denied { read } for name="u:object_r:camera_prop:s0" dev="tmpfs" ino=1389 scontext=u:r:mtk_hal_camera:s0 tcontext=u:object_r:camera_prop:s0 tclass=file permissive=0
06-22 17:05:59.390   492   626 D gps_controlller: gps_control_thread: gps_control_thread wait
06-22 17:05:59.413 15986 15986 D CAM_CameraManager: setOneShotPreviewCallback: com.android.zxing.QRCodeManager$1@5c766c9
06-22 17:05:59.421   527 16537 D AfAlgoC : [HB] DafIO in: mode 2(in:2), (PD,LD,SD) cus(1,0,0) input(1,0,0) Que -1
06-22 17:05:59.422   527 16537 D AfAlgoC : PDMUL/PDSEL PD Single window, FV multi-win, select 4
06-22 17:05:59.439   368   368 W /system/bin/hw/android.hidl.allocator@1.0-service: ashmem_create_region(4096) returning hidl_memory(0xb4ca2470, 4096)
06-22 17:05:59.452   527 16567 I FDVT_Drv: Final: HW_NUM:0, Filter_NUM:0, SKIP_NUM:0
06-22 17:05:59.452   527 16567 D SWFD_MAIN: SWFDMain face num is 0
06-22 17:05:59.494   527 16464 I MtkCam/PrvCB: [performPreviewCallback] fps: 2.958604 = 6 / 2027983462 ns
06-22 17:05:59.502   527 16537 D AfAlgoC : [HB] DafIO in: mode 2(in:2), (PD,LD,SD) cus(1,0,0) input(1,0,0) Que -1
06-22 17:05:59.503   527 16537 D AfAlgoC : PDMUL/PDSEL PD Single window, FV multi-win, select 4
06-22 17:05:59.504 16600 16600 W ipayGphone:push: type=1400 audit(0.0:2155237): avc: denied { read } for name="version" dev="proc" ino=4026532066 scontext=u:r:untrusted_app:s0:c512,c768 tcontext=u:object_r:proc:s0 tclass=file permissive=0
06-22 17:05:59.520   368   368 W /system/bin/hw/android.hidl.allocator@1.0-service: ashmem_create_region(4096) returning hidl_memory(0xb4ca2470, 4096)
06-22 17:05:59.538   527 16567 I FDVT_Drv: Final: HW_NUM:0, Filter_NUM:0, SKIP_NUM:0
06-22 17:05:59.538   527 16567 D SWFD_MAIN: SWFDMain face num is 0
06-22 17:05:59.581   527 16537 D AfAlgoC : [HB] DafIO in: mode 2(in:2), (PD,LD,SD) cus(1,0,0) input(1,0,0) Que -1
06-22 17:05:59.583   527 16537 D AfAlgoC : PDMUL/PDSEL PD Single window, FV multi-win, select 4
06-22 17:05:59.599   368   368 W /system/bin/hw/android.hidl.allocator@1.0-service: ashmem_create_region(4096) returning hidl_memory(0xb4ca2470, 4096)
