06-22 17:05:57.884   492   626 D NVRAM   : NVM_ProtectDataFile : 52 ++
06-22 17:05:57.884   492   626 D NVRAM   : iCustomBeginLID = 51
06-22 17:05:57.884   492   626 D NVRAM   : NVM_CheckFileSize:stat_size:54,size in table:52
06-22 17:05:57.884   492   626 D NVRAM   : NVM_CheckFile: File is correct!
06-22 17:05:57.884   492   626 D NVRAM   : NVM_ProtectUserData:Check Success
06-22 17:05:57.884   492   626 D NVRAM   : NVM_GetFileDesc ProtectDataFile Check Success!!
06-22 17:05:57.885   492   626 D NVRAM   : NVM_CloseFileDesc: Open by Readonly, no need to check when close
06-22 17:05:57.885   492   626 D pseudo  : mtk_gps_sys_init: GPS NVRam :(52 * 1), dsp_dev(/dev/stpgps) : /dev/stpgps
06-22 17:05:57.885   492   626 D pseudo  : mtk_gps_sys_init: gps_tcxo_hz : 26000000,gps_tcxo_ppb : 0,gps_tcxo_type : 255, gps_lna_mode : 0
06-22 17:05:57.885   492   626 D gps_controlller: mnld_gps_start_impl: mtk_gps_sys_init() success
06-22 17:05:57.885   492   626 D gps_controlller: linux_gps_init: Other calibration,chip_id:0x6765
06-22 17:05:57.885   492   626 D gps_controlller: linux_gps_init: lseek calibration file for 93MD
06-22 17:05:57.885   492   626 D gps_controlller: linux_gps_init: customer didn't set clock drift value, use default value
06-22 17:05:57.886 15986 15986 D V23Utils: getSdcardPath: sdcardVolume = null
06-22 17:05:57.886 15986 15986 D CAM_FileCompat: getExtSDCardPaths: activePath = null
06-22 17:05:57.886 15986 15986 D V23Utils: getSdcardPath: sdcardVolume = null
06-22 17:05:57.887 15986 15986 D CAM_FileCompat: getExtSDCardPaths: activePath = null
06-22 17:05:57.887 15986 15986 D V23Utils: getSdcardPath: sdcardVolume = null
06-22 17:05:57.888 15986 15986 D CAM_CameraStorage: updateDirectory -> DIRECTORY = /storage/emulated/0/DCIM/Camera
06-22 17:05:57.889 15986 15986 D CAM_Camera: onResume end
06-22 17:05:57.894   395   657 I SurfaceFlinger: EventThread Client Pid (15986) created
06-22 17:05:57.895   395  1020 I SurfaceFlinger: EventThread Client Pid (15986) created
06-22 17:05:57.895 15986 16542 D CAM_CameraMemoryManager: initMemory: maxMemory=268435456
06-22 17:05:57.900 15986 15986 D OpenGLRenderer: Dumper init 2 threads <0x929d48c0>
06-22 17:05:57.900 15986 15986 D OpenGLRenderer: <com.android.camera> is running.
06-22 17:05:57.901   527 16537 D LensDrv : [init] Dev : 1 +
06-22 17:05:57.903   527   949 D awb_mgr : mGoldenGain2.i4R[1011] mUnitGain2.i4R = 991
06-22 17:05:57.903   527 16537 D LensDrv : [Main ][init] : pthread_create
06-22 17:05:57.904   527 16537 D LensDrv : [init] -
06-22 17:05:57.904   527 16544 D LensDrv : [Main ][initMCU] : lens init() [m_userCnt] 0  +
06-22 17:05:57.904   527 16544 D LensDrv : [Main ][initMCU] : [Lens Driver] CACTUS_FP5510E2AF_SUNNY
06-22 17:05:57.905   527   949 D awb_mgr : mGoldenGain2.i4G[512] mUnitGain2.i4G = 512
06-22 17:05:57.905   527   949 D awb_mgr : mGoldenGain2.i4B[821] mUnitGain2.i4B = 797
06-22 17:05:57.908   527   949 E Hal3ARaw: [send3ACtrl]  E3ACtrl_SetLcsoParam getResult fail, P1 Driver FrmId: 1 (send3ACtrl){#2750:vendor/mediatek/proprietary/hardware/mtkcam/aaa/source/mt6765/wrapper/Hal3ARawImp.cpp}
06-22 17:05:57.909   395   657 I SurfaceFlinger: EventThread Client Pid (15986) created
06-22 17:05:57.911 15986 16543 D OpenGLRenderer: HWUI GL Pipeline
06-22 17:05:57.912   527 16544 D LensDrv : [Main ][initMCU] : Init Done 1 - 1
06-22 17:05:57.912   527 16544 D LensDrv : [Main ][initMCU] : lens init() [m_userCnt]1 [fdMCU_main]220 [Status]1 - 1 -
06-22 17:05:57.914 15986 15986 W .android.camera: type=1400 audit(0.0:2155231): avc: denied { read } for name="u:object_r:graphics_config_prop:s0" dev="tmpfs" ino=1328 scontext=u:r:platform_app:s0:c512,c768 tcontext=u:object_r:graphics_config_prop:s0 tclass=file permissive=0
06-22 17:05:57.915 15986 15986 D ViewRootImpl[Camera]: hardware acceleration = true , fakeHwAccelerated = false, sRendererDisabled = false, forceHwAccelerated = false, sSystemRendererDisabled = false
06-22 17:05:57.916   395   657 I SurfaceFlinger: [SF client] NEW(0xa94efea0) for (972:system_server)
06-22 17:05:57.917   972  9595 I WifiService: getWifiEnabledState uid=10067
06-22 17:05:57.918 15986 15986 E libc    : Access denied finding property "ro.sf.lcd_density"
06-22 17:05:57.918 15986 15986 E InputTransport: ro.sf.lcd_density must be defined as a build property
06-22 17:05:57.918 15986 15986 V PhoneWindow: DecorView setVisiblity: visibility = 0, Parent = ViewRoot{7782f7d com.android.camera/com.android.camera.Camera,ident = 0}, this = DecorView@96a7e7a[Camera]
06-22 17:05:57.920  2338  2497 W WifiMonitor: available wifis has none
06-22 17:05:57.920  2338  2497 I NetworkLocationManager: start get current Location
06-22 17:05:57.920 15986 15986 D AnimationComposite: Ignore initial portrait state.
06-22 17:05:57.922  1153  1153 D GestureStubView: resetRenderProperty: showGestureStub
06-22 17:05:57.922  1153  1153 D GestureStubView: showGestureStub
06-22 17:05:57.922  1153  1153 D GestureStubView: resetRenderProperty: showGestureStub
06-22 17:05:57.923  1153  1153 D GestureStubView: showGestureStub
06-22 17:05:57.925 15986 16540 E CAM_CameraBrightness: Couldn't find field com/android/internal/R$integer.config_backlightBits
06-22 17:05:57.926 15986 16540 D CAM_CameraBrightness: current back light -> 255
06-22 17:05:57.927 15986 16540 E CAM_CameraBrightness: Couldn't find field com/android/internal/R$bool.config_manual_spline_available
06-22 17:05:57.928 15986 16540 E CAM_CameraBrightness: Couldn't find field com/android/internal/R$array.config_manualBrightnessRemapIn
06-22 17:05:57.928 15986 16540 E CAM_CameraBrightness: Couldn't find field com/android/internal/R$array.config_manualBrightnessRemapOut
06-22 17:05:57.930  1153  1153 D GestureStubView: resetRenderProperty: setSize
06-22 17:05:57.931   492   626 D gps_controlller: linux_gps_init: open dsp successfully
06-22 17:05:57.931   492   626 D gps_controlller: linux_gps_init: GPS coclock, buffer 2, coTMS
06-22 17:05:57.933   527   949 I MtkCam/P1NodeUtility: [reset] [Cam::0] StageCtrl reset OK
06-22 17:05:57.933   527   949 I MtkCam/P1NodeImp: [hardwareOps_request] [Cam::0] Cam::0 BinEn:0 ConfigPort[4]:0xf
06-22 17:05:57.933   527   949 I MtkCam/P1NodeImp: [queue] [Cam::0] HW request ---
06-22 17:05:57.934   527   949 I MtkCam/CamAdapter: (949)[transitState] StateIdle --> StatePreview
06-22 17:05:57.934   527   949 I mtkcam-dev1: 0[CameraDevice1Base::startPreview] - status(0)
06-22 17:05:57.935 15986 16450 D CAM_CameraModule: setCameraState: 1
06-22 17:05:57.935 15986 16450 D CAM_BaseModule: enableCameraControls: true
06-22 17:05:57.935   492   626 D gps_controlller: linux_gps_init: need do nothing for RTC
06-22 17:05:57.935   492   626 D gps_controlller: linux_gps_init: Get chip version type (0xffff6765)
06-22 17:05:57.935   492   626 D gps_controlller: linux_gps_init: Get chip version value (400)
06-22 17:05:57.935   492   626 D gps_controlller: linux_gps_init: use Spirent to test
06-22 17:05:57.935   492   626 D gps_controlller: linux_gps_init: u4Bitmap= 0, init_cfg.C0 = 1062924132,init_cfg.C1 = -1099424624,init_cfg.initU = -1168190839,init_cfg.lastU = 953267991,GNSSOPMode: 0x6,eLNA_pin:91
06-22 17:05:57.935   492   626 D gps_controlller: linux_gps_init: OFFLOAD_STATUS:OFFLOAD_enabled:0,OFFLOAD_switchMode:0,type=1
06-22 17:05:57.935 15986 16450 D CAM_BaseModule: onResume
06-22 17:05:57.935   492   626 D pseudo  : mtk_gps_sys_nmea_output_to_app: len:19, set option, cfg = 0
06-22 17:05:57.935   492   626 D gps_controlller: linux_gps_init: MNL_OFL_OPTION_ENALBE_OFFLOAD = 0
06-22 17:05:57.935 15986 16450 D CAM_ThumbnailUpdater: getLastThumbnail, current thumbnailtask is null
06-22 17:05:57.936   492   626 D gps_controlller: linux_gps_init: init_cfg.Int_IMAX_Config = 0
06-22 17:05:57.936   492   626 D pseudo  : mtk_gps_sys_nmea_output_to_app: len:28, NMEA output by callback!!!
06-22 17:05:57.936   492   626 D pseudo  : mtk_gps_sys_nmea_output_to_app: len:69, ChipID,x,80000190,y,FFFF6765,hw_ver,8A00,fw_ver,8A00,gnss_mode_flag,0
06-22 17:05:57.936   492   626 D pseudo  : mtk_gps_sys_nmea_output_to_app: len:56, [GPSDBG],INF,write gps debug log in MNLD,DebugType(0x10)
06-22 17:05:57.936   492   626 D pseudo  : mtk_gps_sys_nmea_output_to_app: len:23, mnl socket num:(7000)
06-22 17:05:57.936   492   626 D pseudo  : mtk_gps_sys_nmea_output_to_app: len:54, mnl_sys_rec_set_created_bitmask: 0x00000000, 0, 1, 0
06-22 17:05:57.936   492   626 D pseudo  : mtk_gps_sys_nmea_output_to_app: len:54, mnl_sys_rec_set_created_bitmask: 0x00000000, 0, 0, 0
06-22 17:05:57.936   492   626 D pseudo  : mtk_gps_sys_nmea_output_to_app: len:59, MNL offload is disable, do not create OFL dbg thread (7).
06-22 17:05:57.936   492   626 D pseudo  : mtk_gps_sys_nmea_output_to_app: len:59, MNL offload is disable, do not create OFL out thread (6).
06-22 17:05:57.936   492   626 D pseudo  : mtk_gps_sys_nmea_output_to_app: len:54, mnl_sys_rec_set_created_bitmask: 0x00000000, 0, 3, 0
06-22 17:05:57.936   492   626 D pseudo  : mtk_gps_sys_nmea_output_to_app: len:21,  Agent epo init OK
06-22 17:05:57.936   492   626 D pseudo  : mtk_gps_sys_nmea_output_to_app: len:54, mnl_sys_rec_set_created_bitmask: 0x00000000, 0, 4, 0
06-22 17:05:57.936   492   626 D gps_controlller: linux_gps_init: Status (18)
06-22 17:05:57.936   492   626 D MPE     : mnl_mpe_thread_init: mpe enabled
06-22 17:05:57.936   492   626 D MPE     : mnl_mpe_thread_init: register mpe cb 0,gMpeCallBackFunc= 0x85f5c409,mtk_gps_mnl_trigger_mpe=0x85f5c409
06-22 17:05:57.936   492   626 D gps_controlller: linux_gps_init: EPOHAL file does not exist, no EPO yet
06-22 17:05:57.936   492   626 D gps_controlller: linux_gps_init: QEPOHAL file does not exist, no EPO yet
06-22 17:05:57.936 15986 16450 D CAM_CameraModule: installIntentFilter: com.android.camera.module.CameraModule$2@1e68740
06-22 17:05:57.936   492   626 D gps_controlller: linux_gps_init: MTKNAVHAL file does not exist, no MTKNAV yet
06-22 17:05:57.936   492   626 D gps_controlller: linux_gps_init: dsp port (/dev/stpgps),nmea port (UseCallback),nmea dbg port (/dev/ttygserial),dbg_file_name (/mnt/sdcard/mtklog/connsyslog/gpshost/GPS_HOST),DebugType (16),nv_file_name (/data/misc/gps/mtkgps.dat), mtk_gps_log_hide:0
06-22 17:05:57.936   492   626 D gps_controlller: get_prop: Config is not set yet, use default value
06-22 17:05:57.936   492   626 D gps_controlller: gps_raw_data_enable: gps_raw_data_enable: open /data/misc/gps/gps.conf fail!
06-22 17:05:57.936   492   626 D gps_controlller: linux_gps_init: 0 st send profile to agent OK
06-22 17:05:57.936   492   626 D gps_controlller: linux_gps_init: mnl init, mtk_gps_get_position_accuracy success
06-22 17:05:57.936   492   626 E gps_controlller: hasAlmanac: open file(/nvcfg/almanac.dat) fail
06-22 17:05:57.936   492   626 D gps_controlller: linux_gps_init: sent CMD_SIB8_16_ENABLE to mnl, sib8_16_enable = 1 ,ret = 0
06-22 17:05:57.936   492   626 D gps_controlller: linux_gps_init: sent enable_debug2app to mnl, enable_debug2app = 0 ,ret = 0
06-22 17:05:57.936   492   626 D gps_controlller: linux_gps_init: sent MTK_PARAM_CMD_LPPE_ENABLE to mnl, lppe_enable = 1 ,ret = 0
06-22 17:05:57.936   492   626 D gps_controlller: mnld_gps_start_impl: linux_gps_init() success
06-22 17:05:57.936   492   626 D gps_controlller: mnld_gps_start_impl: linux_setup_signal_handler() success
06-22 17:05:57.939  1153  1153 D GestureStubView: resetRenderProperty: setSize
06-22 17:05:57.940   395   395 W GuiExt  : Cannot find GuiExtService
06-22 17:05:57.940   972   983 I ActivityManager: Process com.eg.android.AlipayGphone:push (pid 21998) has died: cch+6SVC
06-22 17:05:57.940   395   395 I BufferQueueConsumer: [unnamed-395-10643](this:0xac0fd000,id:10643,api:0,p:-1,c:395) connect(C): consumer=(395:/system/bin/surfaceflinger) controlledByApp=false
06-22 17:05:57.940   395   395 I BufferQueueConsumer: [unnamed-395-10643](this:0xac0fd000,id:10643,api:0,p:-1,c:395) setConsumerName: unnamed-395-10643
06-22 17:05:57.940   395   395 I BufferQueueConsumer: [com.android.camera/com.android.camera.Camera#0](this:0xac0fd000,id:10643,api:0,p:-1,c:395) setConsumerName: com.android.camera/com.android.camera.Camera#0
06-22 17:05:57.940   395   395 I BufferQueueConsumer: [com.android.camera/com.android.camera.Camera#0](this:0xac0fd000,id:10643,api:0,p:-1,c:395) setDefaultBufferSize: width=720 height=1440
06-22 17:05:57.940   972   983 W ActivityManager: Scheduling restart of crashed service com.eg.android.AlipayGphone/com.alipay.pushsdk.push.NotificationService in 1000ms
06-22 17:05:57.941   492   626 D gps_controlller: mnld_gps_start: mnld_gps_start() success
06-22 17:05:57.941   492   626 D gps_controlller: mnl_write_attr: write '2' to /sys/class/gpsdrv/gps/state okay
06-22 17:05:57.941   492   626 D gps_controlller: gps_control_thread: gps_control_thread wait
06-22 17:05:57.941   972   982 I WifiService: getWifiEnabledState uid=10067
06-22 17:05:57.942   972  1006 W zygote  : kill(-21998, 9) failed: No such process
06-22 17:05:57.943   492 16547 D gps_dbg_log: gps_dbg_log_thread: create: B488B970, arg = 0x0
06-22 17:05:57.943   492 16547 D mtk_lbs_utility: init_condition: ret mutex unlock = 0
06-22 17:05:57.943   492 16547 D mtk_lbs_utility: init_condition: ret mutex unlock = 0
06-22 17:05:57.944   972   982 I WifiService: getWifiEnabledState uid=10067
06-22 17:05:57.944  1876  1900 W PushService: 2019-06-22 17:05:57,944 - [WARN::PushService] - onProcessDied:pid = 21998,died-uid=10131
06-22 17:05:57.944   972   982 I WifiService: isScanAlwaysAvailable uid=10067
06-22 17:05:57.945   492 16548 D pseudo  : mtk_gps_sys_nmea_output_to_app: len:32,  Debug thread created:B478E970
06-22 17:05:57.945   492 16548 D pseudo  : mtk_gps_sys_nmea_output_to_app: len:30, listening debug port: 7000,0
06-22 17:05:57.945   972   982 I WifiService: getConnectionInfo uid=10067
06-22 17:05:57.947   972  1006 W zygote  : kill(-21998, 9) failed: No such process
06-22 17:05:57.948   492 16550 D pseudo  : mtk_gps_sys_nmea_output_to_app: len:30, thread mnl create : B4594970
06-22 17:05:57.949   492 16549 D pseudo  : mtk_gps_sys_nmea_output_to_app: len:32, thread_dsp_input_func:B4691970
06-22 17:05:57.953   492 16552 D pseudo  : mtk_gps_sys_nmea_output_to_app: len:31,  Agent tread created:B4497970
06-22 17:05:57.953   492 16552 D pseudo  : mtk_gps_sys_nmea_output_to_app: len:17,  Agent init OK
06-22 17:05:57.958   527 16492 E Hal3ARaw: [send3ACtrl]  E3ACtrl_SetLcsoParam getResult fail, P1 Driver FrmId: 2 (send3ACtrl){#2750:vendor/mediatek/proprietary/hardware/mtkcam/aaa/source/mt6765/wrapper/Hal3ARawImp.cpp}
06-22 17:05:57.959 15986 15986 E RecyclerView: No adapter attached; skipping layout
06-22 17:05:57.959 15986 15986 E RecyclerView: No adapter attached; skipping layout
06-22 17:05:57.960   972  1006 W zygote  : kill(-21998, 9) failed: No such process
06-22 17:05:57.960   972  1006 I zygote  : Successfully killed process cgroup uid 10131 pid 21998 in 18ms
06-22 17:05:57.961   972  2030 I WifiService: getWifiEnabledState uid=10067
06-22 17:05:57.962 15986 16543 I zygote  : android::hardware::configstore::V1_0::ISurfaceFlingerConfigs::hasWideColorDisplay retrieved: 0
06-22 17:05:57.962 15986 16543 I OpenGLRenderer: Initialized EGL, version 1.4
06-22 17:05:57.962   395   395 W GuiExt  : Cannot find GuiExtService
06-22 17:05:57.962 15986 16543 D OpenGLRenderer: Swap behavior 2
06-22 17:05:57.962   395   395 I BufferQueueConsumer: [unnamed-395-10644](this:0xa94ac000,id:10644,api:0,p:-1,c:395) connect(C): consumer=(395:/system/bin/surfaceflinger) controlledByApp=false
06-22 17:05:57.962   395   395 I BufferQueueConsumer: [unnamed-395-10644](this:0xa94ac000,id:10644,api:0,p:-1,c:395) setConsumerName: unnamed-395-10644
06-22 17:05:57.962   395   395 I BufferQueueConsumer: [SurfaceView - com.android.camera/com.android.camera.Camera#0](this:0xa94ac000,id:10644,api:0,p:-1,c:395) setConsumerName: SurfaceView - com.android.camera/com.android.camera.Camera#0
06-22 17:05:57.962   395   395 I BufferQueueConsumer: [SurfaceView - com.android.camera/com.android.camera.Camera#0](this:0xa94ac000,id:10644,api:0,p:-1,c:395) setDefaultBufferSize: width=720 height=1440
06-22 17:05:57.963   395   395 I BufferQueueConsumer: [GestureStubLeft#0](this:0xa9214000,id:10,api:1,p:-1,c:395) setDefaultBufferSize: width=30 height=864
06-22 17:05:57.965   972  2061 I WifiService: getWifiEnabledState uid=10067
06-22 17:05:57.965   972  2061 I WifiService: isScanAlwaysAvailable uid=10067
06-22 17:05:57.966   972  2030 I WifiService: getConnectionInfo uid=10067
06-22 17:05:57.969  1153  1558 D Surface : Surface::connect(this=0x8e633000,api=1)
06-22 17:05:57.970  1153  1153 D GestureStubView: gatherTransparentRegion: need render w:30  h:864
06-22 17:05:57.970   395  1021 I BufferQueueProducer: [GestureStubLeft#0](this:0xa9214000,id:10,api:1,p:1153,c:395) connect(P): api=1 producer=(1153:com.android.systemui) producerControlledByApp=true
06-22 17:05:57.971   395   395 W GuiExt  : Cannot find GuiExtService
06-22 17:05:57.971   395   395 I BufferQueueConsumer: [unnamed-395-10645](this:0xa94c6000,id:10645,api:0,p:-1,c:395) connect(C): consumer=(395:/system/bin/surfaceflinger) controlledByApp=false
06-22 17:05:57.971   395   395 I BufferQueueConsumer: [unnamed-395-10645](this:0xa94c6000,id:10645,api:0,p:-1,c:395) setConsumerName: unnamed-395-10645
06-22 17:05:57.972   395   395 I BufferQueueConsumer: [Background for - SurfaceView - com.android.camera/com.android.camera.Camera#0](this:0xa94c6000,id:10645,api:0,p:-1,c:395) setConsumerName: Background for - SurfaceView - com.android.camera/com.android.camera.Camera#0
06-22 17:05:57.973 15986 16551 D CAM_ThumbnailUpdater: LoadThumbnailTask execute, lookatcache=true
06-22 17:05:57.973 15986 16450 D CAM_CameraModule: stopScreenLightDirectly
06-22 17:05:57.974 15986 16450 D CAM_BaseModule: registerProtocol
06-22 17:05:57.974 15986 16533 V NuMediaExtractor: setDataSource fd=95 (/system/priv-app/MiuiCamera/MiuiCamera.apk), offset=73612, length=5197
06-22 17:05:57.975   506   700 D DrmMtkUtil: getProcessName() : path : [/proc/15986/cmdline]
06-22 17:05:57.975   506   700 D DrmMtkUtil/WhiteList: IsDrmTrustedClient: deny client[com.android.camera] access drm
06-22 17:05:57.975 15986 16551 I CAM_Thumbnail: Fail to load bitmap. java.io.FileNotFoundException: /data/user/0/com.android.camera/files/last_thumb (No such file or directory)
06-22 17:05:57.979   506   700 D DrmMtkUtil: getProcessName() : path : [/proc/15986/cmdline]
06-22 17:05:57.979   506   700 D DrmMtkUtil/WhiteList: IsDrmTrustedClient: deny client[com.android.camera] access drm
06-22 17:05:57.982   527 16537 W af_mgr_v3: Cannot get matched afegain from m_vISQueue!
06-22 17:05:57.982   527 16537 D AfAlgoC : [HB] DafIO in: mode 2(in:2), (PD,LD,SD) cus(1,0,0) input(1,0,0) Que -1
06-22 17:05:57.982 15986 15986 D CAM_ThermalDetector: config ->null
06-22 17:05:57.983   513  8250 E APEExtractor: getAPEInfo not ape 20483
06-22 17:05:57.983   513  8250 D MediaExtractor: Autodetected media content as 'application/ogg' with confidence 0.20
06-22 17:05:57.983   513  8250 I MtkAVStageFactory: createExtractorExt: source 0xb03f6f40 mime application/ogg meta 0x0
06-22 17:05:57.983   527 16537 D AfAlgoC : PDMUL/PDSEL PD Single window, FV multi-win, select 4
06-22 17:05:57.988 15986 16533 V NuMediaExtractor: track of type 'audio/vorbis' does not publish bitrate
06-22 17:05:57.989   527 16536 W af_mgr_v3: Cannot get matched afegain from m_vISQueue!
06-22 17:05:57.992   527 16490 W Hal3Av3 : [get] Fail to get R[1], but return the original metadata
06-22 17:05:57.992 15986 16453 I CAM_GLRootView: Config chosen: R5 G6 B5 A0 D24 S8 ID47 CAVEAT12344
06-22 17:05:57.994   527 16491 W MtkCam/P2FeatureNode: [mapToRequests] no MTK_CONTROL_AF_STATE from AppMeta
06-22 17:05:57.994   527 16491 W MtkCam/P2FeatureNode: [mapToRequests] no MTK_LENS_STATE from AppMeta
06-22 17:05:57.995   368   368 W /system/bin/hw/android.hidl.allocator@1.0-service: ashmem_create_region(4096) returning hidl_memory(0xb4ca2470, 4096)
06-22 17:05:58.006   527  7652 D MDP     : DpEngine_TDSHP: configFrame() time 3 ms
06-22 17:05:58.011 15986 16556 I OMXClient: Treble IOmx obtained
06-22 17:05:58.012   395   395 I BufferQueueConsumer: [GestureStubRight#0](this:0xa927d000,id:11,api:1,p:-1,c:395) setDefaultBufferSize: width=30 height=864
06-22 17:05:58.015   527 16476 I MtkCam/DisplayClient: [handleReturnBuffers] First Displaybuffer Return
06-22 17:05:58.019  1153  1558 D Surface : Surface::connect(this=0x8eb35800,api=1)
06-22 17:05:58.020   395  1020 I BufferQueueProducer: [GestureStubRight#0](this:0xa927d000,id:11,api:1,p:1153,c:395) connect(P): api=1 producer=(1153:com.android.systemui) producerControlledByApp=true
06-22 17:05:58.020  1153  1153 D GestureStubView: gatherTransparentRegion: need render w:30  h:864
06-22 17:05:58.027  1153  1153 D GestureStubView: gatherTransparentRegion: need render w:30  h:864
06-22 17:05:58.031   504 23615 D GraphicBuffer: register, handle(0xb36ad0c0) (w:960 h:720 s:960 f:0x32315659 u:133)
06-22 17:05:58.031  1153  1558 D GraphicBuffer: register, handle(0xa5750d80) (w:30 h:864 s:32 f:0x1 u:b00)
06-22 17:05:58.033   525  1362 I OMXMaster: makeComponentInstance(OMX.google.vorbis.decoder) in omx@1.0-service process
06-22 17:05:58.033 15986 16543 D OpenGLRenderer: [init] completed
06-22 17:05:58.033 15986 16543 D HWUIExtension: MTKProgramCache.init: enable enhancement 1
06-22 17:05:58.033 15986 16543 I HWUIExtension: Get disable program binary service property (0)
06-22 17:05:58.033 15986 16543 I HWUIExtension: Initializing program atlas...
06-22 17:05:58.034 15986 16543 I ProgramBinary/Service: ProgramBinaryService client side disable debugging.
06-22 17:05:58.034 15986 16543 I ProgramBinary/Service: ProgramBinaryService client side disable binary content debugging.
06-22 17:05:58.034 15986 16543 D ProgramBinary/Service: BpProgramBinaryService.getReady
06-22 17:05:58.034 15986 16543 D ProgramBinary/Service: zhiyin- 1 BpProgramBinaryService::getReady()
06-22 17:05:58.034   550  7578 D ProgramBinary/Service: zhiyin- ontransact 1 code 1
06-22 17:05:58.034   550  7578 D ProgramBinary/Service: zhiyin- ontransact 2 code 1
06-22 17:05:58.034   550  7578 D ProgramBinary/Service: zhiyin- ontransact 3 code 1
06-22 17:05:58.035 15986 16543 D ProgramBinary/Service: zhiyin- 2 BpProgramBinaryService::getReady()
06-22 17:05:58.035 15986 16543 D ProgramBinary/Service: BpProgramBinaryService.getProgramBinaryData
06-22 17:05:58.035   550  7578 D ProgramBinary/Service: zhiyin- ontransact 1 code 3
06-22 17:05:58.035 15986 16543 I HWUIExtension: Program binary detail: Binary length is 314156, program map length is 104.
06-22 17:05:58.035 15986 16543 I HWUIExtension: Succeeded to mmap program binaries. File descriptor is 107, and path is /dev/ashmem.
06-22 17:05:58.035 15986 16543 I HWUIExtension: No need to use file discriptor anymore, close fd(107).
06-22 17:05:58.035 15986 16543 D HWUIExtension: Dumper init 2 threads <0x918e2cc0>
06-22 17:05:58.035 15986 16543 D HWUIExtension: <com.android.camera> is running.
06-22 17:05:58.035   395  1020 I BufferQueueProducer: [GestureStubLeft#0](this:0xa9214000,id:10,api:1,p:1153,c:395) queueBuffer: fps=0.02 dur=52004.31 max=52004.31 min=52004.31
06-22 17:05:58.035 15986 16543 D HWUIExtension: Initializing program cache from 0x0, size = -1
06-22 17:05:58.036 15986 16543 D Surface : Surface::connect(this=0x9189f000,api=1)
06-22 17:05:58.038   527 16492 E Hal3ARaw: [send3ACtrl]  E3ACtrl_SetLcsoParam getResult fail, P1 Driver FrmId: 3 (send3ACtrl){#2750:vendor/mediatek/proprietary/hardware/mtkcam/aaa/source/mt6765/wrapper/Hal3ARawImp.cpp}
06-22 17:05:58.039 15986 16556 D MtkACodec: setupAudioCodec: mime audio/vorbis, encoder 0, msg.get() 0x91dbb400
06-22 17:05:58.040  1153  1558 D GraphicBuffer: register, handle(0xa5750d80) (w:30 h:864 s:32 f:0x1 u:b00)
06-22 17:05:58.040   527 16462 D AppTsf  : [TsfReset] TsfReset
06-22 17:05:58.040   525  1362 E OMXNodeInstance: getConfig(0xae49cc00:google.vorbis.decoder, ConfigAndroidVendorExtension(0x6f100004)) ERROR: Undefined(0x80001001)
06-22 17:05:58.043   395   657 I BufferQueueProducer: [GestureStubRight#0](this:0xa927d000,id:11,api:1,p:1153,c:395) queueBuffer: fps=0.02 dur=51997.54 max=51997.54 min=51997.54
06-22 17:05:58.046   368   368 W /system/bin/hw/android.hidl.allocator@1.0-service: ashmem_create_region(32768) returning hidl_memory(0xb4ca2470, 32768)
06-22 17:05:58.046  1153  1558 D GraphicBuffer: register, handle(0xa5750d80) (w:30 h:864 s:32 f:0x1 u:b00)
06-22 17:05:58.047  1153  1153 D GestureStubView: gatherTransparentRegion: need render w:30  h:864
06-22 17:05:58.051  1153  1558 D GraphicBuffer: register, handle(0xa5750d80) (w:30 h:864 s:32 f:0x1 u:b00)
06-22 17:05:58.051 15986 16551 D CAM_ThumbnailUpdater: get last thumbnail from provider, code is 0
06-22 17:05:58.052   368   368 W /system/bin/hw/android.hidl.allocator@1.0-service: ashmem_create_region(32768) returning hidl_memory(0xb4ca2470, 32768)
06-22 17:05:58.053   395  1020 I BufferQueueProducer: [com.android.camera/com.android.camera.Camera#0](this:0xac0fd000,id:10643,api:1,p:15986,c:395) connect(P): api=1 producer=(15986:com.android.camera) producerControlledByApp=true
06-22 17:05:58.053   368   368 W /system/bin/hw/android.hidl.allocator@1.0-service: ashmem_create_region(32768) returning hidl_memory(0xb4ca2470, 32768)
06-22 17:05:58.058   368   368 I chatty  : uid=1000(system) allocator@1.0-s identical 2 lines
06-22 17:05:58.059   368   368 W /system/bin/hw/android.hidl.allocator@1.0-service: ashmem_create_region(32768) returning hidl_memory(0xb4ca2470, 32768)
06-22 17:05:58.060   527 16537 W af_mgr_v3: Cannot get matched afegain from m_vISQueue!
06-22 17:05:58.060   368   368 W /system/bin/hw/android.hidl.allocator@1.0-service: ashmem_create_region(32768) returning hidl_memory(0xb4ca2470, 32768)
06-22 17:05:58.060   527 16537 D AfAlgoC : [HB] DafIO in: mode 2(in:2), (PD,LD,SD) cus(1,0,0) input(1,0,0) Que -1
06-22 17:05:58.061   527 16537 D AfAlgoC : [HB] DafIO in PD: Input source invalid, skip update Cen 2 AP 0 FD 0
06-22 17:05:58.061   527 16537 D AfAlgoC : PDMUL/PDSEL PD Single window, FV multi-win, select 4
06-22 17:05:58.062   368   368 W /system/bin/hw/android.hidl.allocator@1.0-service: ashmem_create_region(32768) returning hidl_memory(0xb4ca2470, 32768)
06-22 17:05:58.063 15986 16453 D Surface : Surface::connect(this=0x918a0000,api=1)
06-22 17:05:58.064   395  1020 I BufferQueueProducer: [SurfaceView - com.android.camera/com.android.camera.Camera#0](this:0xa94ac000,id:10644,api:1,p:15986,c:395) connect(P): api=1 producer=(15986:com.android.camera) producerControlledByApp=false
06-22 17:05:58.066 15986 16453 D GraphicBuffer: register, handle(0xa57a57c0) (w:720 h:1440 s:736 f:0x4 u:b00)
06-22 17:05:58.067 15986 16453 I CAM_GLRootView: onSurfaceCreated
06-22 17:05:58.069   527 16536 W af_mgr_v3: Cannot get matched afegain from m_vISQueue!
06-22 17:05:58.071   527 16490 W Hal3Av3 : [get] Fail to get R[2], but return the original metadata
06-22 17:05:58.074   527 16491 W MtkCam/P2FeatureNode: [mapToRequests] no MTK_CONTROL_AF_STATE from AppMeta
06-22 17:05:58.074   527 16491 W MtkCam/P2FeatureNode: [mapToRequests] no MTK_LENS_STATE from AppMeta
06-22 17:05:58.076   368   368 W /system/bin/hw/android.hidl.allocator@1.0-service: ashmem_create_region(4096) returning hidl_memory(0xb4ca2470, 4096)
06-22 17:05:58.077 15986 16453 D CAM_ExtTexture: texId=1
06-22 17:05:58.078 15986 16453 D CAM_STScreenNail: already PreCreate SurfaceTexture call attachToGLContext
06-22 17:05:58.078 15986 16453 I GLConsumer: [SurfaceTexture-0-15986-0] attachToContext
06-22 17:05:58.078 15986 16453 I BufferQueueConsumer: [SurfaceTexture-0-15986-0](this:0xa0c78000,id:0,api:4,p:504,c:15986) setDefaultBufferSize: width=720 height=960
06-22 17:05:58.081 15986 16453 I CAM_GLRootView: onSurfaceChanged: 720x1440, gl10: com.google.android.gles_jni.GLImpl@7dfbfe9
06-22 17:05:58.082 15986 16543 D GraphicBuffer: register, handle(0x923ef5c0) (w:720 h:1440 s:736 f:0x1 u:b00)
06-22 17:05:58.085 15986 16453 E CAM_STScreenNail: texture has been initialized!
06-22 17:05:58.085 15986 16453 E CAM_STScreenNail: java.lang.RuntimeException
06-22 17:05:58.085 15986 16453 E CAM_STScreenNail: 	at com.android.camera.SurfaceTextureScreenNail.acquireSurfaceTexture(SurfaceTextureScreenNail.java:104)
06-22 17:05:58.085 15986 16453 E CAM_STScreenNail: 	at com.android.camera.CameraScreenNail.acquireSurfaceTexture(CameraScreenNail.java:168)
06-22 17:05:58.085 15986 16453 E CAM_STScreenNail: 	at com.android.camera.ui.V6CameraGLSurfaceView.onSurfaceChanged(V6CameraGLSurfaceView.java:176)
06-22 17:05:58.085 15986 16453 E CAM_STScreenNail: 	at android.opengl.GLSurfaceView$GLThread.guardedRun(GLSurfaceView.java:1559)
06-22 17:05:58.085 15986 16453 E CAM_STScreenNail: 	at android.opengl.GLSurfaceView$GLThread.run(GLSurfaceView.java:1271)
06-22 17:05:58.093 15986 16453 W CAM_CameraScreenNail: draw: firstFrame=false surface=android.graphics.SurfaceTexture@2d6da3d mPreCreateSurfaceTexture:false
06-22 17:05:58.093 15986 16453 W CAM_CameraScreenNail: draw: updateTexImage
06-22 17:05:58.099 15986 16560 D CAM_ActivityBase: onFrameAvailable first frame arrived.
06-22 17:05:58.100   504 23615 D GraphicBuffer: register, handle(0xb36ad0c0) (w:960 h:720 s:960 f:0x32315659 u:133)
06-22 17:05:58.104 15986 16543 D HWUIExtension: MTKProgramCache.generateProgram: 562984313159683
06-22 17:05:58.105 15986 16543 D HWUIExtension: createProgram 0x0002000800000003, binary 0xa03b358b, length 11447, format 37168 within 463ns
06-22 17:05:58.107 15986 16560 D CAM_ActivityBase: onFrameAvailable: trackStartAppCost: 790
06-22 17:05:58.107 15986 16560 W CAM_ScenarioTrackUtil: track SwitchCameraTime event end cancel, due to scenario has not started!
06-22 17:05:58.107 15986 16560 W CAM_ScenarioTrackUtil: track SwitchModeTime event end cancel, due to scenario has not started!
06-22 17:05:58.108 15986 16560 D CAM_BaseModule: enableCameraControls: true
06-22 17:05:58.109 15986 16543 D HWUIExtension: MTKProgramCache.generateProgram: 68719476744
06-22 17:05:58.110 15986 16453 D GraphicBuffer: register, handle(0xa57a5c40) (w:720 h:1440 s:736 f:0x4 u:b00)
06-22 17:05:58.110 15986 16543 D HWUIExtension: createProgram 0x0000001000000008, binary 0xa03c21c4, length 13476, format 37168 within 653ns
06-22 17:05:58.111   368   368 W /system/bin/hw/android.hidl.allocator@1.0-service: ashmem_create_region(32768) returning hidl_memory(0xb4ca2470, 32768)
06-22 17:05:58.114   368   368 I chatty  : uid=1000(system) allocator@1.0-s identical 2 lines
06-22 17:05:58.115   368   368 W /system/bin/hw/android.hidl.allocator@1.0-service: ashmem_create_region(32768) returning hidl_memory(0xb4ca2470, 32768)
06-22 17:05:58.127 15986 16543 D HWUIExtension: MTKProgramCache.generateProgram: 562949953421313
06-22 17:05:58.128 15986 16543 D HWUIExtension: createProgram 0x0002000000000001, binary 0xa03a831b, length 11505, format 37168 within 546ns
06-22 17:05:58.130 15986 16543 D HWUIExtension: MTKProgramCache.generateProgram: 0
06-22 17:05:58.131 15986 16543 D HWUIExtension: createProgram 0x0000000000000000, binary 0xa03a0000, length 10736, format 37168 within 530ns
06-22 17:05:58.133 15986 16543 D HWUIExtension: MTKProgramCache.generateProgram: 103079215104
06-22 17:05:58.133 15986 16543 D HWUIExtension: createProgram 0x0000001800000000, binary 0xa03bc3cf, length 11105, format 37168 within 685ns
06-22 17:05:58.136 15986 16543 D HWUIExtension: MTKProgramCache.generateProgram: 68719476736
06-22 17:05:58.136 15986 16543 D HWUIExtension: createProgram 0x0000001000000000, binary 0xa03b0a2a, length 11105, format 37168 within 468ns
06-22 17:05:58.140   527 16537 W af_mgr_v3: Cannot get matched afegain from m_vISQueue!
06-22 17:05:58.140   527 16537 D AfAlgo  : down maxOffset=71 maxCompLevel=71, cutOffset=10, maxOffset=71 offset -27, level 27, cut offset 10, x/y/z/g=-29/897/368/969
06-22 17:05:58.140   527 16537 D AfAlgoC : [HB] DafIO in: mode 2(in:2), (PD,LD,SD) cus(1,0,0) input(1,0,0) Que -1
06-22 17:05:58.141   527 16537 D AfAlgoC : [HB] DafIO in PD: Input source invalid, skip update Cen 2 AP 0 FD 0
06-22 17:05:58.142   527 16537 D AfAlgoC : PDMUL/PDSEL PD Single window, FV multi-win, select 4
06-22 17:05:58.144 15986 15986 D CAM_CameraModule: setCameraState: 1
06-22 17:05:58.144 15986 15986 D CAM_BaseModule: enableCameraControls: true
06-22 17:05:58.145   527   949 I MtkCam/CamAdapter: (MtkZsd)[BaseCamAdapter::onImgBufProviderCreated] - id=4, ImgBufProvider=0x907d1100
06-22 17:05:58.146 15986 15986 D CAM_CameraIntentManager: The caller:null
06-22 17:05:58.147 15986 15986 D CAM_CameraScreenNail: setPreviewFrameLayoutSize: 720x960
06-22 17:05:58.149   527 16536 W af_mgr_v3: Cannot get matched afegain from m_vISQueue!
06-22 17:05:58.151   527 16490 W Hal3Av3 : [get] Fail to get R[3], but return the original metadata
06-22 17:05:58.152 15986 15986 D CAM_Camera: cameraSetupConsumer#accept switch module done.
06-22 17:05:58.153 15986 15986 D CAM_Camera: onWindowFocusChanged hasFocus->true
06-22 17:05:58.154   527 16491 W MtkCam/P2FeatureNode: [mapToRequests] no MTK_CONTROL_AF_STATE from AppMeta
06-22 17:05:58.154   527 16491 W MtkCam/P2FeatureNode: [mapToRequests] no MTK_LENS_STATE from AppMeta
06-22 17:05:58.154   368   368 W /system/bin/hw/android.hidl.allocator@1.0-service: ashmem_create_region(4096) returning hidl_memory(0xb4ca2470, 4096)
06-22 17:05:58.154  2177  2177 W .baidu.input_mi: type=1400 audit(0.0:2155232): avc: denied { read } for name="u:object_r:graphics_config_prop:s0" dev="tmpfs" ino=1328 scontext=u:r:untrusted_app:s0:c512,c768 tcontext=u:object_r:graphics_config_prop:s0 tclass=file permissive=0
06-22 17:05:58.161   527 16567 D AppFDFT_SW: Face Detection Version: 1748301, [83]s102s103 [87]s107s108
06-22 17:05:58.161   527 16567 I FDVT_Drv: FDVT_Init, HW FD Open CLK
06-22 17:05:58.163  2177  2177 E libc    : Access denied finding property "ro.sf.lcd_density"
06-22 17:05:58.163  2177  2177 E InputTransport: ro.sf.lcd_density must be defined as a build property
06-22 17:05:58.164   527 16567 D utilMetCtrl: MET TAG is Disabled
06-22 17:05:58.164   527 16567 E AppFDFT_SW: OTds shouldn't be 485232772 (legal range 1 or 2), set as default value 2!
06-22 17:05:58.164   527 16567 D AppFDFT_SW: [AppFDFT_SW]OTds: 2, OTtype: 1
06-22 17:05:58.164   527 16567 D AppFDFT_SW: [AppFDFT_SW]fd model value is 1
06-22 17:05:58.165   527 16567 D AppFDFT_SW: [AppFDFT_SW]SmoothMode: 0, RoundXYPercent: 4, RoundSZPercent: 2
06-22 17:05:58.165   527 16567 D AppFDFT_SW: [AppFDFT_SW]ModelVersion: 0, NewFaceReliabilityThreshold: 2592, NewFaceFrameCountSpec: 2
06-22 17:05:58.167 15986 15986 D CAM_ThumbnailUpdater: LoadThumbnailTask onPostExecute, thumbnai is null, not canceled
06-22 17:05:58.169 15986 15986 D CAM_FocusView: onCameraOpen>> reInit
06-22 17:05:58.169 15986 15986 W CAM_FocusView: onCameraOpen: adapter=com.android.camera.ui.FloatSlideAdapter@4481a34
06-22 17:05:58.170 15986 16560 D CAM_ActivityBase: onFrameAvailable first frame arrived.
06-22 17:05:58.170 15986 16560 W CAM_ScenarioTrackUtil: track SwitchCameraTime event end cancel, due to scenario has not started!
06-22 17:05:58.170 15986 16560 W CAM_ScenarioTrackUtil: track SwitchModeTime event end cancel, due to scenario has not started!
06-22 17:05:58.170 15986 16560 D CAM_BaseModule: enableCameraControls: true
06-22 17:05:58.181   972 20960 I WifiService: getConnectionInfo uid=10137
06-22 17:05:58.187 15986 16543 D GraphicBuffer: register, handle(0x923ef5c0) (w:720 h:1440 s:736 f:0x1 u:b00)
06-22 17:05:58.190 15986 16533 W MediaAnalyticsItem: Unable to record: (codec:0:-1:-11:0:6:android.media.mediacodec.mime=audio/vorbis:android.media.mediacodec.mode=audio:android.media.mediacodec.encoder=0:android.media.mediacodec.codec=OMX.google.vorbis.decoder:android.media.mediacodec.secure=0:android.media.mediacodec.bytesin=5043:) [forcenew=0]
06-22 17:05:58.191 15986 16533 V NuMediaExtractor: setDataSource fd=96 (/system/priv-app/MiuiCamera/MiuiCamera.apk), offset=34828, length=5342
06-22 17:05:58.193   506   700 D DrmMtkUtil: getProcessName() : path : [/proc/15986/cmdline]
06-22 17:05:58.193   506   700 D DrmMtkUtil/WhiteList: IsDrmTrustedClient: deny client[com.android.camera] access drm
06-22 17:05:58.194   513  8250 W MediaAnalyticsItem: Unable to record: (extractor:0:-1:-11:0:3:android.media.mediaextractor.fmt=OggExtractor:android.media.mediaextractor.ntrk=1:android.media.mediaextractor.mime=application/ogg:) [forcenew=0]
06-22 17:05:58.195   506   700 D DrmMtkUtil: getProcessName() : path : [/proc/15986/cmdline]
06-22 17:05:58.196   506   700 D DrmMtkUtil/WhiteList: IsDrmTrustedClient: deny client[com.android.camera] access drm
06-22 17:05:58.198   513  8250 E APEExtractor: getAPEInfo not ape 20483
06-22 17:05:58.198   513  8250 D MediaExtractor: Autodetected media content as 'application/ogg' with confidence 0.20
06-22 17:05:58.198 15986 15986 D CAM_FocusView: onCameraOpen>> reInit
06-22 17:05:58.198   513  8250 I MtkAVStageFactory: createExtractorExt: source 0xb03f6f40 mime application/ogg meta 0x0
06-22 17:05:58.198 15986 15986 W CAM_FocusView: onCameraOpen: adapter=com.android.camera.ui.FloatSlideAdapter@3550e15
06-22 17:05:58.202 15986 16533 V NuMediaExtractor: track of type 'audio/vorbis' does not publish bitrate
06-22 17:05:58.207   972  1059 D View    : [Warning] assignParent to null: this = DecorView@136a6f4[camera]
06-22 17:05:58.208 15986 16572 I OMXClient: Treble IOmx obtained
06-22 17:05:58.208   525   653 I OMXMaster: makeComponentInstance(OMX.google.vorbis.decoder) in omx@1.0-service process
06-22 17:05:58.211 15986 16572 D MtkACodec: setupAudioCodec: mime audio/vorbis, encoder 0, msg.get() 0x91dc1800
06-22 17:05:58.212   390   413 I vendor.mediatek.hardware.power@1.1-impl: PowerHint hint:8, data:0
06-22 17:05:58.215   525   653 E OMXNodeInstance: getConfig(0xae49c8a0:google.vorbis.decoder, ConfigAndroidVendorExtension(0x6f100004)) ERROR: Undefined(0x80001001)
06-22 17:05:58.220   527 16537 D AfAlgo  : down maxOffset=71 maxCompLevel=71, cutOffset=10, maxOffset=71 offset -27, level 27, cut offset 10, x/y/z/g=-37/905/368/977
06-22 17:05:58.220   527 16537 D AfAlgoC : [HB] DafIO in: mode 2(in:2), (PD,LD,SD) cus(1,0,0) input(1,0,0) Que -1
06-22 17:05:58.221   527 16537 D AfAlgoC : PDMUL/PDSEL PD Single window, FV multi-win, select 4
06-22 17:05:58.214   972   972 W android.display: type=1400 audit(0.0:2155233): avc: denied { write } for name="logd" dev="tmpfs" ino=416 scontext=u:r:system_server:s0 tcontext=u:object_r:logd_socket:s0 tclass=sock_file permissive=0
06-22 17:05:58.223   972  1011 I ActivityManager: Displayed com.android.camera/.Camera: +1s18ms
06-22 17:05:58.224   972  1011 I Timeline: Timeline: Activity_windows_visible id: ActivityRecord{d40f1a0 u0 com.android.camera/.Camera t2767} time:886975459
06-22 17:05:58.226   395   395 I DisplayDevice: [Built-in Screen (type:0)] fps:45.510429,dur:1010.76,max:246.02,min:6.51
06-22 17:05:58.227   368   368 W /system/bin/hw/android.hidl.allocator@1.0-service: ashmem_create_region(32768) returning hidl_memory(0xb4ca2470, 32768)
06-22 17:05:58.233   972  1116 I ProcessManager: boost camera with free mem:497920KB, kill 7 processes, will free memory:133616KB
06-22 17:05:58.233   972  1116 I ActivityManager: Killing 15826:com.android.providers.calendar/u0a27 (adj 904): camera boost
06-22 17:05:58.234   972  1116 I ActivityManager: Killing 15804:com.android.calendar/u0a40 (adj 900): camera boost
06-22 17:05:58.230   368   368 I chatty  : uid=1000(system) allocator@1.0-s identical 3 lines
06-22 17:05:58.233   368   368 W /system/bin/hw/android.hidl.allocator@1.0-service: ashmem_create_region(32768) returning hidl_memory(0xb4ca2470, 32768)
06-22 17:05:58.234   972  1006 W zygote  : kill(-15826, 9) failed: No such process
06-22 17:05:58.235   972  1116 I ActivityManager: Killing 14923:com.miui.securitycore.remote/1000 (adj 902): camera boost
06-22 17:05:58.235   972  1116 I ActivityManager: Killing 15884:com.miui.weather2/u0a132 (adj 902): camera boost
06-22 17:05:58.236 15986 15986 D CAM_MutexModeManager: switchMutexMode from: none to: none
06-22 17:05:58.236   972  1116 I ActivityManager: Killing 15914:com.google.android.webview:sandboxed_process0/u0a40i917 (adj 900): camera boost
06-22 17:05:58.237   972  1116 I ActivityManager: Killing 15372:com.miui.systemAdSolution:ui/u0a47 (adj 904): camera boost
06-22 17:05:58.237   972  1116 I ActivityManager: Killing 0:com.eg.android.AlipayGphone:push/u0a131 (adj 906): camera boost
06-22 17:05:58.238   368   368 W /system/bin/hw/android.hidl.allocator@1.0-service: ashmem_create_region(4096) returning hidl_memory(0xb4ca2470, 4096)
06-22 17:05:58.240   368   368 W /system/bin/hw/android.hidl.allocator@1.0-service: ashmem_create_region(32768) returning hidl_memory(0xb4ca2470, 32768)
06-22 17:05:58.240   972  1006 W zygote  : kill(-15826, 9) failed: No such process
06-22 17:05:58.241   368   368 W /system/bin/hw/android.hidl.allocator@1.0-service: ashmem_create_region(32768) returning hidl_memory(0xb4ca2470, 32768)
06-22 17:05:58.242   368   368 W /system/bin/hw/android.hidl.allocator@1.0-service: ashmem_create_region(32768) returning hidl_memory(0xb4ca2470, 32768)
06-22 17:05:58.244   972  1085 D WifiStateMachine:  MtkL2ConnectedState 131155 13 0, mShouldDeferDisableWifi = false, mState = MONITORING
06-22 17:05:58.246   972  1006 W zygote  : kill(-15826, 9) failed: No such process
06-22 17:05:58.251   972  1006 W zygote  : kill(-15826, 9) failed: No such process
06-22 17:05:58.252   368   368 W /system/bin/hw/android.hidl.allocator@1.0-service: ashmem_create_region(32768) returning hidl_memory(0xb4ca2470, 32768)
06-22 17:05:58.253   368   368 I chatty  : uid=1000(system) allocator@1.0-s identical 2 lines
06-22 17:05:58.254   368   368 W /system/bin/hw/android.hidl.allocator@1.0-service: ashmem_create_region(32768) returning hidl_memory(0xb4ca2470, 32768)
06-22 17:05:58.257   395   395 W Layer   : [Splash Screen com.android.camera#0] opaque layer with plane alpha:0.89 cannot be handled by hwcomposer
06-22 17:05:58.259   972  1006 W zygote  : kill(-15826, 9) failed: No such process
06-22 17:05:58.265   972  1006 I chatty  : uid=1000(system) ActivityManager identical 1 line
06-22 17:05:58.270   972  1006 W zygote  : kill(-15826, 9) failed: No such process
06-22 17:05:58.273   395   395 W Layer   : [Splash Screen com.android.camera#0] opaque layer with plane alpha:0.79 cannot be handled by hwcomposer
06-22 17:05:58.275 27944 27955 W AD-PLUGIN-RemoteMethodInvoker: Service[interface com.miui.zeus.msa.app.floating.uiprocess.IFloatingUIInterface, com.miui.zeus.msa.app.floating.uiprocess.IFloatingUIInterface$Stub$a@9dbc289] died, remove from reusing-map!
06-22 17:05:58.277   395   395 I BufferQueueProducer: [FrameBufferSurface_0](this:0xac08e000,id:0,api:1,p:395,c:395) queueBuffer: fps=10.89 dur=1009.65 max=847.66 min=15.35
06-22 17:05:58.277   972  1006 W zygote  : kill(-15826, 9) failed: No such process
06-22 17:05:58.281  1876  1900 W PushService: 2019-06-22 17:05:58,280 - [WARN::PushService] - onProcessDied:pid = 15372,died-uid=10047
06-22 17:05:58.283   972  1006 W zygote  : kill(-15826, 9) failed: No such process
06-22 17:05:58.288   972  1006 W zygote  : kill(-15826, 9) failed: No such process
06-22 17:05:58.290  1153  1153 D StatusBar: disable<e i a s b h r c s > disable2<q i n g r >
06-22 17:05:58.290   395   395 W Layer   : [Splash Screen com.android.camera#0] opaque layer with plane alpha:0.67 cannot be handled by hwcomposer
06-22 17:05:58.296   972  1006 W zygote  : kill(-15826, 9) failed: No such process
06-22 17:05:58.300   527 16537 D AfAlgo  : down maxOffset=71 maxCompLevel=71, cutOffset=10, maxOffset=71 offset -27, level 27, cut offset 10, x/y/z/g=-29/905/368/977
06-22 17:05:58.300   527 16537 D AfAlgoC : [HB] DafIO in: mode 2(in:2), (PD,LD,SD) cus(1,0,0) input(1,0,0) Que -1
06-22 17:05:58.301   527 16537 D AfAlgoC : PDMUL/PDSEL PD Single window, FV multi-win, select 4
06-22 17:05:58.302   972  1006 W zygote  : kill(-15826, 9) failed: No such process
06-22 17:05:58.306   395   395 W Layer   : [Splash Screen com.android.camera#0] opaque layer with plane alpha:0.57 cannot be handled by hwcomposer
06-22 17:05:58.306   972  2009 W ActivityManager: Scheduling restart of crashed service com.android.calendar/org.chromium.content.app.SandboxedProcessService0 in 10634ms
06-22 17:05:58.307   972  1006 W zygote  : kill(-15826, 9) failed: No such process
06-22 17:05:58.313   972  1006 W zygote  : kill(-15826, 9) failed: No such process
06-22 17:05:58.317  1876  1900 W PushService: 2019-06-22 17:05:58,310 - [WARN::PushService] - onProcessDied:pid = 15914,died-uid=10040
06-22 17:05:58.318   972  1006 W zygote  : kill(-15826, 9) failed: No such process
06-22 17:05:58.320   368   368 W /system/bin/hw/android.hidl.allocator@1.0-service: ashmem_create_region(4096) returning hidl_memory(0xb4ca2470, 4096)
06-22 17:05:58.322   395   395 W Layer   : [Splash Screen com.android.camera#0] opaque layer with plane alpha:0.46 cannot be handled by hwcomposer
06-22 17:05:58.325   972  1006 W zygote  : kill(-15826, 9) failed: No such process
06-22 17:05:58.331   972  1006 W zygote  : kill(-15826, 9) failed: No such process
06-22 17:05:58.333  1876  1900 W PushService: 2019-06-22 17:05:58,333 - [WARN::PushService] - onProcessDied:pid = 14923,died-uid=1000
06-22 17:05:58.336   972  1006 W zygote  : kill(-15826, 9) failed: No such process
06-22 17:05:58.338   395   395 W Layer   : [Splash Screen com.android.camera#0] opaque layer with plane alpha:0.35 cannot be handled by hwcomposer
06-22 17:05:58.342   972  1006 W zygote  : kill(-15826, 9) failed: No such process
06-22 17:05:58.347  1876  1900 W PushService: 2019-06-22 17:05:58,347 - [WARN::PushService] - onProcessDied:pid = 15826,died-uid=10027
06-22 17:05:58.347   972  1006 W zygote  : kill(-15826, 9) failed: No such process
06-22 17:05:58.349   395   657 I BufferQueueProducer: [StatusBar#0](this:0xab860000,id:6,api:1,p:1153,c:395) queueBuffer: fps=19.86 dur=1107.55 max=714.44 min=7.74
06-22 17:05:58.351   492 16550 D gps_controlller: mtk_gps_sys_gps_mnl_callback: msg:9
06-22 17:05:58.352   492 16550 D pseudo  : mtk_gps_sys_nmea_output_to_app: len:17, $PMTK010,001*2E
06-22 17:05:58.352   537   554 D agps    : [agps][n][AGPS] [MNL] read  pmtk=[$PMTK764,0,0,0,2,0,128,4,128,1*2C
06-22 17:05:58.352   537   554 D agps    : ]
06-22 17:05:58.352   537   554 D agps    : [agps][n][AGPS] gnss_num=2
06-22 17:05:58.352   537   554 D agps    : [agps][n][CP] [MD_1] write  pmtk [$PMTK764,0,0,0,2,0,128,4,128,1*2C
06-22 17:05:58.352   537   554 D agps    : ]
06-22 17:05:58.353   972  1006 W zygote  : kill(-15826, 9) failed: No such process
06-22 17:05:58.353   972  1006 I zygote  : Successfully killed process cgroup uid 10027 pid 15826 in 119ms
06-22 17:05:58.354   972  1006 W zygote  : kill(-15804, 9) failed: No such process
06-22 17:05:58.355   395   395 W Layer   : [Splash Screen com.android.camera#0] opaque layer with plane alpha:0.24 cannot be handled by hwcomposer
06-22 17:05:58.358   492 16550 D gps_controlller: mtk_gps_sys_gps_mnl_callback: msg:8
06-22 17:05:58.359   492 16550 D pseudo  : mtk_gps_sys_nmea_output_to_mnld: received 812 bytes:
06-22 17:05:58.359   972  1006 W zygote  : kill(-15804, 9) failed: No such process
06-22 17:05:58.360   537   554 D agps    : [agps][n][AGPS] [MNL] write  pmtk  [$PMTK680,1,FFFFF51E*0A
06-22 17:05:58.360   537   554 D agps    :  ]
06-22 17:05:58.361   492 16550 D pseudo  : mtk_gps_sys_nmea_output_to_app: len:812, [NMEA]$GNGGA,090558.01...
06-22 17:05:58.361   492 16550 D gps_controlller: mtk_gps_sys_gps_mnl_callback: msg:0
06-22 17:05:58.361   492 16550 D gps_controlller: send_active_notify: send clean nmea timer cmd!
06-22 17:05:58.362   492   626 D gps_controlller: gps_control_thread: gps_control_thread wait
06-22 17:05:58.362   492 16550 D gps_controlller: mtk_gps_sys_gps_mnl_callback: MTK_GPS_MSG_FIX_READY,GET_RTC_FAIL
06-22 17:05:58.362 15986 16533 W MediaAnalyticsItem: Unable to record: (codec:0:-1:-11:0:6:android.media.mediacodec.mime=audio/vorbis:android.media.mediacodec.mode=audio:android.media.mediacodec.encoder=0:android.media.mediacodec.codec=OMX.google.vorbis.decoder:android.media.mediacodec.secure=0:android.media.mediacodec.bytesin=5191:) [forcenew=0]
06-22 17:05:58.362   492 16550 D pseudo  : mtk_gps_sys_nmea_output_to_app: len:46, [vAGPS_Auto_Req]:g_FirstDbtt:1,u2BitMap:0x10f
06-22 17:05:58.362   492 16550 D gps_controlller: mtk_gps_sys_agps_disaptcher_callback: MNL ready and assist req:1
06-22 17:05:58.362   492   637 D MNLD    : mnld_main_thread: main_event_hdlr msg
06-22 17:05:58.362   492   637 W MNLD    : main_event_hdlr: GPS2MAIN_EVENT_START_DONE  is_assist_req=1
06-22 17:05:58.362   492   637 D MNLD    : mnld_fsm: mnld_fsm() state=[STARTING] event=[START_DONE]
06-22 17:05:58.362   492   637 D MNLD    : fsm_gps_state_starting: fsm_gps_state_starting() data2=0,data3=0x0
06-22 17:05:58.362   492   637 D mnl2hal : mnl2hal_gps_status: mnl2hal_gps_status  status=3
06-22 17:05:58.363   492   637 D mnl2hal : mnl2hal_gps_status: mnl2hal_gps_status  status=1
06-22 17:05:58.363   492   637 D MNL2AGPS: mnl2agps_gps_open: mnl2agps_gps_open
06-22 17:05:58.363   537   554 D agps    : [agps] WARNING: [AGPS] [MNL] read  gps_open  assist_req=1  version=[4.305.0]
06-22 17:05:58.363   537   554 D agps    : [agps] WARNING: [KEY_VALUE] load_key_value_list() fopen() failed for path=[/data/system/gps/secgps.conf], reason=[No such file or directory]2
06-22 17:05:58.364   537   554 D agps    : [agps][n][AGPS] [MNL] write  set_id_req  flags=0x1
06-22 17:05:58.365 15986 16533 V NuMediaExtractor: setDataSource fd=97 (/system/priv-app/MiuiCamera/MiuiCamera.apk), offset=68724, length=4832
06-22 17:05:58.366   972  1006 W zygote  : kill(-15804, 9) failed: No such process
06-22 17:05:58.366   537   554 D agps    : [agps][n][AGPS] [MNL] write  pmtk  [$PMTK680,1,FFFFF51E*0A
06-22 17:05:58.366   537   554 D agps    :  ]
