--------- beginning of main
06-22 17:05:34.805  1788 16211 I ADB_SERVICES: post waitpid (pid=16210) status=0000
06-22 17:05:34.850 16204 16204 D PQ      : [PQ_PROT] [PQCust] libpq_cust_base.so OK, libpq_cust.so absent
06-22 17:05:34.866  1788  1788 I ADB_SERVICES: service_to_fd sync:
06-22 17:05:34.866  1788  1788 I ADB_SERVICES: service thread started, 26:27
06-22 17:05:34.868 16204 16204 D PQ      : [PQ_PROT] [PQCust] libpq_cust_base_mtk.so absent, libpq_cust_mtk.so absent
06-22 17:05:34.869 16204 16204 D AVStageFactory: createInstance(32bit): createVendorAVFactory success!
06-22 17:05:34.870 16204 16204 D AVStageUtils: createInstance(32bit): createVendorAVUtils success!
06-22 17:05:34.870 16204 16204 D AVStageFactory: createInstance(32bit): createVendorAVFactory success!
06-22 17:05:34.871  1788 16212 I ADB_SERVICES: sync: lstat_v1('/sdcard/system.log')
06-22 17:05:34.871 16204 16204 D AVStageUtils: createInstance(32bit): createVendorAVUtils success!
06-22 17:05:34.874  1788 16212 I ADB_SERVICES: sync: recv('/sdcard/system.log')
06-22 17:05:34.875 16204 16204 D AndroidRuntime: >>>>>> START com.android.internal.os.RuntimeInit uid 2000 <<<<<<
06-22 17:05:34.887 16204 16204 W app_process: Could not reserve sentinel fault page
06-22 17:05:35.158  1788 16212 I ADB_SERVICES: sync: quit('')
06-22 17:05:35.158  1788 16212 I ADB_SERVICES: sync: done fd(27)
06-22 17:05:35.254 16204 16204 I app_process: The ClassLoaderContext is a special shared library.
06-22 17:05:35.308 16204 16204 D AndroidRuntime: Calling main entry com.android.commands.input.Input
06-22 17:05:35.309 16204 16204 I Input   : injectKeyEvent: KeyEvent { action=ACTION_DOWN, keyCode=KEYCODE_BACK, scanCode=0, metaState=0, flags=0x0, repeatCount=0, eventTime=886952545, downTime=886952545, deviceId=-1, source=0x101 }
--------- beginning of system
06-22 17:05:35.359   972 20960 W BaseMiuiPhoneWindowManager: keyCode:4 down:true eventTime:886952545 downTime:886952545 policyFlags:2b000000 flags:0 deviceId:-1 isScreenOn:true keyguardActive:false repeatCount:0
06-22 17:05:35.365 16204 16204 I Input   : injectKeyEvent: KeyEvent { action=ACTION_UP, keyCode=KEYCODE_BACK, scanCode=0, metaState=0, flags=0x0, repeatCount=0, eventTime=886952545, downTime=886952545, deviceId=-1, source=0x101 }
06-22 17:05:35.366   972 20960 W BaseMiuiPhoneWindowManager: keyCode:4 down:false eventTime:886952545 downTime:886952545 policyFlags:2b000000 flags:0 deviceId:-1 isScreenOn:true keyguardActive:false repeatCount:0
06-22 17:05:35.373  1306  1321 D Launcher.AnalyticalDataCollector: back to home, packageName=com.android.calendar
06-22 17:05:35.376   390   412 I libPerfService: 11: cpu_ctrl set freq: 2001000 -1
06-22 17:05:35.379  1306  1321 D Launcher: get showing item successandroid.graphics.Bitmap@7e56464
06-22 17:05:35.379  1153  1153 D StatusBar: recevie broadbcast ACTION_APPLICATION_MESSAGE_QUERY, requestFirstTime=false
06-22 17:05:35.380 15804 15804 D Cal:D:CardFactory: stopLoadingData()
06-22 17:05:35.380 15804 15804 D Cal:D:LocalMultiCard: stop query local multi card
06-22 17:05:35.380 15804 15804 D Cal:D:CustomMultiCard: stop query custom multi card
06-22 17:05:35.380 15804 15804 D Cal:D:AdsExtraManager: stop query cardads data
06-22 17:05:35.380 15804 15804 D Cal:D:CardFactory: onPause()
06-22 17:05:35.380 15804 15804 D Cal:D:DayFragment: onPause()
06-22 17:05:35.380 15804 15804 D Cal:D:DayFragment: onPause()
06-22 17:05:35.381 15804 15804 D Cal:D:AgendaFragment: onPause()
06-22 17:05:35.381 15804 15804 D Cal:D:AllInOne: onPause()
06-22 17:05:35.381   972  6595 I OpenGLRenderer: Initialized EGL, version 1.4
06-22 17:05:35.382   972  6595 D OpenGLRenderer: Swap behavior 2
06-22 17:05:35.384 16204 16204 D AndroidRuntime: Shutting down VM
06-22 17:05:35.387   390   413 I vendor.mediatek.hardware.power@1.1-impl: notifyAppState pack:com.miui.home, act:com.miui.home.launcher.Launcher, pid:1306, state:1
06-22 17:05:35.387   390   412 I libPerfService: [perfNotifyAppState] foreground:com.miui.home, pid:1306
06-22 17:05:35.395   972  6595 D HWUIExtension: MTKProgramCache.init: enable enhancement 1
06-22 17:05:35.396   972  6595 I HWUIExtension: Already had program atlas...
06-22 17:05:35.396   972  6595 D HWUIExtension: Initializing program cache from 0x0, size = -1
06-22 17:05:35.400   972  2030 I WifiService: getConnectionInfo uid=10137
06-22 17:05:35.406   972  1908 W GuiExt  : Cannot find GuiExtService
06-22 17:05:35.406   972  1908 I BufferQueueConsumer: [unnamed-972-2908](this:0x93d8b000,id:2908,api:0,p:-1,c:972) connect(C): consumer=(972:system_server) controlledByApp=false
06-22 17:05:35.406   972  1908 I BufferQueueConsumer: [unnamed-972-2908](this:0x93d8b000,id:2908,api:0,p:-1,c:972) setConsumerName: unnamed-972-2908
06-22 17:05:35.406   972  1908 I BufferQueueConsumer: [ScreenshotClient](this:0x93d8b000,id:2908,api:0,p:-1,c:972) setConsumerName: ScreenshotClient
06-22 17:05:35.407   395   425 D Surface : Surface::connect(this=0xabaae800,api=1)
06-22 17:05:35.407   395   395 I DisplayDevice: [Built-in Screen (type:0)] fps:0.210908,dur:4741.41,max:4741.41,min:4741.41
06-22 17:05:35.408   972  1908 I BufferQueueProducer: [ScreenshotClient](this:0x93d8b000,id:2908,api:1,p:395,c:972) connect(P): api=1 producer=(395:/system/bin/surfaceflinger) producerControlledByApp=false
06-22 17:05:35.410   395   425 D GraphicBuffer: register, handle(0xac0c4d00) (w:432 h:834 s:448 f:0x1 u:333)
06-22 17:05:35.411   395   395 I SurfaceFlinger: screenshot (com.android.calendar/com.android.calendar.homepage.AllInOneActivity#0)
06-22 17:05:35.414   395   425 D Surface : Surface::disconnect(this=0xabaae800,api=1)
06-22 17:05:35.415   395   425 D GraphicBuffer: unregister, handle(0xaba830c0) (w:432 h:834 s:448 f:0x1 u:333)
06-22 17:05:35.415   972  1908 I BufferQueueProducer: [ScreenshotClient](this:0x93d8b000,id:2908,api:1,p:395,c:972) disconnect(P): api 1
06-22 17:05:35.418   972  1908 I BufferQueueConsumer: [ScreenshotClient](this:0x93d8b000,id:2908,api:1,p:-1,c:-1) disconnect(C)
06-22 17:05:35.419   972  1908 I BufferQueue: [ScreenshotClient](this:0x93d8b000,id:2908,api:1,p:-1,c:-1) ~BufferQueueCore
06-22 17:05:35.426  1956 15333 D GameBoosterService: onGameStatusChange foreground:ForegroundInfo{mForegroundPackageName='com.miui.home', mForegroundUid=10017, mForegroundPid=1306, mLastForegroundPackageName='com.android.calendar', mLastForegroundUid=10040, mLastForegroundPid=15804, mMultiWindowForegroundPackageName='null', mMultiWindowForegroundUid=-1, mFlags=0}
06-22 17:05:35.428  1768  1797 I octvm_power: power mode [home] start 1561194335
06-22 17:05:35.428   972  1908 I Timeline: Timeline: App_transition_ready time:886952664
06-22 17:05:35.428  1768  1797 I octvm_drv: common drv: get_current_battery_uAh will return 0
06-22 17:05:35.428  1768  1797 I octvm_power: Action: set_bcbc_cust_state(disable) for [foreground_change]
06-22 17:05:35.428  1768  1797 I octvm_drv: common drv: platform_set_bcbc_cust_state -> platform not support
06-22 17:05:35.428  1768  1797 I octvm_power: Action: set_lcd_mode(default) for [foreground_change]
06-22 17:05:35.428  1768  1797 I octvm_drv: common drv: platform_set_lcd_mode -> platform not support
06-22 17:05:35.428  1768  1797 I octvm_power: Action: set_thermal_config(restore) for [foreground_change]
06-22 17:05:35.428  1768  1797 I octvm_drv: common drv: platform_set_thermal_mode -> platform not support
06-22 17:05:35.428  1768  1797 I octvm_drv: common drv: get_current_battery_uAh will return 0
06-22 17:05:35.428  1768  1797 I octvm_power: onPowerModeChanged[home] called
06-22 17:05:35.432  1306  1306 D Launcher.XOutUtils: canRecommendScreenShow, isShowXout=false
06-22 17:05:35.432  1306  1613 I RenderThread: RenderThread resumed
06-22 17:05:35.432  1306  1613 D ScreenElementRoot: resume
06-22 17:05:35.432  1306  1433 D Launcher: disableStatusBarClock:false
06-22 17:05:35.432  1306  1306 E Launcher.RecommendLog: folder display and try to request recommend list
06-22 17:05:35.432  1306  1306 D BaseFeedFragment205810657: onResume
06-22 17:05:35.433  1306  1306 V PhoneWindow: DecorView setVisiblity: visibility = 0, Parent = ViewRoot{27e8b8a com.miui.home/com.miui.home.launcher.Launcher,ident = 0}, this = DecorView@95675b8[Launcher]
06-22 17:05:35.433  1306  1613 I NotifierManager: onRegister: miui.maml.NotifierManager$MultiBroadcastNotifier@e2fbf6a
06-22 17:05:35.436   395   395 W GuiExt  : Cannot find GuiExtService
06-22 17:05:35.436   972  9595 W WallpaperManagerService: Cannot extract colors because wallpaper could not be read.
06-22 17:05:35.436   395   395 I BufferQueueConsumer: [unnamed-395-10641](this:0xa849c000,id:10641,api:0,p:-1,c:395) connect(C): consumer=(395:/system/bin/surfaceflinger) controlledByApp=false
06-22 17:05:35.436   395   395 I BufferQueueConsumer: [unnamed-395-10641](this:0xa849c000,id:10641,api:0,p:-1,c:395) setConsumerName: unnamed-395-10641
06-22 17:05:35.436   395   395 I BufferQueueConsumer: [thumbnail anim#0](this:0xa849c000,id:10641,api:0,p:-1,c:395) setConsumerName: thumbnail anim#0
06-22 17:05:35.436   395   395 I BufferQueueConsumer: [thumbnail anim#0](this:0xa849c000,id:10641,api:0,p:-1,c:395) setDefaultBufferSize: width=122 height=122
06-22 17:05:35.437   972  1059 D Surface : Surface::connect(this=0x928ae000,api=2)
06-22 17:05:35.438   395  1020 I BufferQueueProducer: [thumbnail anim#0](this:0xa849c000,id:10641,api:2,p:972,c:395) connect(P): api=2 producer=(972:system_server) producerControlledByApp=false
06-22 17:05:35.438  1306  1509 D MtkWallpaperFactoryImpl: get the wallpaper image from the plug-in
06-22 17:05:35.438   395  1020 D GraphicBuffer: register, handle(0xaa05a840) (w:122 h:122 s:128 f:0x1 u:100)
06-22 17:05:35.438  1306  1509 D DefaultWallpaperPlugin: into getPluginResources: null
06-22 17:05:35.439   972  1059 D Surface : Surface::disconnect(this=0x928ae000,api=2)
06-22 17:05:35.439   395  1020 I BufferQueueProducer: [thumbnail anim#0](this:0xa849c000,id:10641,api:2,p:972,c:395) disconnect(P): api 2
06-22 17:05:35.440  1306  1509 D skia    : SkJpegCodec::onGetPixels + (720, 1440)
06-22 17:05:35.440  1788 16205 I ADB_SERVICES: post waitpid (pid=16204) status=0000
06-22 17:05:35.440   972  1059 I Timeline: Timeline: App_transition_ready time:886952676
06-22 17:05:35.444 15804 15853 D Surface : Surface::disconnect(this=0x9230a800,api=1)
06-22 17:05:35.445 15804 15853 D GraphicBuffer: unregister, handle(0x92761fc0) (w:720 h:1440 s:736 f:0x1 u:b00)
06-22 17:05:35.446 15804 15853 D GraphicBuffer: unregister, handle(0x92761f00) (w:720 h:1440 s:736 f:0x1 u:b00)
06-22 17:05:35.449 15804 15853 D GraphicBuffer: unregister, handle(0x92761780) (w:720 h:1440 s:736 f:0x1 u:b00)
06-22 17:05:35.449   395  1020 I BufferQueueProducer: [com.android.calendar/com.android.calendar.homepage.AllInOneActivity#0](this:0xac0fd000,id:10640,api:1,p:15804,c:395) disconnect(P): api 1
06-22 17:05:35.456  1153  1153 D StatusBar: disable<e i a s b h r c s > disable2<q i n g r >
06-22 17:05:35.458 27944 15370 W AD-PLUGIN-SplashController: aInfo:ActivityInfo{5fbccfa com.android.calendar.homepage.AllInOneActivity} has been destroyed, return
06-22 17:05:35.459   395   428 I BufferQueueProducer: [com.miui.home/com.miui.home.launcher.Launcher#0](this:0xa920a000,id:2415,api:1,p:1306,c:395) queueBuffer: fps=0.07 dur=29989.29 max=29954.16 min=35.14
06-22 17:05:35.459   395   395 I BufferQueueProducer: [FrameBufferSurface_0](this:0xac08e000,id:0,api:1,p:395,c:395) queueBuffer: fps=0.77 dur=29876.53 max=29143.73 min=15.73
06-22 17:05:35.464  1153  1153 D PhoneStatusBar/NavigationBarView: setDisabledFlags back:false home:false recent:false
06-22 17:05:35.468 15804 15804 D Cal:D:SummarySingleCard: recordDisplayedTime
06-22 17:05:35.468 15804 15804 D Cal:D:MiStatHelper: recordCalculateEvent(): key:summary_card_displayed_time, value:5
06-22 17:05:35.474 15804 15804 D Cal:D:CardFactory: onDestroy()
06-22 17:05:35.480 15804 15804 D Cal:D:AllInOne: onDestroy()
06-22 17:05:35.483   395   425 I BufferQueueProducer: [StatusBar#0](this:0xab860000,id:6,api:1,p:1153,c:395) queueBuffer: fps=0.21 dur=4832.53 max=4832.53 min=4832.53
06-22 17:05:35.488   395   395 W Layer   : [com.android.calendar/com.android.calendar.homepage.AllInOneActivity#0] opaque layer with plane alpha:0.88 cannot be handled by hwcomposer
06-22 17:05:35.492 15804 15804 D Cal:D:CalendarEvent: ==>> post event: (FlingAnimationEndEvent)
06-22 17:05:35.492 15804 15804 D EventBus: No subscribers registered for event class com.miui.calendar.util.CalendarEvent$FlingAnimationEndEvent
06-22 17:05:35.492 15804 15804 D EventBus: No subscribers registered for event class org.greenrobot.eventbus.NoSubscriberEvent
06-22 17:05:35.496  1306  1509 D skia    : SkJpegCodec::onGetPixels -
06-22 17:05:35.497 15804 15804 D View    : [Warning] assignParent to null: this = DecorView@503fa3[AllInOneActivity]
06-22 17:05:35.503   395   395 W Layer   : [com.android.calendar/com.android.calendar.homepage.AllInOneActivity#0] opaque layer with plane alpha:0.68 cannot be handled by hwcomposer
06-22 17:05:35.513 15804 15820 I Cal:D:HolidayService: onHandleIntent(): action:action_stop_sync
06-22 17:05:35.514 15804 15820 I Cal:D:HolidayService: stop()
06-22 17:05:35.520   395   395 W Layer   : [com.android.calendar/com.android.calendar.homepage.AllInOneActivity#0] opaque layer with plane alpha:0.52 cannot be handled by hwcomposer
06-22 17:05:35.535  1153  1153 D MultipleRenderable: add: miui.maml.FancyDrawable@3822c56
06-22 17:05:35.535  1153  1153 D RendererCore: add: miui.maml.FancyDrawable@3822c56 size:5
06-22 17:05:35.535  1153  1153 I ResourceManager: load image quietImage.png
06-22 17:05:35.535  1153  1153 I ResourceManager: try to load resource from extra resource: den320 of quietImage.png
06-22 17:05:35.535  1153  1153 D ResourceLoader: TRY AGAIN to get getPathForLanguage: den320/quietImage.png
06-22 17:05:35.536  1153  1153 E ResourceLoader: fail to get getPathForLanguage: den320/quietImage.png
06-22 17:05:35.536  1153  1153 D ResourceLoader: TRY AGAIN to get getPathForLanguage: quietImage.png
06-22 17:05:35.536  1153  1153 E ResourceLoader: fail to get getPathForLanguage: quietImage.png
06-22 17:05:35.536  1153  1153 D ResourceLoader: TRY AGAIN to get getPathForLanguage: den480/quietImage.png
06-22 17:05:35.536  1153  1153 E ResourceLoader: fail to get getPathForLanguage: den480/quietImage.png
06-22 17:05:35.536  1153  1153 E ResourceManager: fail to load image: quietImage.png
06-22 17:05:35.536  1153  1153 I ResourceManager: load image startImage.png
06-22 17:05:35.536  1153  1153 I ResourceManager: try to load resource from extra resource: den320 of startImage.png
06-22 17:05:35.536  1153  1153 D ResourceLoader: TRY AGAIN to get getPathForLanguage: den320/startImage.png
06-22 17:05:35.536  1153  1153 E ResourceLoader: fail to get getPathForLanguage: den320/startImage.png
06-22 17:05:35.536  1153  1153 D ResourceLoader: TRY AGAIN to get getPathForLanguage: startImage.png
06-22 17:05:35.536  1153  1153 E ResourceLoader: fail to get getPathForLanguage: startImage.png
06-22 17:05:35.536  1153  1153 D ResourceLoader: TRY AGAIN to get getPathForLanguage: den480/startImage.png
06-22 17:05:35.536   395   395 W Layer   : [com.android.calendar/com.android.calendar.homepage.AllInOneActivity#0] opaque layer with plane alpha:0.39 cannot be handled by hwcomposer
06-22 17:05:35.536  1153  1153 E ResourceLoader: fail to get getPathForLanguage: den480/startImage.png
06-22 17:05:35.536  1153  1153 E ResourceManager: fail to load image: startImage.png
06-22 17:05:35.545   530   530 I thermal_repeater: [recvMdThermalInfo] ret=29, strLen=127,  1, 32767,,, 0, 32767, -28380
06-22 17:05:35.548  1876  1900 W System  : ClassLoader referenced unknown path: system/framework/mediatek-cta.jar
06-22 17:05:35.550  1876  1900 I System.out: e:java.lang.ClassNotFoundException: com.mediatek.cta.CtaHttp
06-22 17:05:35.551  1876  1900 I System.out: Check isMmsSendPdu
06-22 17:05:35.552  1876  1900 W System  : ClassLoader referenced unknown path: system/framework/mediatek-cta.jar
06-22 17:05:35.553   395   395 W Layer   : [com.android.calendar/com.android.calendar.homepage.AllInOneActivity#0] opaque layer with plane alpha:0.27 cannot be handled by hwcomposer
06-22 17:05:35.555  1876  1900 I System.out: [OkHttp] sendRequest>>
06-22 17:05:35.556  1876  1900 I System.out: [OkHttp] sendRequest<<
06-22 17:05:35.569   395   395 W Layer   : [com.android.calendar/com.android.calendar.homepage.AllInOneActivity#0] opaque layer with plane alpha:0.19 cannot be handled by hwcomposer
06-22 17:05:35.582  1876  1900 D com.xiaomi.common.Network: Http POST Response Code: 200
06-22 17:05:35.584  1876  1900 W PushService: 2019-06-22 17:05:35,583 - [WARN::PushService] - [Thread:86] HTTP len=2425 url=http://data.mistat.xiaomi.com/mistats/v3
06-22 17:05:35.585   395   395 W Layer   : [com.android.calendar/com.android.calendar.homepage.AllInOneActivity#0] opaque layer with plane alpha:0.12 cannot be handled by hwcomposer
06-22 17:05:35.602   395   395 W Layer   : [com.android.calendar/com.android.calendar.homepage.AllInOneActivity#0] opaque layer with plane alpha:0.07 cannot be handled by hwcomposer
06-22 17:05:35.618   395   395 W Layer   : [com.android.calendar/com.android.calendar.homepage.AllInOneActivity#0] opaque layer with plane alpha:0.04 cannot be handled by hwcomposer
06-22 17:05:35.634   395   395 W Layer   : [com.android.calendar/com.android.calendar.homepage.AllInOneActivity#0] opaque layer with plane alpha:0.02 cannot be handled by hwcomposer
06-22 17:05:35.650   395   395 W Layer   : [com.android.calendar/com.android.calendar.homepage.AllInOneActivity#0] opaque layer with plane alpha:0.01 cannot be handled by hwcomposer
06-22 17:05:35.666   395   395 W Layer   : [com.android.calendar/com.android.calendar.homepage.AllInOneActivity#0] opaque layer with plane alpha:0.00 cannot be handled by hwcomposer
06-22 17:05:35.667  1788  1788 I ADB_SERVICES: service_to_fd shell:input keyevent 4
06-22 17:05:35.670  1306  1450 D MtkWallpaperFactoryImpl: get the wallpaper image from the plug-in
06-22 17:05:35.671  1306  1450 D DefaultWallpaperPlugin: into getPluginResources: null
06-22 17:05:35.673  1306  1450 D skia    : SkJpegCodec::onGetPixels + (720, 1440)
06-22 17:05:35.674   528   616 D connsyslogger: SD_LOG_ROOT is /mnt/sdcard/mtklog/connsyslog/fw.
06-22 17:05:35.683   395   395 W Layer   : [com.android.calendar/com.android.calendar.homepage.AllInOneActivity#0] opaque layer with plane alpha:0.00 cannot be handled by hwcomposer
06-22 17:05:35.712  1306  1450 D skia    : SkJpegCodec::onGetPixels -
06-22 17:05:35.723  1306  1306 E Launcher: changeViewByFsGestureState,  view=FitSystemWindowView,  alpha=1.0,  scale=1.0
06-22 17:05:35.723  1306  1306 E Launcher: changeViewByFsGestureState,  view=ForceTouchLayer,  alpha=1.0,  scale=1.0
06-22 17:05:35.724  1153 19127 D EventBus: [1153, u0] post(FsGestureShowStateEvent)
06-22 17:05:35.725  1153  1153 D EventBus: [1153, u0]  -> RecentsImpl [0x156a7b2, P1] onBusEvent(FsGestureShowStateEvent)
06-22 17:05:35.726  1153  1153 D EventBus: [1153, u0] onBusEvent(FsGestureShowStateEvent) duration: 1385 microseconds, avg: 265
06-22 17:05:35.733  1153  1153 D EventBus: [1153, u0] send(AppTransitionFinishedEvent)
06-22 17:05:35.734  1153  1153 D EventBus: [1153, u0]  -> ForcedResizableInfoActivityController [0xe5970b9, P1] onBusEvent(AppTransitionFinishedEvent)
06-22 17:05:35.734  1153  1153 D EventBus: [1153, u0] onBusEvent(AppTransitionFinishedEvent) duration: 36 microseconds, avg: 265
06-22 17:05:35.747   395   395 I BufferQueueConsumer: [thumbnail anim#0](this:0xa849c000,id:10641,api:2,p:-1,c:-1) disconnect(C)
06-22 17:05:35.748   395   395 I BufferQueueConsumer: [com.android.calendar/com.android.calendar.homepage.AllInOneActivity#0](this:0xac0fd000,id:10640,api:1,p:-1,c:-1) disconnect(C)
06-22 17:05:35.748   395   395 I BufferQueue: [com.android.calendar/com.android.calendar.homepage.AllInOneActivity#0](this:0xac0fd000,id:10640,api:1,p:-1,c:-1) ~BufferQueueCore
06-22 17:05:35.750   395   395 I BufferQueue: [thumbnail anim#0](this:0xa849c000,id:10641,api:2,p:-1,c:-1) ~BufferQueueCore
06-22 17:05:35.753  1153  1153 D EventBus: [1153, u0] send(AppTransitionFinishedEvent)
06-22 17:05:35.753  1153  1153 D EventBus: [1153, u0]  -> ForcedResizableInfoActivityController [0xe5970b9, P1] onBusEvent(AppTransitionFinishedEvent)
06-22 17:05:35.753  1153  1153 D EventBus: [1153, u0] onBusEvent(AppTransitionFinishedEvent) duration: 26 microseconds, avg: 265
06-22 17:05:35.753   395   395 D GraphicBuffer: unregister, handle(0xaba83180) (w:122 h:122 s:128 f:0x1 u:100)
06-22 17:05:35.755   972  1059 I Timeline: Timeline: App_transition_stopped time:886952990
06-22 17:05:35.756  1153  1153 D EventBus: [1153, u0] send(AppTransitionFinishedEvent)
06-22 17:05:35.756  1153  1153 D EventBus: [1153, u0]  -> ForcedResizableInfoActivityController [0xe5970b9, P1] onBusEvent(AppTransitionFinishedEvent)
06-22 17:05:35.756  1153  1153 D EventBus: [1153, u0] onBusEvent(AppTransitionFinishedEvent) duration: 27 microseconds, avg: 265
06-22 17:05:35.864   390   412 I libPerfService: 11: cpu_ctrl set freq: -1 -1
06-22 17:05:36.026  1153  1153 D GestureStubView: hideGestureStub
06-22 17:05:36.026  1153  1153 D GestureStubView: hideGestureStub
06-22 17:05:36.044  1153  1558 D Surface : Surface::disconnect(this=0x8eb35800,api=1)
06-22 17:05:36.044  1153  1558 D GraphicBuffer: unregister, handle(0xa5750600) (w:54 h:864 s:64 f:0x1 u:b00)
06-22 17:05:36.045   395   425 I BufferQueueProducer: [GestureStubLeft#0](this:0xa9214000,id:10,api:1,p:1153,c:395) disconnect(P): api 1
06-22 17:05:36.055  1153  1153 D GestureStubView: gatherTransparentRegion: need render w:54  h:864
06-22 17:05:36.056  1153  1558 D Surface : Surface::disconnect(this=0x8e633000,api=1)
06-22 17:05:36.057  1153  1558 D GraphicBuffer: unregister, handle(0xa5750d80) (w:54 h:864 s:64 f:0x1 u:b00)
06-22 17:05:36.058   395  1020 I BufferQueueProducer: [GestureStubRight#0](this:0xa927d000,id:11,api:1,p:1153,c:395) disconnect(P): api 1
06-22 17:05:36.066  1153  1153 D GestureStubView: gatherTransparentRegion: need render w:54  h:864
06-22 17:05:36.174  6799  6799 W cr_TrimMemory: Trim GL resources.
06-22 17:05:36.212 16226 16226 D PQ      : [PQ_PROT] [PQCust] libpq_cust_base.so OK, libpq_cust.so absent
06-22 17:05:36.230 16226 16226 D PQ      : [PQ_PROT] [PQCust] libpq_cust_base_mtk.so absent, libpq_cust_mtk.so absent
06-22 17:05:36.230 16226 16226 D AVStageFactory: createInstance(32bit): createVendorAVFactory success!
06-22 17:05:36.231 16226 16226 D AVStageUtils: createInstance(32bit): createVendorAVUtils success!
06-22 17:05:36.231 16226 16226 D AVStageFactory: createInstance(32bit): createVendorAVFactory success!
06-22 17:05:36.231 16226 16226 D AVStageUtils: createInstance(32bit): createVendorAVUtils success!
06-22 17:05:36.235 16226 16226 D AndroidRuntime: >>>>>> START com.android.internal.os.RuntimeInit uid 2000 <<<<<<
06-22 17:05:36.245 16226 16226 W app_process: Could not reserve sentinel fault page
06-22 17:05:36.418   501  1131 D AALLightSensor: newLux = 38, [35, 34] -> 38
06-22 17:05:36.461 15372 15372 D FloatingUIController: dismissFloatView
06-22 17:05:36.564 16226 16226 I app_process: The ClassLoaderContext is a special shared library.
06-22 17:05:36.615 16226 16226 D AndroidRuntime: Calling main entry com.android.commands.input.Input
06-22 17:05:36.617 16226 16226 I Input   : injectKeyEvent: KeyEvent { action=ACTION_DOWN, keyCode=KEYCODE_BACK, scanCode=0, metaState=0, flags=0x0, repeatCount=0, eventTime=886953852, downTime=886953852, deviceId=-1, source=0x101 }
06-22 17:05:36.652  6799  6799 W cr_TrimMemory: Trim GL resources.
06-22 17:05:36.669   972  2030 W BaseMiuiPhoneWindowManager: keyCode:4 down:true eventTime:886953852 downTime:886953852 policyFlags:2b000000 flags:0 deviceId:-1 isScreenOn:true keyguardActive:false repeatCount:0
06-22 17:05:36.672 16226 16226 I Input   : injectKeyEvent: KeyEvent { action=ACTION_UP, keyCode=KEYCODE_BACK, scanCode=0, metaState=0, flags=0x0, repeatCount=0, eventTime=886953852, downTime=886953852, deviceId=-1, source=0x101 }
06-22 17:05:36.673   972  2030 W BaseMiuiPhoneWindowManager: keyCode:4 down:false eventTime:886953852 downTime:886953852 policyFlags:2b000000 flags:0 deviceId:-1 isScreenOn:true keyguardActive:false repeatCount:0
06-22 17:05:36.675  1306  1306 D Launcher.XOutUtils: canRecommendScreenShow, isShowXout=false
06-22 17:05:36.676 16226 16226 D AndroidRuntime: Shutting down VM
06-22 17:05:36.718  1788  1788 I ADB_SERVICES: +read_data=450831 local_socket_list_len=1
06-22 17:05:36.719  1788 16227 I ADB_SERVICES: post waitpid (pid=16226) status=0000
06-22 17:05:36.786  1788  1788 I ADB_SERVICES: service_to_fd shell:input keyevent 4
06-22 17:05:37.164   972  1085 D WifiStateMachine:  MtkL2ConnectedState 131155 13 0, mShouldDeferDisableWifi = false, mState = MONITORING
06-22 17:05:37.325 16237 16237 D PQ      : [PQ_PROT] [PQCust] libpq_cust_base.so OK, libpq_cust.so absent
06-22 17:05:37.341 16237 16237 D PQ      : [PQ_PROT] [PQCust] libpq_cust_base_mtk.so absent, libpq_cust_mtk.so absent
06-22 17:05:37.342 16237 16237 D AVStageFactory: createInstance(32bit): createVendorAVFactory success!
06-22 17:05:37.342 16237 16237 D AVStageUtils: createInstance(32bit): createVendorAVUtils success!
06-22 17:05:37.342 16237 16237 D AVStageFactory: createInstance(32bit): createVendorAVFactory success!
06-22 17:05:37.343 16237 16237 D AVStageUtils: createInstance(32bit): createVendorAVUtils success!
06-22 17:05:37.346 16237 16237 D AndroidRuntime: >>>>>> START com.android.internal.os.RuntimeInit uid 2000 <<<<<<
06-22 17:05:37.356 16237 16237 W app_process: Could not reserve sentinel fault page
06-22 17:05:37.657 16237 16237 I app_process: The ClassLoaderContext is a special shared library.
06-22 17:05:37.675   528   616 D connsyslogger: SD_LOG_ROOT is /mnt/sdcard/mtklog/connsyslog/fw.
06-22 17:05:37.711 16237 16237 D AndroidRuntime: Calling main entry com.android.commands.input.Input
06-22 17:05:37.712 16237 16237 I Input   : injectKeyEvent: KeyEvent { action=ACTION_DOWN, keyCode=KEYCODE_BACK, scanCode=0, metaState=0, flags=0x0, repeatCount=0, eventTime=886954948, downTime=886954948, deviceId=-1, source=0x101 }
06-22 17:05:37.764   972  2030 W BaseMiuiPhoneWindowManager: keyCode:4 down:true eventTime:886954948 downTime:886954948 policyFlags:2b000000 flags:0 deviceId:-1 isScreenOn:true keyguardActive:false repeatCount:0
06-22 17:05:37.768 16237 16237 I Input   : injectKeyEvent: KeyEvent { action=ACTION_UP, keyCode=KEYCODE_BACK, scanCode=0, metaState=0, flags=0x0, repeatCount=0, eventTime=886954948, downTime=886954948, deviceId=-1, source=0x101 }
06-22 17:05:37.769   972  2030 W BaseMiuiPhoneWindowManager: keyCode:4 down:false eventTime:886954948 downTime:886954948 policyFlags:2b000000 flags:0 deviceId:-1 isScreenOn:true keyguardActive:false repeatCount:0
06-22 17:05:37.770  1306  1306 D Launcher.XOutUtils: canRecommendScreenShow, isShowXout=false
06-22 17:05:37.771 16237 16237 D AndroidRuntime: Shutting down VM
06-22 17:05:37.810  1788 16238 I ADB_SERVICES: post waitpid (pid=16237) status=0000
06-22 17:05:37.910  1788  1788 I ADB_SERVICES: service_to_fd shell:input keyevent 4
06-22 17:05:38.465 16247 16247 D PQ      : [PQ_PROT] [PQCust] libpq_cust_base.so OK, libpq_cust.so absent
06-22 17:05:38.483 16247 16247 D PQ      : [PQ_PROT] [PQCust] libpq_cust_base_mtk.so absent, libpq_cust_mtk.so absent
06-22 17:05:38.484 16247 16247 D AVStageFactory: createInstance(32bit): createVendorAVFactory success!
06-22 17:05:38.484 16247 16247 D AVStageUtils: createInstance(32bit): createVendorAVUtils success!
06-22 17:05:38.484 16247 16247 D AVStageFactory: createInstance(32bit): createVendorAVFactory success!
06-22 17:05:38.485 16247 16247 D AVStageUtils: createInstance(32bit): createVendorAVUtils success!
06-22 17:05:38.489 16247 16247 D AndroidRuntime: >>>>>> START com.android.internal.os.RuntimeInit uid 2000 <<<<<<
06-22 17:05:38.499 16247 16247 W app_process: Could not reserve sentinel fault page
06-22 17:05:38.822 16247 16247 I app_process: The ClassLoaderContext is a special shared library.
06-22 17:05:38.876 16247 16247 D AndroidRuntime: Calling main entry com.android.commands.input.Input
06-22 17:05:38.878 16247 16247 I Input   : injectKeyEvent: KeyEvent { action=ACTION_DOWN, keyCode=KEYCODE_BACK, scanCode=0, metaState=0, flags=0x0, repeatCount=0, eventTime=886956113, downTime=886956113, deviceId=-1, source=0x101 }
06-22 17:05:38.931   972  2030 W BaseMiuiPhoneWindowManager: keyCode:4 down:true eventTime:886956113 downTime:886956113 policyFlags:2b000000 flags:0 deviceId:-1 isScreenOn:true keyguardActive:false repeatCount:0
06-22 17:05:38.933 16247 16247 I Input   : injectKeyEvent: KeyEvent { action=ACTION_UP, keyCode=KEYCODE_BACK, scanCode=0, metaState=0, flags=0x0, repeatCount=0, eventTime=886956113, downTime=886956113, deviceId=-1, source=0x101 }
06-22 17:05:38.934   972  2030 W BaseMiuiPhoneWindowManager: keyCode:4 down:false eventTime:886956113 downTime:886956113 policyFlags:2b000000 flags:0 deviceId:-1 isScreenOn:true keyguardActive:false repeatCount:0
06-22 17:05:38.936  1306  1306 D Launcher.XOutUtils: canRecommendScreenShow, isShowXout=false
06-22 17:05:38.937 16247 16247 D AndroidRuntime: Shutting down VM
06-22 17:05:38.982  1788 16248 I ADB_SERVICES: post waitpid (pid=16247) status=0000
06-22 17:05:39.016  1788  1788 I ADB_SERVICES: service_to_fd shell:input keyevent 4
06-22 17:05:39.205   507   534 I thermald: inotify_add_watch error!
06-22 17:05:39.206   507   534 I thermald: Error 2: No such file or directory
06-22 17:05:39.568 16257 16257 D PQ      : [PQ_PROT] [PQCust] libpq_cust_base.so OK, libpq_cust.so absent
06-22 17:05:39.585 16257 16257 D PQ      : [PQ_PROT] [PQCust] libpq_cust_base_mtk.so absent, libpq_cust_mtk.so absent
06-22 17:05:39.586 16257 16257 D AVStageFactory: createInstance(32bit): createVendorAVFactory success!
06-22 17:05:39.586 16257 16257 D AVStageUtils: createInstance(32bit): createVendorAVUtils success!
06-22 17:05:39.586 16257 16257 D AVStageFactory: createInstance(32bit): createVendorAVFactory success!
06-22 17:05:39.586 16257 16257 D AVStageUtils: createInstance(32bit): createVendorAVUtils success!
06-22 17:05:39.590 16257 16257 D AndroidRuntime: >>>>>> START com.android.internal.os.RuntimeInit uid 2000 <<<<<<
06-22 17:05:39.600 16257 16257 W app_process: Could not reserve sentinel fault page
06-22 17:05:39.653   528   625 E connsyslogger: Bootup Log: 8 log files!
06-22 17:05:39.675   528   616 D connsyslogger: SD_LOG_ROOT is /mnt/sdcard/mtklog/connsyslog/fw.
06-22 17:05:39.915 16257 16257 I app_process: The ClassLoaderContext is a special shared library.
06-22 17:05:39.968 16257 16257 D AndroidRuntime: Calling main entry com.android.commands.input.Input
06-22 17:05:39.970 16257 16257 I Input   : injectKeyEvent: KeyEvent { action=ACTION_DOWN, keyCode=KEYCODE_BACK, scanCode=0, metaState=0, flags=0x0, repeatCount=0, eventTime=886957205, downTime=886957205, deviceId=-1, source=0x101 }
06-22 17:05:40.021   972  2030 W BaseMiuiPhoneWindowManager: keyCode:4 down:true eventTime:886957205 downTime:886957205 policyFlags:2b000000 flags:0 deviceId:-1 isScreenOn:true keyguardActive:false repeatCount:0
06-22 17:05:40.023 16257 16257 I Input   : injectKeyEvent: KeyEvent { action=ACTION_UP, keyCode=KEYCODE_BACK, scanCode=0, metaState=0, flags=0x0, repeatCount=0, eventTime=886957205, downTime=886957205, deviceId=-1, source=0x101 }
06-22 17:05:40.024   972  2030 W BaseMiuiPhoneWindowManager: keyCode:4 down:false eventTime:886957205 downTime:886957205 policyFlags:2b000000 flags:0 deviceId:-1 isScreenOn:true keyguardActive:false repeatCount:0
06-22 17:05:40.026  1306  1306 D Launcher.XOutUtils: canRecommendScreenShow, isShowXout=false
06-22 17:05:40.027 16257 16257 D AndroidRuntime: Shutting down VM
06-22 17:05:40.068  1788 16258 I ADB_SERVICES: post waitpid (pid=16257) status=0000
06-22 17:05:40.153  1788  1788 I ADB_SERVICES: service_to_fd shell:input keyevent 3
06-22 17:05:40.174   972  1085 D WifiStateMachine:  MtkL2ConnectedState 131155 13 0, mShouldDeferDisableWifi = false, mState = MONITORING
06-22 17:05:40.723 16267 16267 D PQ      : [PQ_PROT] [PQCust] libpq_cust_base.so OK, libpq_cust.so absent
06-22 17:05:40.740 16267 16267 D PQ      : [PQ_PROT] [PQCust] libpq_cust_base_mtk.so absent, libpq_cust_mtk.so absent
06-22 17:05:40.741 16267 16267 D AVStageFactory: createInstance(32bit): createVendorAVFactory success!
06-22 17:05:40.742 16267 16267 D AVStageUtils: createInstance(32bit): createVendorAVUtils success!
06-22 17:05:40.742 16267 16267 D AVStageFactory: createInstance(32bit): createVendorAVFactory success!
06-22 17:05:40.742 16267 16267 D AVStageUtils: createInstance(32bit): createVendorAVUtils success!
06-22 17:05:40.746 16267 16267 D AndroidRuntime: >>>>>> START com.android.internal.os.RuntimeInit uid 2000 <<<<<<
06-22 17:05:40.756 16267 16267 W app_process: Could not reserve sentinel fault page
06-22 17:05:41.066 16267 16267 I app_process: The ClassLoaderContext is a special shared library.
06-22 17:05:41.118 16267 16267 D AndroidRuntime: Calling main entry com.android.commands.input.Input
06-22 17:05:41.119 16267 16267 I Input   : injectKeyEvent: KeyEvent { action=ACTION_DOWN, keyCode=KEYCODE_HOME, scanCode=0, metaState=0, flags=0x0, repeatCount=0, eventTime=886958354, downTime=886958354, deviceId=-1, source=0x101 }
06-22 17:05:41.169   972  2030 W BaseMiuiPhoneWindowManager: keyCode:3 down:true eventTime:886958354 downTime:886958354 policyFlags:2b000000 flags:0 deviceId:-1 isScreenOn:true keyguardActive:false repeatCount:0
06-22 17:05:41.170 16267 16267 I Input   : injectKeyEvent: KeyEvent { action=ACTION_UP, keyCode=KEYCODE_HOME, scanCode=0, metaState=0, flags=0x0, repeatCount=0, eventTime=886958354, downTime=886958354, deviceId=-1, source=0x101 }
06-22 17:05:41.171   972  2030 W BaseMiuiPhoneWindowManager: keyCode:3 down:false eventTime:886958354 downTime:886958354 policyFlags:2b000000 flags:0 deviceId:-1 isScreenOn:true keyguardActive:false repeatCount:0
06-22 17:05:41.175  1153  1153 W HeadsUpManager: removeHeadsUpNotification() no heads up notification on show
06-22 17:05:41.176   972  1070 I ActivityManager: START u0 {act=android.intent.action.MAIN cat=[android.intent.category.HOME] flg=0x10200000 cmp=com.miui.home/.launcher.Launcher (has extras)} from uid 1000
06-22 17:05:41.177  1306  1306 D BaseFeedFragment205810657: onPause
06-22 17:05:41.178  1306  1433 D Launcher: disableStatusBarClock:false
06-22 17:05:41.178  1306  1613 D ScreenElementRoot: pause
06-22 17:05:41.182  1306  1613 I NotifierManager: onUnregister: miui.maml.NotifierManager$MultiBroadcastNotifier@e2fbf6a
06-22 17:05:41.183  1306  1613 I RenderThread: RenderThread paused, waiting for signal
06-22 17:05:41.183  1306  1433 D Launcher: disableStatusBarClock:false
06-22 17:05:41.183  1306  1306 D Launcher.XOutUtils: canRecommendScreenShow, isShowXout=false
06-22 17:05:41.183  1306  1306 E Launcher.RecommendLog: folder display and try to request recommend list
06-22 17:05:41.184  1306  1306 D BaseFeedFragment205810657: onResume
06-22 17:05:41.184 16267 16267 D AndroidRuntime: Shutting down VM
06-22 17:05:41.185  1306  1613 I RenderThread: RenderThread resumed
06-22 17:05:41.185  1306  1613 D ScreenElementRoot: resume
06-22 17:05:41.187  1306  1613 I NotifierManager: onRegister: miui.maml.NotifierManager$MultiBroadcastNotifier@e2fbf6a
06-22 17:05:41.188   972 20960 W WallpaperManagerService: Cannot extract colors because wallpaper could not be read.
06-22 17:05:41.190  1306  1504 D MtkWallpaperFactoryImpl: get the wallpaper image from the plug-in
06-22 17:05:41.190  1306  1504 D DefaultWallpaperPlugin: into getPluginResources: null
06-22 17:05:41.191  1306  1504 D skia    : SkJpegCodec::onGetPixels + (720, 1440)
06-22 17:05:41.193  1306  1306 D Launcher: onWorkspaceScroll
06-22 17:05:41.194  1306  1306 D Launcher: onWorkspaceScroll
06-22 17:05:41.204  1306  1433 D Launcher: disableStatusBarClock:false
06-22 17:05:41.209  1306  1306 D Launcher: onWorkspaceScroll
06-22 17:05:41.210   395   395 I DisplayDevice: [Built-in Screen (type:0)] fps:4.653552,dur:5802.02,max:5117.76,min:12.54
06-22 17:05:41.211  1306  1306 D Launcher: onWorkspaceScroll
06-22 17:05:41.215   395   425 I BufferQueueProducer: [com.miui.home/com.miui.home.launcher.Launcher#0](this:0xa920a000,id:2415,api:1,p:1306,c:395) queueBuffer: fps=0.69 dur=5755.96 max=5474.14 min=8.94
06-22 17:05:41.225  1306  1306 D Launcher: onWorkspaceScroll
06-22 17:05:41.227  1306  1306 D Launcher: onWorkspaceScroll
06-22 17:05:41.240  1788 16268 I ADB_SERVICES: post waitpid (pid=16267) status=0000
06-22 17:05:41.241  1306  1504 D skia    : SkJpegCodec::onGetPixels -
06-22 17:05:41.242  1306  1306 D Launcher: onWorkspaceScroll
06-22 17:05:41.405  1306  1306 I chatty  : uid=10017(com.miui.home) identical 21 lines
06-22 17:05:41.420  1306  1306 D Launcher: onWorkspaceScroll
06-22 17:05:41.421  1306  1306 D ScreenElementRoot: resume
06-22 17:05:41.422  1306  1306 D FancyDrawable: doPause:   [miui.maml.FancyDrawable@2f3f138]
06-22 17:05:41.422  1306  1306 D MultipleRenderable: setPause: true miui.maml.FancyDrawable@2f3f138
06-22 17:05:41.422  1306  1306 D RendererCore: self pause: miui.maml.RendererCore@8899503
06-22 17:05:41.423  1306  1306 D ScreenElementRoot: pause
06-22 17:05:41.424  1306  1306 D Launcher: onWorkspaceScroll
06-22 17:05:41.424  1306  1306 D Launcher.XOutUtils: canRecommendScreenShow, isShowXout=false
06-22 17:05:41.424  1306  1306 E Launcher.RecommendLog: don't request, because recommend screen can't show
06-22 17:05:41.424  1306  1306 E Launcher.RecommendLog: folder display and try to request recommend list
06-22 17:05:41.424  1306  1433 D Launcher: disableStatusBarClock:true
06-22 17:05:41.424  1306  1306 D Launcher.MultiSelectMonitor: needShowGroupContainerOrFinishContainer, mEditModeState=7, mIsWidgetsPreviewLayoutVisible=false, mIsDefaultScreenPreviewVisible=false, mIsMenuVisible=false, isUninstallDialogShowing=false, mIsDragging=false
06-22 17:05:41.426  1153  1153 D StatusBar: disable<e i a s b h r C!s > disable2<q i n g r >
06-22 17:05:41.446   395   657 I BufferQueueProducer: [StatusBar#0](this:0xab860000,id:6,api:1,p:1153,c:395) queueBuffer: fps=1.51 dur=5962.72 max=5833.41 min=7.81
06-22 17:05:41.508  1306  1509 D MtkWallpaperFactoryImpl: get the wallpaper image from the plug-in
06-22 17:05:41.509  1306  1509 D DefaultWallpaperPlugin: into getPluginResources: null
06-22 17:05:41.510  1306  1509 D skia    : SkJpegCodec::onGetPixels + (720, 1440)
06-22 17:05:41.560  1306  1509 D skia    : SkJpegCodec::onGetPixels -
06-22 17:05:41.584  1788  1788 I ADB_SERVICES: service_to_fd shell:input keyevent 3
06-22 17:05:41.617   501  1131 D AALLightSensor: newLux = 38, [34, 34] -> 38
06-22 17:05:41.672  1306  1320 I zygote  : NativeAlloc concurrent copying GC freed 16781(1208KB) AllocSpace objects, 1(20KB) LOS objects, 70% free, 4MB/16MB, paused 197us total 111.225ms
06-22 17:05:41.676   528   616 D connsyslogger: SD_LOG_ROOT is /mnt/sdcard/mtklog/connsyslog/fw.
06-22 17:05:42.101 16277 16277 D PQ      : [PQ_PROT] [PQCust] libpq_cust_base.so OK, libpq_cust.so absent
06-22 17:05:42.118 16277 16277 D PQ      : [PQ_PROT] [PQCust] libpq_cust_base_mtk.so absent, libpq_cust_mtk.so absent
06-22 17:05:42.118 16277 16277 D AVStageFactory: createInstance(32bit): createVendorAVFactory success!
06-22 17:05:42.119 16277 16277 D AVStageUtils: createInstance(32bit): createVendorAVUtils success!
06-22 17:05:42.119 16277 16277 D AVStageFactory: createInstance(32bit): createVendorAVFactory success!
06-22 17:05:42.119 16277 16277 D AVStageUtils: createInstance(32bit): createVendorAVUtils success!
06-22 17:05:42.123 16277 16277 D AndroidRuntime: >>>>>> START com.android.internal.os.RuntimeInit uid 2000 <<<<<<
06-22 17:05:42.132 16277 16277 W app_process: Could not reserve sentinel fault page
06-22 17:05:42.420 16277 16277 I app_process: The ClassLoaderContext is a special shared library.
06-22 17:05:42.469 16277 16277 D AndroidRuntime: Calling main entry com.android.commands.input.Input
06-22 17:05:42.470 16277 16277 I Input   : injectKeyEvent: KeyEvent { action=ACTION_DOWN, keyCode=KEYCODE_HOME, scanCode=0, metaState=0, flags=0x0, repeatCount=0, eventTime=886959706, downTime=886959706, deviceId=-1, source=0x101 }
06-22 17:05:42.519   972 20960 W BaseMiuiPhoneWindowManager: keyCode:3 down:true eventTime:886959706 downTime:886959706 policyFlags:2b000000 flags:0 deviceId:-1 isScreenOn:true keyguardActive:false repeatCount:0
06-22 17:05:42.521 16277 16277 I Input   : injectKeyEvent: KeyEvent { action=ACTION_UP, keyCode=KEYCODE_HOME, scanCode=0, metaState=0, flags=0x0, repeatCount=0, eventTime=886959706, downTime=886959706, deviceId=-1, source=0x101 }
06-22 17:05:42.521   972 20960 W BaseMiuiPhoneWindowManager: keyCode:3 down:false eventTime:886959706 downTime:886959706 policyFlags:2b000000 flags:0 deviceId:-1 isScreenOn:true keyguardActive:false repeatCount:0
06-22 17:05:42.526  1153  1153 W HeadsUpManager: removeHeadsUpNotification() no heads up notification on show
06-22 17:05:42.526   972  1070 I ActivityManager: START u0 {act=android.intent.action.MAIN cat=[android.intent.category.HOME] flg=0x10200000 cmp=com.miui.home/.launcher.Launcher (has extras)} from uid 1000
06-22 17:05:42.528  1306  1306 D BaseFeedFragment205810657: onPause
06-22 17:05:42.528  1306  1306 D ScreenElementRoot: pause
06-22 17:05:42.532  1306  1306 I NotifierManager: onUnregister: miui.maml.NotifierManager$MultiBroadcastNotifier@e2fbf6a
06-22 17:05:42.532 16277 16277 D AndroidRuntime: Shutting down VM
06-22 17:05:42.532  1306  1613 I RenderThread: RenderThread paused, waiting for signal
06-22 17:05:42.534  1306  1613 I RenderThread: RenderThread resumed
06-22 17:05:42.534  1306  1613 D ScreenElementRoot: resume
06-22 17:05:42.534  1306  1433 D Launcher: disableStatusBarClock:true
06-22 17:05:42.534  1306  1306 D Launcher.XOutUtils: canRecommendScreenShow, isShowXout=false
06-22 17:05:42.534  1306  1306 E Launcher.RecommendLog: don't request, because recommend screen can't show
06-22 17:05:42.534  1306  1306 E Launcher.RecommendLog: folder display and try to request recommend list
06-22 17:05:42.535  1306  1306 D BaseFeedFragment205810657: onResume
06-22 17:05:42.537  1306  1613 I NotifierManager: onRegister: miui.maml.NotifierManager$MultiBroadcastNotifier@e2fbf6a
06-22 17:05:42.539   972   982 W WallpaperManagerService: Cannot extract colors because wallpaper could not be read.
06-22 17:05:42.542  1306  1450 D MtkWallpaperFactoryImpl: get the wallpaper image from the plug-in
06-22 17:05:42.542  1306  1433 D Launcher: disableStatusBarClock:true
06-22 17:05:42.542   395  1020 I BufferQueueProducer: [com.miui.home/com.miui.home.launcher.Launcher#0](this:0xa920a000,id:2415,api:1,p:1306,c:395) queueBuffer: fps=15.07 dur=1327.24 max=869.86 min=10.98
06-22 17:05:42.542  1306  1450 D DefaultWallpaperPlugin: into getPluginResources: null
06-22 17:05:42.545  1306  1450 D skia    : SkJpegCodec::onGetPixels + (720, 1440)
06-22 17:05:42.546   395   395 I DisplayDevice: [Built-in Screen (type:0)] fps:20.946806,dur:1336.72,max:863.79,min:14.43
06-22 17:05:42.579  1306  1450 D skia    : SkJpegCodec::onGetPixels -
06-22 17:05:42.585  1788 16278 I ADB_SERVICES: post waitpid (pid=16277) status=0000
06-22 17:05:42.732  1306  1504 D MtkWallpaperFactoryImpl: get the wallpaper image from the plug-in
06-22 17:05:42.732  1306  1504 D DefaultWallpaperPlugin: into getPluginResources: null
06-22 17:05:42.733  1306  1504 D skia    : SkJpegCodec::onGetPixels + (720, 1440)
06-22 17:05:42.763  1306  1504 D skia    : SkJpegCodec::onGetPixels -
06-22 17:05:42.916  1788  1788 I ADB_SERVICES: service_to_fd shell:input keyevent 3
06-22 17:05:43.183   972  1085 D WifiStateMachine:  MtkL2ConnectedState 131155 13 0, mShouldDeferDisableWifi = false, mState = MONITORING
06-22 17:05:43.422 16287 16287 D PQ      : [PQ_PROT] [PQCust] libpq_cust_base.so OK, libpq_cust.so absent
06-22 17:05:43.438 16287 16287 D PQ      : [PQ_PROT] [PQCust] libpq_cust_base_mtk.so absent, libpq_cust_mtk.so absent
06-22 17:05:43.439 16287 16287 D AVStageFactory: createInstance(32bit): createVendorAVFactory success!
06-22 17:05:43.439 16287 16287 D AVStageUtils: createInstance(32bit): createVendorAVUtils success!
06-22 17:05:43.439 16287 16287 D AVStageFactory: createInstance(32bit): createVendorAVFactory success!
06-22 17:05:43.439 16287 16287 D AVStageUtils: createInstance(32bit): createVendorAVUtils success!
06-22 17:05:43.443 16287 16287 D AndroidRuntime: >>>>>> START com.android.internal.os.RuntimeInit uid 2000 <<<<<<
06-22 17:05:43.453 16287 16287 W app_process: Could not reserve sentinel fault page
06-22 17:05:43.676   528   616 D connsyslogger: SD_LOG_ROOT is /mnt/sdcard/mtklog/connsyslog/fw.
06-22 17:05:43.735 16287 16287 I app_process: The ClassLoaderContext is a special shared library.
06-22 17:05:43.786 16287 16287 D AndroidRuntime: Calling main entry com.android.commands.input.Input
06-22 17:05:43.787 16287 16287 I Input   : injectKeyEvent: KeyEvent { action=ACTION_DOWN, keyCode=KEYCODE_HOME, scanCode=0, metaState=0, flags=0x0, repeatCount=0, eventTime=886961022, downTime=886961022, deviceId=-1, source=0x101 }
06-22 17:05:43.837   972  2030 W BaseMiuiPhoneWindowManager: keyCode:3 down:true eventTime:886961022 downTime:886961022 policyFlags:2b000000 flags:0 deviceId:-1 isScreenOn:true keyguardActive:false repeatCount:0
06-22 17:05:43.838 16287 16287 I Input   : injectKeyEvent: KeyEvent { action=ACTION_UP, keyCode=KEYCODE_HOME, scanCode=0, metaState=0, flags=0x0, repeatCount=0, eventTime=886961022, downTime=886961022, deviceId=-1, source=0x101 }
06-22 17:05:43.839   972  2030 W BaseMiuiPhoneWindowManager: keyCode:3 down:false eventTime:886961022 downTime:886961022 policyFlags:2b000000 flags:0 deviceId:-1 isScreenOn:true keyguardActive:false repeatCount:0
06-22 17:05:43.843  1153  1153 W HeadsUpManager: removeHeadsUpNotification() no heads up notification on show
06-22 17:05:43.843   972  1070 I ActivityManager: START u0 {act=android.intent.action.MAIN cat=[android.intent.category.HOME] flg=0x10200000 cmp=com.miui.home/.launcher.Launcher (has extras)} from uid 1000
06-22 17:05:43.845  1306  1306 D BaseFeedFragment205810657: onPause
06-22 17:05:43.845  1306  1306 D ScreenElementRoot: pause
06-22 17:05:43.849  1306  1306 I NotifierManager: onUnregister: miui.maml.NotifierManager$MultiBroadcastNotifier@e2fbf6a
06-22 17:05:43.849  1306  1613 I RenderThread: RenderThread paused, waiting for signal
06-22 17:05:43.850 16287 16287 D AndroidRuntime: Shutting down VM
06-22 17:05:43.851  1306  1613 I RenderThread: RenderThread resumed
06-22 17:05:43.851  1306  1613 D ScreenElementRoot: resume
06-22 17:05:43.851  1306  1306 D Launcher.XOutUtils: canRecommendScreenShow, isShowXout=false
06-22 17:05:43.851  1306  1433 D Launcher: disableStatusBarClock:true
06-22 17:05:43.851  1306  1306 E Launcher.RecommendLog: don't request, because recommend screen can't show
06-22 17:05:43.852  1306  1306 E Launcher.RecommendLog: folder display and try to request recommend list
06-22 17:05:43.852  1306  1306 D BaseFeedFragment205810657: onResume
06-22 17:05:43.853  1306  1613 I NotifierManager: onRegister: miui.maml.NotifierManager$MultiBroadcastNotifier@e2fbf6a
06-22 17:05:43.857   972 20960 W WallpaperManagerService: Cannot extract colors because wallpaper could not be read.
06-22 17:05:43.861  1306  1509 D MtkWallpaperFactoryImpl: get the wallpaper image from the plug-in
06-22 17:05:43.861  1306  1509 D DefaultWallpaperPlugin: into getPluginResources: null
06-22 17:05:43.862   395  1020 I BufferQueueProducer: [com.miui.home/com.miui.home.launcher.Launcher#0](this:0xa920a000,id:2415,api:1,p:1306,c:395) queueBuffer: fps=3.79 dur=1319.43 max=1034.54 min=8.14
06-22 17:05:43.864  1306  1509 D skia    : SkJpegCodec::onGetPixels + (720, 1440)
06-22 17:05:43.867   395   395 I DisplayDevice: [Built-in Screen (type:0)] fps:3.785658,dur:1320.77,max:1027.29,min:16.14
06-22 17:05:43.870  1306  1433 D Launcher: disableStatusBarClock:true
06-22 17:05:43.923  1788 16288 I ADB_SERVICES: post waitpid (pid=16287) status=0000
06-22 17:05:43.925  1306  1509 D skia    : SkJpegCodec::onGetPixels -
06-22 17:05:44.164  1306  1450 D MtkWallpaperFactoryImpl: get the wallpaper image from the plug-in
06-22 17:05:44.165  1306  1450 D DefaultWallpaperPlugin: into getPluginResources: null
06-22 17:05:44.167  1306  1450 D skia    : SkJpegCodec::onGetPixels + (720, 1440)
06-22 17:05:44.211  1306  1450 D skia    : SkJpegCodec::onGetPixels -
06-22 17:05:44.243  1788 16193 I ADB_SERVICES: host-23: remote read failed for transport
06-22 17:05:44.243  1788 16193 I ADB_SERVICES: host-23: read_transport thread is exiting
06-22 17:05:44.243  1788  1788 I ADB_SERVICES: recv: SYNC 00000000 00000000 0000
06-22 17:05:44.243  1788 16192 I ADB_SERVICES: host-23: write_transport thread is exiting, fd 25
06-22 17:05:45.182  1788 16297 I ADB_SERVICES: host-20: starting write_transport thread, reading from fd 25
06-22 17:05:45.182  1788 16298 I ADB_SERVICES: host-20: starting read_transport thread on fd 25, SYNC online (2)
06-22 17:05:45.182  1788  1788 I ADB_SERVICES: recv: SYNC 00000001 00000002 0000
06-22 17:05:45.198  1788 16298 I ADB_SERVICES: host-20: read_transport thread read CNXN (count=2)
06-22 17:05:45.199  1788  1788 I ADB_SERVICES: recv: CNXN 01000000 00001000 0007 host::
06-22 17:05:45.199  1788  1788 I adbd    : Calling send_auth_request...
06-22 17:05:45.256  1788  1788 I adbd    : Loading keys from /data/misc/adb/adb_keys
06-22 17:05:45.264  1788  1788 I adbd    : adb client authorized
06-22 17:05:45.264  1788 16297 I ADB_SERVICES: host-20: write_transport thread send CNXN, (count=2), active(1)
06-22 17:05:45.265  1788 16297 I ADB_SERVICES: host-20: write_transport sent CNXN
06-22 17:05:45.375  1788  1788 I ADB_SERVICES: service_to_fd root:
